Archive member included to satisfy reference by file (symbol)

d:/ebs/5.4 2016q3/bin/../lib/gcc/arm-none-eabi/5.4.1/armv7e-m\libgcc.a(_arm_addsubdf3.o)
                              app.o (__aeabi_dsub)
d:/ebs/5.4 2016q3/bin/../lib/gcc/arm-none-eabi/5.4.1/armv7e-m\libgcc.a(_arm_muldivdf3.o)
                              app.o (__aeabi_ddiv)
d:/ebs/5.4 2016q3/bin/../lib/gcc/arm-none-eabi/5.4.1/armv7e-m\libgcc.a(_arm_cmpdf2.o)
                              app.o (__aeabi_dcmplt)
d:/ebs/5.4 2016q3/bin/../lib/gcc/arm-none-eabi/5.4.1/armv7e-m\libgcc.a(_arm_addsubsf3.o)
                              ../XMCLIB/src/xmc4_scu.o (__aeabi_ui2f)
d:/ebs/5.4 2016q3/bin/../lib/gcc/arm-none-eabi/5.4.1/armv7e-m\libgcc.a(_arm_muldivsf3.o)
                              ../XMCLIB/src/xmc4_scu.o (__aeabi_fmul)
d:/ebs/5.4 2016q3/bin/../lib/gcc/arm-none-eabi/5.4.1/armv7e-m\libgcc.a(_arm_fixunssfsi.o)
                              ../XMCLIB/src/xmc4_scu.o (__aeabi_f2uiz)
d:/ebs/5.4 2016q3/bin/../lib/gcc/arm-none-eabi/5.4.1/armv7e-m\libgcc.a(_aeabi_uldivmod.o)
                              ./BSP/cpu_bsp.o (__aeabi_uldivmod)
d:/ebs/5.4 2016q3/bin/../lib/gcc/arm-none-eabi/5.4.1/armv7e-m\libgcc.a(_udivmoddi4.o)
                              d:/ebs/5.4 2016q3/bin/../lib/gcc/arm-none-eabi/5.4.1/armv7e-m\libgcc.a(_aeabi_uldivmod.o) (__udivmoddi4)
d:/ebs/5.4 2016q3/bin/../lib/gcc/arm-none-eabi/5.4.1/armv7e-m\libgcc.a(_dvmd_tls.o)
                              d:/ebs/5.4 2016q3/bin/../lib/gcc/arm-none-eabi/5.4.1/armv7e-m\libgcc.a(_aeabi_uldivmod.o) (__aeabi_ldiv0)
d:/ebs/5.4 2016q3/bin/../lib/gcc/arm-none-eabi/5.4.1/../../../../arm-none-eabi/lib/armv7e-m\libg.a(lib_a-atoi.o)
                              app.o (atoi)
d:/ebs/5.4 2016q3/bin/../lib/gcc/arm-none-eabi/5.4.1/../../../../arm-none-eabi/lib/armv7e-m\libg.a(lib_a-init.o)
                              ./BSP/startup.o (__libc_init_array)
d:/ebs/5.4 2016q3/bin/../lib/gcc/arm-none-eabi/5.4.1/../../../../arm-none-eabi/lib/armv7e-m\libg.a(lib_a-memcpy.o)
                              app.o (memcpy)
d:/ebs/5.4 2016q3/bin/../lib/gcc/arm-none-eabi/5.4.1/../../../../arm-none-eabi/lib/armv7e-m\libg.a(lib_a-memset.o)
                              app.o (memset)
d:/ebs/5.4 2016q3/bin/../lib/gcc/arm-none-eabi/5.4.1/../../../../arm-none-eabi/lib/armv7e-m\libg.a(lib_a-printf.o)
                              app.o (printf)
d:/ebs/5.4 2016q3/bin/../lib/gcc/arm-none-eabi/5.4.1/../../../../arm-none-eabi/lib/armv7e-m\libg.a(lib_a-puts.o)
                              app.o (puts)
d:/ebs/5.4 2016q3/bin/../lib/gcc/arm-none-eabi/5.4.1/../../../../arm-none-eabi/lib/armv7e-m\libg.a(lib_a-sprintf.o)
                              app.o (sprintf)
d:/ebs/5.4 2016q3/bin/../lib/gcc/arm-none-eabi/5.4.1/../../../../arm-none-eabi/lib/armv7e-m\libg.a(lib_a-strlen.o)
                              d:/ebs/5.4 2016q3/bin/../lib/gcc/arm-none-eabi/5.4.1/../../../../arm-none-eabi/lib/armv7e-m\libg.a(lib_a-puts.o) (strlen)
d:/ebs/5.4 2016q3/bin/../lib/gcc/arm-none-eabi/5.4.1/../../../../arm-none-eabi/lib/armv7e-m\libg.a(lib_a-strtol.o)
                              d:/ebs/5.4 2016q3/bin/../lib/gcc/arm-none-eabi/5.4.1/../../../../arm-none-eabi/lib/armv7e-m\libg.a(lib_a-atoi.o) (_strtol_r)
d:/ebs/5.4 2016q3/bin/../lib/gcc/arm-none-eabi/5.4.1/../../../../arm-none-eabi/lib/armv7e-m\libg.a(lib_a-svfprintf.o)
                              d:/ebs/5.4 2016q3/bin/../lib/gcc/arm-none-eabi/5.4.1/../../../../arm-none-eabi/lib/armv7e-m\libg.a(lib_a-sprintf.o) (_svfprintf_r)
d:/ebs/5.4 2016q3/bin/../lib/gcc/arm-none-eabi/5.4.1/../../../../arm-none-eabi/lib/armv7e-m\libg.a(lib_a-vfprintf.o)
                              d:/ebs/5.4 2016q3/bin/../lib/gcc/arm-none-eabi/5.4.1/../../../../arm-none-eabi/lib/armv7e-m\libg.a(lib_a-printf.o) (_vfprintf_r)
d:/ebs/5.4 2016q3/bin/../lib/gcc/arm-none-eabi/5.4.1/../../../../arm-none-eabi/lib/armv7e-m\libg.a(lib_a-wsetup.o)
                              d:/ebs/5.4 2016q3/bin/../lib/gcc/arm-none-eabi/5.4.1/../../../../arm-none-eabi/lib/armv7e-m\libg.a(lib_a-vfprintf.o) (__swsetup_r)
d:/ebs/5.4 2016q3/bin/../lib/gcc/arm-none-eabi/5.4.1/../../../../arm-none-eabi/lib/armv7e-m\libg.a(lib_a-dtoa.o)
                              d:/ebs/5.4 2016q3/bin/../lib/gcc/arm-none-eabi/5.4.1/../../../../arm-none-eabi/lib/armv7e-m\libg.a(lib_a-svfprintf.o) (_dtoa_r)
d:/ebs/5.4 2016q3/bin/../lib/gcc/arm-none-eabi/5.4.1/../../../../arm-none-eabi/lib/armv7e-m\libg.a(lib_a-fflush.o)
                              d:/ebs/5.4 2016q3/bin/../lib/gcc/arm-none-eabi/5.4.1/../../../../arm-none-eabi/lib/armv7e-m\libg.a(lib_a-vfprintf.o) (_fflush_r)
d:/ebs/5.4 2016q3/bin/../lib/gcc/arm-none-eabi/5.4.1/../../../../arm-none-eabi/lib/armv7e-m\libg.a(lib_a-findfp.o)
                              d:/ebs/5.4 2016q3/bin/../lib/gcc/arm-none-eabi/5.4.1/../../../../arm-none-eabi/lib/armv7e-m\libg.a(lib_a-puts.o) (__sinit)
d:/ebs/5.4 2016q3/bin/../lib/gcc/arm-none-eabi/5.4.1/../../../../arm-none-eabi/lib/armv7e-m\libg.a(lib_a-freer.o)
[...]
Memory Configuration

Name             Origin             Length             Attributes
FLASH1_cached    0x08000000         0x00100000         xr
FLASH1_uncached  0x0c000000         0x00100000         xr
PSRAM1           0x10000000         0x00010000         xrw
DSRAM1_system    0x20000000         0x00010000         xrw
DSRAM2_comm      0x30000000         0x00008000         xrw
MEMORY_B1        0x60000000         0x00000000         xr
*default*        0x00000000         0xffffffff

Linker script and memory map

LOAD app.o
LOAD os_app_hooks.o
LOAD mylib.o
LOAD mcp23s08_drv.o
LOAD ../UCOS3/uC-CPU/cpu_core.o
LOAD ../UCOS3/uC-CPU/ARM-Cortex-M4/GNU/cpu_c.o
LOAD ../UCOS3/uC-LIB/lib_mem.o
LOAD ../UCOS3/uC-LIB/lib_ascii.o
LOAD ../UCOS3/uC-LIB/lib_math.o
LOAD ../UCOS3/uC-LIB/lib_str.o
LOAD ../UCOS3/uCOS-III/Source/os_q.o
LOAD ../UCOS3/uCOS-III/Source/os_int.o
LOAD ../UCOS3/uCOS-III/Source/os_task.o
LOAD ../UCOS3/uCOS-III/Source/os_msg.o
LOAD ../UCOS3/uCOS-III/Source/os_core.o
LOAD ../UCOS3/uCOS-III/Source/os_tick.o
LOAD ../UCOS3/uCOS-III/Source/os_flag.o
LOAD ../UCOS3/uCOS-III/Source/os_stat.o
LOAD ../UCOS3/uCOS-III/Source/os_prio.o
LOAD ../UCOS3/uCOS-III/Source/os_var.o
LOAD ../UCOS3/uCOS-III/Source/os_time.o
LOAD ../UCOS3/uCOS-III/Source/os_cfg_app.o
LOAD ../UCOS3/uCOS-III/Source/os_sem.o
LOAD ../UCOS3/uCOS-III/Source/os_mutex.o
LOAD ../UCOS3/uCOS-III/Source/os_dbg.o
LOAD ../UCOS3/uCOS-III/Source/os_pend_multi.o
LOAD ../UCOS3/uCOS-III/Source/os_mem.o
LOAD ../UCOS3/uCOS-III/Source/os_tmr.o
LOAD ../UCOS3/uCOS-III/Ports/ARM-Cortex-M4/Generic/GNU/os_cpu_c.o
LOAD ./BSP/RTT_Syscalls_GCC.o
LOAD ./BSP/SEGGER_RTT_printf.o
LOAD ./BSP/SEGGER_RTT.o
LOAD ./BSP/bsp_ccu4.o
LOAD ./BSP/bsp_int.o
LOAD ./BSP/bsp_gpio.o
LOAD ./BSP/bsp_spi.o
LOAD ./BSP/bsp_uart.o
LOAD ./BSP/bsp_sys.o
LOAD ./BSP/bsp.o
LOAD ./BSP/debug_lib.o
LOAD ./BSP/cpu_bsp.o
LOAD ../CMSIS/CMSIS/Infineon/Lib/System_LibcStubs.o
LOAD ../CMSIS/CMSIS/Infineon/XMC4500_series/Source/System_XMC4500.o
LOAD ../XMCLIB/src/xmc_dma.o
LOAD ../XMCLIB/src/xmc_usic.o
LOAD ../XMCLIB/src/xmc_math.o
LOAD ../XMCLIB/src/xmc_common.o
LOAD ../XMCLIB/src/xmc_ccu4.o
LOAD ../XMCLIB/src/xmc_prng.o
LOAD ../XMCLIB/src/xmc4_scu.o
LOAD ../XMCLIB/src/xmc_wdt.o
LOAD ../XMCLIB/src/xmc_i2s.o
LOAD ../XMCLIB/src/xmc_fce.o
LOAD ../XMCLIB/src/xmc_pau.o
LOAD ../XMCLIB/src/xmc_spi.o
LOAD ../XMCLIB/src/xmc_uart.o
LOAD ../XMCLIB/src/xmc_ccu8.o
LOAD ../XMCLIB/src/xmc_usbd.o
LOAD ../XMCLIB/src/xmc_i2c.o
LOAD ../XMCLIB/src/xmc_hrpwm.o
LOAD ../XMCLIB/src/xmc4_flash.o
LOAD ../XMCLIB/src/xmc_ledts.o
LOAD ../XMCLIB/src/xmc_ebu.o
LOAD ../XMCLIB/src/xmc_can.o
LOAD ../XMCLIB/src/xmc_eru.o
LOAD ../XMCLIB/src/xmc_vadc.o
LOAD ../XMCLIB/src/xmc_ecat.o
LOAD ../XMCLIB/src/xmc4_eru.o
LOAD ../XMCLIB/src/xmc_gpio.o
LOAD ../XMCLIB/src/xmc_bccu.o
LOAD ../XMCLIB/src/xmc_eth_mac.o
LOAD ../XMCLIB/src/xmc4_gpio.o
LOAD ../XMCLIB/src/xmc_acmp.o
LOAD ../XMCLIB/src/xmc_dac.o
LOAD ../XMCLIB/src/xmc_rtc.o
LOAD ../XMCLIB/src/xmc_dsd.o
LOAD ../XMCLIB/src/xmc_sdmmc.o
LOAD ../XMCLIB/src/xmc4_rtc.o
LOAD ../XMCLIB/src/xmc_posif.o
LOAD ./BSP/startup.o
LOAD ../UCOS3/uCOS-III/Ports/ARM-Cortex-M4/Generic/GNU/os_cpu_a.o
LOAD ../UCOS3/uC-CPU/ARM-Cortex-M4/GNU/cpu_a.o
LOAD ../UCOS3/uC-LIB/Ports/ARM-Cortex-M4/GNU/lib_mem_a.o
LOAD ../CMSIS/CMSIS/Infineon/XMC4500_series/Source/GCC/startup_XMC4500.o
LOAD ../CMSIS/CMSIS/Lib/GCC\libarm_cortexM4_mathL_2.a
LOAD ../CMSIS/CMSIS/Infineon/Lib\libxmclibcstubs.a
LOAD d:/ebs/5.4 2016q3/bin/../lib/gcc/arm-none-eabi/5.4.1/../../../../arm-none-eabi/lib/armv7e-m\libm.a
START GROUP
LOAD d:/ebs/5.4 2016q3/bin/../lib/gcc/arm-none-eabi/5.4.1/armv7e-m\libgcc.a
LOAD d:/ebs/5.4 2016q3/bin/../lib/gcc/arm-none-eabi/5.4.1/../../../../arm-none-eabi/lib/armv7e-m\libg.a
LOAD d:/ebs/5.4 2016q3/bin/../lib/gcc/arm-none-eabi/5.4.1/../../../../arm-none-eabi/lib/armv7e-m\libc.a
END GROUP
                0x20010000                _estack = 0x20010000
                0x00000000                _Min_Heap_Size = 0x0
                0x00000200                _Min_Stack_Size = 0x200

.isr_vector     0x08000000      0x200
                0x08000000                . = ALIGN (0x4)
                0x08000000                _isr_vector = .
 *(.isr_vector)
 .isr_vector    0x08000000      0x200 ./BSP/startup.o
                0x08000000                g_pfnVectors
                0x08000200                . = ALIGN (0x4)

.text           0x08000200     0xe628
                0x08000200                . = ALIGN (0x4)
 *(.text)
 .text          0x08000200       0xd8 ../UCOS3/uCOS-III/Ports/ARM-Cortex-M4/Generic/GNU/os_cpu_a.o
                0x08000200                OSStartHighRdy
                0x08000270                OSCtxSw
                0x0800027a                OSIntCtxSw
                0x08000284                OS_CPU_PendSVHandler
 .text          0x080002d8       0x34 ../UCOS3/uC-CPU/ARM-Cortex-M4/GNU/cpu_a.o
                0x080002d8                CPU_IntDis
                0x080002dc                CPU_IntEn
                0x080002e0                CPU_SR_Save
                0x080002e8                CPU_SR_Restore
                0x080002ee                CPU_WaitForInt
                0x080002f2                CPU_WaitForExcept
                0x080002f6                CPU_CntLeadZeros
                0x080002fc                CPU_CntTrailZeros
                0x08000306                CPU_RevBits
 .text          0x0800030c      0x370 d:/ebs/5.4 2016q3/bin/../lib/gcc/arm-none-eabi/5.4.1/armv7e-m\libgcc.a(_arm_addsubdf3.o)
                0x0800030c                __aeabi_drsub
                0x08000314                __aeabi_dsub
                0x08000314                __subdf3
                0x08000318                __aeabi_dadd
                0x08000318                __adddf3
                0x08000590                __floatunsidf
                0x08000590                __aeabi_ui2d
                0x080005b0                __floatsidf
                0x080005b0                __aeabi_i2d
                0x080005d4                __aeabi_f2d
                0x080005d4                __extendsfdf2
                0x08000610                __floatundidf
                0x08000610                __aeabi_ul2d
                0x08000620                __floatdidf
                0x08000620                __aeabi_l2d
 .text          0x0800067c      0x424 d:/ebs/5.4 2016q3/bin/../lib/gcc/arm-none-eabi/5.4.1/armv7e-m\libgcc.a(_arm_muldivdf3.o)
                0x0800067c                __aeabi_dmul
                0x0800067c                __muldf3
                0x080008d0                __divdf3
                0x080008d0                __aeabi_ddiv
 .text          0x08000aa0      0x110 d:/ebs/5.4 2016q3/bin/../lib/gcc/arm-none-eabi/5.4.1/armv7e-m\libgcc.a(_arm_cmpdf2.o)
                0x08000aa0                __gtdf2
                0x08000aa0                __gedf2
                0x08000aa8                __ltdf2
                0x08000aa8                __ledf2
                0x08000ab0                __nedf2
                0x08000ab0                __eqdf2
                0x08000ab0                __cmpdf2
                0x08000b2c                __aeabi_cdrcmple
                0x08000b3c                __aeabi_cdcmpeq
                0x08000b3c                __aeabi_cdcmple
                0x08000b4c                __aeabi_dcmpeq
                0x08000b60                __aeabi_dcmplt
                0x08000b74                __aeabi_dcmple
                0x08000b88                __aeabi_dcmpge
                0x08000b9c                __aeabi_dcmpgt
 .text          0x08000bb0       0x30 d:/ebs/5.4 2016q3/bin/../lib/gcc/arm-none-eabi/5.4.1/armv7e-m\libgcc.a(_aeabi_uldivmod.o)
                0x08000bb0                __aeabi_uldivmod
 .text          0x08000be0      0x2e4 d:/ebs/5.4 2016q3/bin/../lib/gcc/arm-none-eabi/5.4.1/armv7e-m\libgcc.a(_udivmoddi4.o)
                0x08000be0                __udivmoddi4
 .text          0x08000ec4        0x4 d:/ebs/5.4 2016q3/bin/../lib/gcc/arm-none-eabi/5.4.1/armv7e-m\libgcc.a(_dvmd_tls.o)
                0x08000ec4                __aeabi_idiv0
                0x08000ec4                __aeabi_ldiv0
 .text          0x08000ec8      0x134 d:/ebs/5.4 2016q3/bin/../lib/gcc/arm-none-eabi/5.4.1/../../../../arm-none-eabi/lib/armv7e-m\libg.a(lib_a-memcpy.o)
                0x08000ec8                memcpy
 *fill*         0x08000ffc        0x4 
 .text          0x08001000       0xdc d:/ebs/5.4 2016q3/bin/../lib/gcc/arm-none-eabi/5.4.1/../../../../arm-none-eabi/lib/armv7e-m\libg.a(lib_a-strlen.o)
                0x08001000                strlen
 *fill*         0x080010dc        0x4 
 .text          0x080010e0       0xa0 d:/ebs/5.4 2016q3/bin/../lib/gcc/arm-none-eabi/5.4.1/../../../../arm-none-eabi/lib/armv7e-m\libg.a(lib_a-memchr.o)
                0x080010e0                memchr
 .text          0x08001180       0x2c d:/ebs/5.4 2016q3/bin/../lib/gcc/arm-none-eabi/5.4.1/armv7e-m\libgcc.a(_arm_unorddf2.o)
                0x08001180                __unorddf2
                0x08001180                __aeabi_dcmpun
 .text          0x080011ac       0x50 d:/ebs/5.4 2016q3/bin/../lib/gcc/arm-none-eabi/5.4.1/armv7e-m\libgcc.a(_arm_fixdfsi.o)
                0x080011ac                __aeabi_d2iz
                0x080011ac                __fixdfsi
 *(.text*)
 .text.main     0x080011fc       0x98 app.o
                0x080011fc                main
 .text.AppTaskStart
                0x08001294       0x94 app.o
 .text.AppObjCreate
                0x08001328       0xfc app.o
 .text.AppTaskCreate
                0x08001424       0xb0 app.o
 .text.AppTaskCom
                0x080014d4      0x2d8 app.o
 .text.AppTaskStepper
                0x080017ac      0x3d4 app.o
                0x080017ac                AppTaskStepper
 .text.XMC_GPIO_GetInput
                0x08001b80       0x24 mylib.o
 .text.debounce
                0x08001ba4       0x34 mylib.o
                0x08001ba4                debounce
 .text.pen_up   0x08001bd8       0x10 mylib.o
                0x08001bd8                pen_up
 .text.pen_down
                0x08001be8       0x10 mylib.o
                0x08001be8                pen_down
 .text.diagonal
                0x08001bf8       0x44 mylib.o
                0x08001bf8                diagonal
 .text.drawline
                0x08001c3c       0xe8 mylib.o
                0x08001c3c                drawline
 .text.XMC_GPIO_SetOutputHigh
                0x08001d24       0x20 mcp23s08_drv.o
 .text.XMC_GPIO_SetOutputLow
                0x08001d44       0x24 mcp23s08_drv.o
 .text._mcp23s08_reset_ss
                0x08001d68       0x20 mcp23s08_drv.o
                0x08001d68                _mcp23s08_reset_ss
 .text._mcp23s08_set_ss
                0x08001d88       0x20 mcp23s08_drv.o
                0x08001d88                _mcp23s08_set_ss
 .text._mcp23s08_reset
                0x08001da8       0x20 mcp23s08_drv.o
                0x08001da8                _mcp23s08_reset
 .text._mcp23s08_reg_xfer
                0x08001dc8       0xb0 mcp23s08_drv.o
                0x08001dc8                _mcp23s08_reg_xfer
 .text._mcp23s08_step_negy
                0x08001e78       0x74 mcp23s08_drv.o
                0x08001e78                _mcp23s08_step_negy
 .text._mcp23s08_step_posy
                0x08001eec       0x74 mcp23s08_drv.o
                0x08001eec                _mcp23s08_step_posy
 .text._mcp23s08_step_posx
                0x08001f60       0x74 mcp23s08_drv.o
                0x08001f60                _mcp23s08_step_posx
 .text._mcp23s08_step_negx
                0x08001fd4       0x74 mcp23s08_drv.o
                0x08001fd4                _mcp23s08_step_negx
 .text._mcp23s08_goto_0_0
                0x08002048       0x44 mcp23s08_drv.o
                0x08002048                _mcp23s08_goto_0_0
 .text._mcp23s08_Plotter_Init
                0x0800208c       0x14 mcp23s08_drv.o
                0x0800208c                _mcp23s08_Plotter_Init
 .text._mcp23s08_config_gpio
                0x080020a0       0x2c mcp23s08_drv.o
                0x080020a0                _mcp23s08_config_gpio
 .text.CPU_Init
                0x080020cc       0x10 ../UCOS3/uC-CPU/cpu_core.o
                0x080020cc                CPU_Init
 .text.CPU_SW_Exception
                0x080020dc        0x8 ../UCOS3/uC-CPU/cpu_core.o
                0x080020dc                CPU_SW_Exception
 .text.CPU_NameClr
                0x080020e4       0x2c ../UCOS3/uC-CPU/cpu_core.o
                0x080020e4                CPU_NameClr
 .text.CPU_TS_TmrFreqSet
                0x08002110       0x1c ../UCOS3/uC-CPU/cpu_core.o
                0x08002110                CPU_TS_TmrFreqSet
 .text.CPU_NameInit
                0x0800212c        0xc ../UCOS3/uC-CPU/cpu_core.o
 .text.CPU_TS_Init
                0x08002138       0x18 ../UCOS3/uC-CPU/cpu_core.o
 .text.CPU_IntSrcEn
                0x08002150      0x14c ../UCOS3/uC-CPU/ARM-Cortex-M4/GNU/cpu_c.o
                0x08002150                CPU_IntSrcEn
 .text.Mem_Init
                0x0800229c       0x4c ../UCOS3/uC-LIB/lib_mem.o
                0x0800229c                Mem_Init
 .text.Mem_Clr  0x080022e8       0x1c ../UCOS3/uC-LIB/lib_mem.o
                0x080022e8                Mem_Clr
 .text.Mem_Set  0x08002304       0xb4 ../UCOS3/uC-LIB/lib_mem.o
                0x08002304                Mem_Set
 .text.Mem_SegCreate
                0x080023b8       0x40 ../UCOS3/uC-LIB/lib_mem.o
                0x080023b8                Mem_SegCreate
 .text.Mem_SegCreateCritical
                0x080023f8       0x48 ../UCOS3/uC-LIB/lib_mem.o
 .text.Math_Init
                0x08002440       0x10 ../UCOS3/uC-LIB/lib_math.o
                0x08002440                Math_Init
 .text.Math_RandSetSeed
                0x08002450       0x2c ../UCOS3/uC-LIB/lib_math.o
                0x08002450                Math_RandSetSeed
 .text.OSQCreate
                0x0800247c       0xa0 ../UCOS3/uCOS-III/Source/os_q.o
                0x0800247c                OSQCreate
 .text.OSQPend  0x0800251c      0x1f0 ../UCOS3/uCOS-III/Source/os_q.o
                0x0800251c                OSQPend
 .text.OSQPost  0x0800270c       0xb0 ../UCOS3/uCOS-III/Source/os_q.o
                0x0800270c                OSQPost
 .text.OS_QDbgListAdd
                0x080027bc       0x4c ../UCOS3/uCOS-III/Source/os_q.o
                0x080027bc                OS_QDbgListAdd
 .text.OS_QInit
                0x08002808       0x2c ../UCOS3/uCOS-III/Source/os_q.o
                0x08002808                OS_QInit
 .text.OS_QPost
                0x08002834       0xd0 ../UCOS3/uCOS-III/Source/os_q.o
                0x08002834                OS_QPost
 .text.OSTaskCreate
                0x08002904      0x1fc ../UCOS3/uCOS-III/Source/os_task.o
                0x08002904                OSTaskCreate
 .text.OSTaskResume
                0x08002b00       0x64 ../UCOS3/uCOS-III/Source/os_task.o
                0x08002b00                OSTaskResume
 .text.OSTaskSemPend
                0x08002b64      0x1e0 ../UCOS3/uCOS-III/Source/os_task.o
                0x08002b64                OSTaskSemPend
 .text.OSTaskSemPost
                0x08002d44       0x48 ../UCOS3/uCOS-III/Source/os_task.o
                0x08002d44                OSTaskSemPost
 .text.OSTaskStkChk
                0x08002d8c       0xf0 ../UCOS3/uCOS-III/Source/os_task.o
                0x08002d8c                OSTaskStkChk
 .text.OSTaskSuspend
                0x08002e7c       0x44 ../UCOS3/uCOS-III/Source/os_task.o
                0x08002e7c                OSTaskSuspend
 .text.OS_TaskDbgListAdd
                0x08002ec0       0x4c ../UCOS3/uCOS-III/Source/os_task.o
                0x08002ec0                OS_TaskDbgListAdd
 .text.OS_TaskInit
                0x08002f0c       0x38 ../UCOS3/uCOS-III/Source/os_task.o
                0x08002f0c                OS_TaskInit
 .text.OS_TaskInitTCB
                0x08002f44      0x19c ../UCOS3/uCOS-III/Source/os_task.o
                0x08002f44                OS_TaskInitTCB
 .text.OS_TaskResume
                0x080030e0      0x124 ../UCOS3/uCOS-III/Source/os_task.o
                0x080030e0                OS_TaskResume
 .text.OS_TaskReturn
                0x08003204       0x28 ../UCOS3/uCOS-III/Source/os_task.o
                0x08003204                OS_TaskReturn
 .text.OS_TaskSemPost
                0x0800322c      0x128 ../UCOS3/uCOS-III/Source/os_task.o
                0x0800322c                OS_TaskSemPost
 .text.OS_TaskSuspend
                0x08003354      0x118 ../UCOS3/uCOS-III/Source/os_task.o
                0x08003354                OS_TaskSuspend
 .text.OS_TaskChangePrio
                0x0800346c      0x148 ../UCOS3/uCOS-III/Source/os_task.o
                0x0800346c                OS_TaskChangePrio
 .text.OS_MsgPoolInit
                0x080035b4       0xcc ../UCOS3/uCOS-III/Source/os_msg.o
                0x080035b4                OS_MsgPoolInit
 .text.OS_MsgQInit
                0x08003680       0x34 ../UCOS3/uCOS-III/Source/os_msg.o
                0x08003680                OS_MsgQInit
 .text.OS_MsgQGet
                0x080036b4       0xbc ../UCOS3/uCOS-III/Source/os_msg.o
                0x080036b4                OS_MsgQGet
 .text.OS_MsgQPut
                0x08003770      0x110 ../UCOS3/uCOS-III/Source/os_msg.o
                0x08003770                OS_MsgQPut
 .text.OSInit   0x08003880      0x1e4 ../UCOS3/uCOS-III/Source/os_core.o
                0x08003880                OSInit
 .text.OSIntEnter
                0x08003a64       0x38 ../UCOS3/uCOS-III/Source/os_core.o
                0x08003a64                OSIntEnter
 .text.OSIntExit
                0x08003a9c       0xd8 ../UCOS3/uCOS-III/Source/os_core.o
                0x08003a9c                OSIntExit
 .text.OSSched  0x08003b74       0xa8 ../UCOS3/uCOS-III/Source/os_core.o
                0x08003b74                OSSched
 .text.OSSchedLock
                0x08003c1c       0x78 ../UCOS3/uCOS-III/Source/os_core.o
                0x08003c1c                OSSchedLock
 .text.OSSchedUnlock
                0x08003c94       0x94 ../UCOS3/uCOS-III/Source/os_core.o
                0x08003c94                OSSchedUnlock
 .text.OSStart  0x08003d28       0x80 ../UCOS3/uCOS-III/Source/os_core.o
                0x08003d28                OSStart
 .text.OS_IdleTask
                0x08003da8       0x3c ../UCOS3/uCOS-III/Source/os_core.o
                0x08003da8                OS_IdleTask
 .text.OS_IdleTaskInit
                0x08003de4       0x68 ../UCOS3/uCOS-III/Source/os_core.o
                0x08003de4                OS_IdleTaskInit
 .text.OS_Pend  0x08003e4c       0x84 ../UCOS3/uCOS-III/Source/os_core.o
                0x08003e4c                OS_Pend
 .text.OS_PendDataInit
                0x08003ed0       0x6c ../UCOS3/uCOS-III/Source/os_core.o
                0x08003ed0                OS_PendDataInit
 .text.OS_PendDbgNameAdd
                0x08003f3c       0x7c ../UCOS3/uCOS-III/Source/os_core.o
                0x08003f3c                OS_PendDbgNameAdd
 .text.OS_PendDbgNameRemove
                0x08003fb8       0x48 ../UCOS3/uCOS-III/Source/os_core.o
                0x08003fb8                OS_PendDbgNameRemove
 .text.OS_PendListChangePrio
                0x08004000       0x58 ../UCOS3/uCOS-III/Source/os_core.o
                0x08004000                OS_PendListChangePrio
 .text.OS_PendListInit
                0x08004058       0x24 ../UCOS3/uCOS-III/Source/os_core.o
                0x08004058                OS_PendListInit
 .text.OS_PendListInsertPrio
                0x0800407c       0xe8 ../UCOS3/uCOS-III/Source/os_core.o
                0x0800407c                OS_PendListInsertPrio
 .text.OS_PendListRemove
                0x08004164       0x54 ../UCOS3/uCOS-III/Source/os_core.o
                0x08004164                OS_PendListRemove
 .text.OS_PendListRemove1
                0x080041b8       0x94 ../UCOS3/uCOS-III/Source/os_core.o
                0x080041b8                OS_PendListRemove1
 .text.OS_Post  0x0800424c      0x130 ../UCOS3/uCOS-III/Source/os_core.o
                0x0800424c                OS_Post
 .text.OS_Post1
                0x0800437c       0x60 ../UCOS3/uCOS-III/Source/os_core.o
                0x0800437c                OS_Post1
 .text.OS_RdyListInit
                0x080043dc       0x48 ../UCOS3/uCOS-III/Source/os_core.o
                0x080043dc                OS_RdyListInit
 .text.OS_RdyListInsert
                0x08004424       0x3c ../UCOS3/uCOS-III/Source/os_core.o
                0x08004424                OS_RdyListInsert
 .text.OS_RdyListInsertHead
                0x08004460       0x80 ../UCOS3/uCOS-III/Source/os_core.o
                0x08004460                OS_RdyListInsertHead
 .text.OS_RdyListInsertTail
                0x080044e0       0x80 ../UCOS3/uCOS-III/Source/os_core.o
                0x080044e0                OS_RdyListInsertTail
 .text.OS_RdyListRemove
                0x08004560       0xb0 ../UCOS3/uCOS-III/Source/os_core.o
                0x08004560                OS_RdyListRemove
 .text.OS_SchedLockTimeMeasStart
                0x08004610       0x24 ../UCOS3/uCOS-III/Source/os_core.o
                0x08004610                OS_SchedLockTimeMeasStart
 .text.OS_SchedLockTimeMeasStop
                0x08004634       0x54 ../UCOS3/uCOS-III/Source/os_core.o
                0x08004634                OS_SchedLockTimeMeasStop
 .text.OS_TaskBlock
                0x08004688       0x40 ../UCOS3/uCOS-III/Source/os_core.o
                0x08004688                OS_TaskBlock
 .text.OS_TickTask
                0x080046c8       0x64 ../UCOS3/uCOS-III/Source/os_tick.o
                0x080046c8                OS_TickTask
 .text.OS_TickTaskInit
                0x0800472c       0xd8 ../UCOS3/uCOS-III/Source/os_tick.o
                0x0800472c                OS_TickTaskInit
 .text.OS_TickListInsert
                0x08004804      0x12c ../UCOS3/uCOS-III/Source/os_tick.o
                0x08004804                OS_TickListInsert
 .text.OS_TickListInsertDly
                0x08004930      0x108 ../UCOS3/uCOS-III/Source/os_tick.o
                0x08004930                OS_TickListInsertDly
 .text.OS_TickListRemove
                0x08004a38       0xc8 ../UCOS3/uCOS-III/Source/os_tick.o
                0x08004a38                OS_TickListRemove
 .text.OS_TickListResetPeak
                0x08004b00        0xc ../UCOS3/uCOS-III/Source/os_tick.o
                0x08004b00                OS_TickListResetPeak
 .text.OS_TickListUpdateDly
                0x08004b0c       0xc4 ../UCOS3/uCOS-III/Source/os_tick.o
 .text.OS_TickListUpdateTimeout
                0x08004bd0      0x164 ../UCOS3/uCOS-III/Source/os_tick.o
 .text.OS_FlagInit
                0x08004d34       0x2c ../UCOS3/uCOS-III/Source/os_flag.o
                0x08004d34                OS_FlagInit
 .text.OSStatReset
                0x08004d60      0x130 ../UCOS3/uCOS-III/Source/os_stat.o
                0x08004d60                OSStatReset
 .text.OSStatTaskCPUUsageInit
                0x08004e90       0xfc ../UCOS3/uCOS-III/Source/os_stat.o
                0x08004e90                OSStatTaskCPUUsageInit
 .text.OS_StatTask
                0x08004f8c      0x314 ../UCOS3/uCOS-III/Source/os_stat.o
                0x08004f8c                OS_StatTask
 .text.OS_StatTaskInit
                0x080052a0       0xd4 ../UCOS3/uCOS-III/Source/os_stat.o
                0x080052a0                OS_StatTaskInit
 .text.OS_PrioInit
                0x08005374       0x30 ../UCOS3/uCOS-III/Source/os_prio.o
                0x08005374                OS_PrioInit
 .text.OS_PrioGetHighest
                0x080053a4       0x48 ../UCOS3/uCOS-III/Source/os_prio.o
                0x080053a4                OS_PrioGetHighest
 .text.OS_PrioInsert
                0x080053ec       0x4c ../UCOS3/uCOS-III/Source/os_prio.o
                0x080053ec                OS_PrioInsert
 .text.OS_PrioRemove
                0x08005438       0x50 ../UCOS3/uCOS-III/Source/os_prio.o
                0x08005438                OS_PrioRemove
 .text.OSTimeDly
                0x08005488       0xd8 ../UCOS3/uCOS-III/Source/os_time.o
                0x08005488                OSTimeDly
 .text.OSTimeTick
                0x08005560       0x54 ../UCOS3/uCOS-III/Source/os_time.o
                0x08005560                OSTimeTick
 .text.OSCfg_Init
                0x080055b4        0xc ../UCOS3/uCOS-III/Source/os_cfg_app.o
                0x080055b4                OSCfg_Init
 .text.OS_SemInit
                0x080055c0       0x2c ../UCOS3/uCOS-III/Source/os_sem.o
                0x080055c0                OS_SemInit
 .text.OSMutexCreate
                0x080055ec       0x98 ../UCOS3/uCOS-III/Source/os_mutex.o
                0x080055ec                OSMutexCreate
 .text.OSMutexPend
                0x08005684      0x210 ../UCOS3/uCOS-III/Source/os_mutex.o
                0x08005684                OSMutexPend
 .text.OSMutexPost
                0x08005894      0x1b8 ../UCOS3/uCOS-III/Source/os_mutex.o
                0x08005894                OSMutexPost
 .text.OS_MutexDbgListAdd
                0x08005a4c       0x4c ../UCOS3/uCOS-III/Source/os_mutex.o
                0x08005a4c                OS_MutexDbgListAdd
 .text.OS_MutexInit
                0x08005a98       0x2c ../UCOS3/uCOS-III/Source/os_mutex.o
                0x08005a98                OS_MutexInit
 .text.OS_MutexGrpAdd
                0x08005ac4       0x24 ../UCOS3/uCOS-III/Source/os_mutex.o
                0x08005ac4                OS_MutexGrpAdd
 .text.OS_MutexGrpRemove
                0x08005ae8       0x38 ../UCOS3/uCOS-III/Source/os_mutex.o
                0x08005ae8                OS_MutexGrpRemove
 .text.OS_MutexGrpPrioFindHighest
                0x08005b20       0x54 ../UCOS3/uCOS-III/Source/os_mutex.o
                0x08005b20                OS_MutexGrpPrioFindHighest
 .text.OS_Dbg_Init
                0x08005b74      0x238 ../UCOS3/uCOS-III/Source/os_dbg.o
                0x08005b74                OS_Dbg_Init
 .text.OSMemCreate
                0x08005dac      0x120 ../UCOS3/uCOS-III/Source/os_mem.o
                0x08005dac                OSMemCreate
 .text.OSMemGet
                0x08005ecc       0x70 ../UCOS3/uCOS-III/Source/os_mem.o
                0x08005ecc                OSMemGet
 .text.OSMemPut
                0x08005f3c       0x80 ../UCOS3/uCOS-III/Source/os_mem.o
                0x08005f3c                OSMemPut
 .text.OS_MemDbgListAdd
                0x08005fbc       0x44 ../UCOS3/uCOS-III/Source/os_mem.o
                0x08005fbc                OS_MemDbgListAdd
 .text.OS_MemInit
                0x08006000       0x2c ../UCOS3/uCOS-III/Source/os_mem.o
                0x08006000                OS_MemInit
 .text.OS_TmrInit
                0x0800602c      0x138 ../UCOS3/uCOS-III/Source/os_tmr.o
                0x0800602c                OS_TmrInit
 .text.OS_TmrResetPeak
                0x08006164        0xc ../UCOS3/uCOS-III/Source/os_tmr.o
                0x08006164                OS_TmrResetPeak
 .text.OS_TmrUnlink
                0x08006170       0x7c ../UCOS3/uCOS-III/Source/os_tmr.o
                0x08006170                OS_TmrUnlink
 .text.OS_TmrTask
                0x080061ec       0xd0 ../UCOS3/uCOS-III/Source/os_tmr.o
                0x080061ec                OS_TmrTask
 .text.OS_TmrLock
                0x080062bc       0x24 ../UCOS3/uCOS-III/Source/os_tmr.o
 .text.OS_TmrUnlock
                0x080062e0       0x20 ../UCOS3/uCOS-III/Source/os_tmr.o
 .text.OSIdleTaskHook
                0x08006300       0x1c ../UCOS3/uCOS-III/Ports/ARM-Cortex-M4/Generic/GNU/os_cpu_c.o
                0x08006300                OSIdleTaskHook
 .text.OSInitHook
                0x0800631c       0x38 ../UCOS3/uCOS-III/Ports/ARM-Cortex-M4/Generic/GNU/os_cpu_c.o
                0x0800631c                OSInitHook
 .text.OSStatTaskHook
                0x08006354       0x1c ../UCOS3/uCOS-III/Ports/ARM-Cortex-M4/Generic/GNU/os_cpu_c.o
                0x08006354                OSStatTaskHook
 .text.OSTaskCreateHook
                0x08006370       0x24 ../UCOS3/uCOS-III/Ports/ARM-Cortex-M4/Generic/GNU/os_cpu_c.o
                0x08006370                OSTaskCreateHook
 .text.OSTaskReturnHook
                0x08006394       0x24 ../UCOS3/uCOS-III/Ports/ARM-Cortex-M4/Generic/GNU/os_cpu_c.o
                0x08006394                OSTaskReturnHook
 .text.OSTaskStkInit
                0x080063b8      0x108 ../UCOS3/uCOS-III/Ports/ARM-Cortex-M4/Generic/GNU/os_cpu_c.o
                0x080063b8                OSTaskStkInit
 .text.OSTaskSwHook
                0x080064c0       0x98 ../UCOS3/uCOS-III/Ports/ARM-Cortex-M4/Generic/GNU/os_cpu_c.o
                0x080064c0                OSTaskSwHook
 .text.OSTimeTickHook
                0x08006558       0x1c ../UCOS3/uCOS-III/Ports/ARM-Cortex-M4/Generic/GNU/os_cpu_c.o
                0x08006558                OSTimeTickHook
 .text.OS_CPU_SysTickHandler
                0x08006574       0x38 ../UCOS3/uCOS-III/Ports/ARM-Cortex-M4/Generic/GNU/os_cpu_c.o
                0x08006574                OS_CPU_SysTickHandler
 .text.OS_CPU_SysTickInit
                0x080065ac       0x54 ../UCOS3/uCOS-III/Ports/ARM-Cortex-M4/Generic/GNU/os_cpu_c.o
                0x080065ac                OS_CPU_SysTickInit
 .text.NVIC_EnableIRQ
                0x08006600       0x30 ./BSP/bsp_ccu4.o
 .text.NVIC_SetPriority
                0x08006630       0x54 ./BSP/bsp_ccu4.o
 .text.XMC_CCU4_StartPrescaler
                0x08006684       0x20 ./BSP/bsp_ccu4.o
 .text.XMC_CCU4_EnableClock
                0x080066a4       0x28 ./BSP/bsp_ccu4.o
 .text.XMC_CCU4_SLICE_StartTimer
                0x080066cc       0x18 ./BSP/bsp_ccu4.o
 .text.XMC_CCU4_SLICE_SetTimerPeriodMatch
                0x080066e4       0x1c ./BSP/bsp_ccu4.o
 .text.XMC_CCU4_SLICE_SetTimerCompareMatch
                0x08006700       0x1c ./BSP/bsp_ccu4.o
 .text.XMC_CCU4_EnableShadowTransfer
                0x0800671c       0x20 ./BSP/bsp_ccu4.o
 .text.XMC_CCU4_SLICE_EnableEvent
                0x0800673c       0x2c ./BSP/bsp_ccu4.o
 .text.XMC_SCU_SetCcuTriggerHigh
                0x08006768       0x24 ./BSP/bsp_ccu4.o
 .text.BSP_CCU4_Init
                0x0800678c       0xf4 ./BSP/bsp_ccu4.o
                0x0800678c                BSP_CCU4_Init
 .text.CCU40_0_SetCapture
                0x08006880       0x40 ./BSP/bsp_ccu4.o
                0x08006880                CCU40_0_SetCapture
 .text.XMC_SCU_SetCcuTriggerHigh
                0x080068c0       0x24 ./BSP/bsp_int.o
 .text.XMC_SCU_SetCcuTriggerLow
                0x080068e4       0x24 ./BSP/bsp_int.o
 .text.XMC_CCU4_SLICE_ClearEvent
                0x08006908       0x2c ./BSP/bsp_int.o
 .text.BSP_IntDisAll
                0x08006934        0xc ./BSP/bsp_int.o
                0x08006934                BSP_IntDisAll
 .text.BSP_IntEn
                0x08006940       0x24 ./BSP/bsp_int.o
                0x08006940                BSP_IntEn
 .text.BSP_IntVectSet
                0x08006964       0x38 ./BSP/bsp_int.o
                0x08006964                BSP_IntVectSet
 .text.BSP_IntInit
                0x0800699c       0x34 ./BSP/bsp_int.o
                0x0800699c                BSP_IntInit
 .text.CCU40_0_IRQHandler
                0x080069d0       0x20 ./BSP/bsp_int.o
 .text.CCU40_1_IRQHandler
                0x080069f0       0x14 ./BSP/bsp_int.o
 .text.BSP_IntHandler_Uart_Recive
                0x08006a04      0x110 ./BSP/bsp_int.o
 .text.BSP_IntHandlerSCU
                0x08006b14       0x10 ./BSP/bsp_int.o
                0x08006b14                BSP_IntHandlerSCU
 .text.BSP_IntHandlerERU0_00
                0x08006b24       0x10 ./BSP/bsp_int.o
                0x08006b24                BSP_IntHandlerERU0_00
 .text.BSP_IntHandlerERU0_01
                0x08006b34       0x10 ./BSP/bsp_int.o
                0x08006b34                BSP_IntHandlerERU0_01
 .text.BSP_IntHandlerERU0_02
                0x08006b44       0x10 ./BSP/bsp_int.o
                0x08006b44                BSP_IntHandlerERU0_02
 .text.BSP_IntHandlerERU0_03
                0x08006b54       0x10 ./BSP/bsp_int.o
                0x08006b54                BSP_IntHandlerERU0_03
 .text.BSP_IntHandlerERU1_00
                0x08006b64       0x10 ./BSP/bsp_int.o
                0x08006b64                BSP_IntHandlerERU1_00
 .text.BSP_IntHandlerERU1_01
                0x08006b74       0x10 ./BSP/bsp_int.o
                0x08006b74                BSP_IntHandlerERU1_01
 .text.BSP_IntHandlerERU1_02
                0x08006b84       0x10 ./BSP/bsp_int.o
                0x08006b84                BSP_IntHandlerERU1_02
 .text.BSP_IntHandlerERU1_03
                0x08006b94       0x10 ./BSP/bsp_int.o
                0x08006b94                BSP_IntHandlerERU1_03
 .text.BSP_IntHandlerPMU0_00
                0x08006ba4       0x10 ./BSP/bsp_int.o
                0x08006ba4                BSP_IntHandlerPMU0_00
 .text.BSP_IntHandlerVADC0_C0_00
                0x08006bb4       0x10 ./BSP/bsp_int.o
                0x08006bb4                BSP_IntHandlerVADC0_C0_00
 .text.BSP_IntHandlerVADC0_C0_01
                0x08006bc4       0x10 ./BSP/bsp_int.o
                0x08006bc4                BSP_IntHandlerVADC0_C0_01
 .text.BSP_IntHandlerVADC0_C0_02
                0x08006bd4       0x10 ./BSP/bsp_int.o
                0x08006bd4                BSP_IntHandlerVADC0_C0_02
 .text.BSP_IntHandlerVADC0_C0_03
                0x08006be4       0x10 ./BSP/bsp_int.o
                0x08006be4                BSP_IntHandlerVADC0_C0_03
 .text.BSP_IntHandlerVADC0_G0_00
                0x08006bf4       0x10 ./BSP/bsp_int.o
                0x08006bf4                BSP_IntHandlerVADC0_G0_00
 .text.BSP_IntHandlerVADC0_G0_01
                0x08006c04       0x10 ./BSP/bsp_int.o
                0x08006c04                BSP_IntHandlerVADC0_G0_01
 .text.BSP_IntHandlerVADC0_G0_02
                0x08006c14       0x10 ./BSP/bsp_int.o
                0x08006c14                BSP_IntHandlerVADC0_G0_02
 .text.BSP_IntHandlerVADC0_G0_03
                0x08006c24       0x10 ./BSP/bsp_int.o
                0x08006c24                BSP_IntHandlerVADC0_G0_03
 .text.BSP_IntHandlerVADC0_G1_00
                0x08006c34       0x10 ./BSP/bsp_int.o
                0x08006c34                BSP_IntHandlerVADC0_G1_00
 .text.BSP_IntHandlerVADC0_G1_01
                0x08006c44       0x10 ./BSP/bsp_int.o
                0x08006c44                BSP_IntHandlerVADC0_G1_01
 .text.BSP_IntHandlerVADC0_G1_02
                0x08006c54       0x10 ./BSP/bsp_int.o
                0x08006c54                BSP_IntHandlerVADC0_G1_02
 .text.BSP_IntHandlerVADC0_G1_03
                0x08006c64       0x10 ./BSP/bsp_int.o
                0x08006c64                BSP_IntHandlerVADC0_G1_03
 .text.BSP_IntHandlerVADC0_G2_00
                0x08006c74       0x10 ./BSP/bsp_int.o
                0x08006c74                BSP_IntHandlerVADC0_G2_00
 .text.BSP_IntHandlerVADC0_G2_01
                0x08006c84       0x10 ./BSP/bsp_int.o
                0x08006c84                BSP_IntHandlerVADC0_G2_01
 .text.BSP_IntHandlerVADC0_G2_02
                0x08006c94       0x10 ./BSP/bsp_int.o
                0x08006c94                BSP_IntHandlerVADC0_G2_02
 .text.BSP_IntHandlerVADC0_G2_03
                0x08006ca4       0x10 ./BSP/bsp_int.o
                0x08006ca4                BSP_IntHandlerVADC0_G2_03
 .text.BSP_IntHandlerVADC0_G3_00
                0x08006cb4       0x10 ./BSP/bsp_int.o
                0x08006cb4                BSP_IntHandlerVADC0_G3_00
 .text.BSP_IntHandlerVADC0_G3_01
                0x08006cc4       0x10 ./BSP/bsp_int.o
                0x08006cc4                BSP_IntHandlerVADC0_G3_01
 .text.BSP_IntHandlerVADC0_G3_02
                0x08006cd4       0x10 ./BSP/bsp_int.o
                0x08006cd4                BSP_IntHandlerVADC0_G3_02
 .text.BSP_IntHandlerVADC0_G3_03
                0x08006ce4       0x10 ./BSP/bsp_int.o
                0x08006ce4                BSP_IntHandlerVADC0_G3_03
 .text.BSP_IntHandlerDSD0_00
                0x08006cf4       0x10 ./BSP/bsp_int.o
                0x08006cf4                BSP_IntHandlerDSD0_00
 .text.BSP_IntHandlerDSD0_01
                0x08006d04       0x10 ./BSP/bsp_int.o
                0x08006d04                BSP_IntHandlerDSD0_01
 .text.BSP_IntHandlerDSD0_02
                0x08006d14       0x10 ./BSP/bsp_int.o
                0x08006d14                BSP_IntHandlerDSD0_02
 .text.BSP_IntHandlerDSD0_03
                0x08006d24       0x10 ./BSP/bsp_int.o
                0x08006d24                BSP_IntHandlerDSD0_03
 .text.BSP_IntHandlerDSD0_04
                0x08006d34       0x10 ./BSP/bsp_int.o
                0x08006d34                BSP_IntHandlerDSD0_04
 .text.BSP_IntHandlerDSD0_05
                0x08006d44       0x10 ./BSP/bsp_int.o
                0x08006d44                BSP_IntHandlerDSD0_05
 .text.BSP_IntHandlerDSD0_06
                0x08006d54       0x10 ./BSP/bsp_int.o
                0x08006d54                BSP_IntHandlerDSD0_06
 .text.BSP_IntHandlerDSD0_07
                0x08006d64       0x10 ./BSP/bsp_int.o
                0x08006d64                BSP_IntHandlerDSD0_07
 .text.BSP_IntHandlerDAC0_00
                0x08006d74       0x10 ./BSP/bsp_int.o
                0x08006d74                BSP_IntHandlerDAC0_00
 .text.BSP_IntHandlerDAC0_01
                0x08006d84       0x10 ./BSP/bsp_int.o
                0x08006d84                BSP_IntHandlerDAC0_01
 .text.BSP_IntHandlerCCU40_00
                0x08006d94       0x10 ./BSP/bsp_int.o
                0x08006d94                BSP_IntHandlerCCU40_00
 .text.BSP_IntHandlerCCU40_01
                0x08006da4       0x10 ./BSP/bsp_int.o
                0x08006da4                BSP_IntHandlerCCU40_01
 .text.BSP_IntHandlerCCU40_02
                0x08006db4       0x10 ./BSP/bsp_int.o
                0x08006db4                BSP_IntHandlerCCU40_02
 .text.BSP_IntHandlerCCU40_03
                0x08006dc4       0x10 ./BSP/bsp_int.o
                0x08006dc4                BSP_IntHandlerCCU40_03
 .text.BSP_IntHandlerCCU41_00
                0x08006dd4       0x10 ./BSP/bsp_int.o
                0x08006dd4                BSP_IntHandlerCCU41_00
 .text.BSP_IntHandlerCCU41_01
                0x08006de4       0x10 ./BSP/bsp_int.o
                0x08006de4                BSP_IntHandlerCCU41_01
 .text.BSP_IntHandlerCCU41_02
                0x08006df4       0x10 ./BSP/bsp_int.o
                0x08006df4                BSP_IntHandlerCCU41_02
 .text.BSP_IntHandlerCCU41_03
                0x08006e04       0x10 ./BSP/bsp_int.o
                0x08006e04                BSP_IntHandlerCCU41_03
 .text.BSP_IntHandlerCCU42_00
                0x08006e14       0x10 ./BSP/bsp_int.o
                0x08006e14                BSP_IntHandlerCCU42_00
 .text.BSP_IntHandlerCCU42_01
                0x08006e24       0x10 ./BSP/bsp_int.o
                0x08006e24                BSP_IntHandlerCCU42_01
 .text.BSP_IntHandlerCCU42_02
                0x08006e34       0x10 ./BSP/bsp_int.o
                0x08006e34                BSP_IntHandlerCCU42_02
 .text.BSP_IntHandlerCCU42_03
                0x08006e44       0x10 ./BSP/bsp_int.o
                0x08006e44                BSP_IntHandlerCCU42_03
 .text.BSP_IntHandlerCCU43_00
                0x08006e54       0x10 ./BSP/bsp_int.o
                0x08006e54                BSP_IntHandlerCCU43_00
 .text.BSP_IntHandlerCCU43_01
                0x08006e64       0x10 ./BSP/bsp_int.o
                0x08006e64                BSP_IntHandlerCCU43_01
 .text.BSP_IntHandlerCCU43_02
                0x08006e74       0x10 ./BSP/bsp_int.o
                0x08006e74                BSP_IntHandlerCCU43_02
 .text.BSP_IntHandlerCCU43_03
                0x08006e84       0x10 ./BSP/bsp_int.o
                0x08006e84                BSP_IntHandlerCCU43_03
 .text.BSP_IntHandlerCCU80_00
                0x08006e94       0x10 ./BSP/bsp_int.o
                0x08006e94                BSP_IntHandlerCCU80_00
 .text.BSP_IntHandlerCCU80_01
                0x08006ea4       0x10 ./BSP/bsp_int.o
                0x08006ea4                BSP_IntHandlerCCU80_01
 .text.BSP_IntHandlerCCU80_02
                0x08006eb4       0x10 ./BSP/bsp_int.o
                0x08006eb4                BSP_IntHandlerCCU80_02
 .text.BSP_IntHandlerCCU80_03
                0x08006ec4       0x10 ./BSP/bsp_int.o
                0x08006ec4                BSP_IntHandlerCCU80_03
 .text.BSP_IntHandlerCCU81_00
                0x08006ed4       0x10 ./BSP/bsp_int.o
                0x08006ed4                BSP_IntHandlerCCU81_00
 .text.BSP_IntHandlerCCU81_01
                0x08006ee4       0x10 ./BSP/bsp_int.o
                0x08006ee4                BSP_IntHandlerCCU81_01
 .text.BSP_IntHandlerCCU81_02
                0x08006ef4       0x10 ./BSP/bsp_int.o
                0x08006ef4                BSP_IntHandlerCCU81_02
 .text.BSP_IntHandlerCCU81_03
                0x08006f04       0x10 ./BSP/bsp_int.o
                0x08006f04                BSP_IntHandlerCCU81_03
 .text.BSP_IntHandlerPOSIF0_00
                0x08006f14       0x10 ./BSP/bsp_int.o
                0x08006f14                BSP_IntHandlerPOSIF0_00
 .text.BSP_IntHandlerPOSIF0_01
                0x08006f24       0x10 ./BSP/bsp_int.o
                0x08006f24                BSP_IntHandlerPOSIF0_01
 .text.BSP_IntHandlerPOSIF1_00
                0x08006f34       0x10 ./BSP/bsp_int.o
                0x08006f34                BSP_IntHandlerPOSIF1_00
 .text.BSP_IntHandlerPOSIF1_01
                0x08006f44       0x10 ./BSP/bsp_int.o
                0x08006f44                BSP_IntHandlerPOSIF1_01
 .text.BSP_IntHandlerCAN0_00
                0x08006f54       0x10 ./BSP/bsp_int.o
                0x08006f54                BSP_IntHandlerCAN0_00
 .text.BSP_IntHandlerCAN0_01
                0x08006f64       0x10 ./BSP/bsp_int.o
                0x08006f64                BSP_IntHandlerCAN0_01
 .text.BSP_IntHandlerCAN0_02
                0x08006f74       0x10 ./BSP/bsp_int.o
                0x08006f74                BSP_IntHandlerCAN0_02
 .text.BSP_IntHandlerCAN0_03
                0x08006f84       0x10 ./BSP/bsp_int.o
                0x08006f84                BSP_IntHandlerCAN0_03
 .text.BSP_IntHandlerCAN0_04
                0x08006f94       0x10 ./BSP/bsp_int.o
                0x08006f94                BSP_IntHandlerCAN0_04
 .text.BSP_IntHandlerCAN0_05
                0x08006fa4       0x10 ./BSP/bsp_int.o
                0x08006fa4                BSP_IntHandlerCAN0_05
 .text.BSP_IntHandlerCAN0_06
                0x08006fb4       0x10 ./BSP/bsp_int.o
                0x08006fb4                BSP_IntHandlerCAN0_06
 .text.BSP_IntHandlerCAN0_07
                0x08006fc4       0x10 ./BSP/bsp_int.o
                0x08006fc4                BSP_IntHandlerCAN0_07
 .text.BSP_IntHandlerUSIC0_00
                0x08006fd4       0x10 ./BSP/bsp_int.o
                0x08006fd4                BSP_IntHandlerUSIC0_00
 .text.BSP_IntHandlerUSIC0_01
                0x08006fe4       0x10 ./BSP/bsp_int.o
                0x08006fe4                BSP_IntHandlerUSIC0_01
 .text.BSP_IntHandlerUSIC0_02
                0x08006ff4       0x10 ./BSP/bsp_int.o
                0x08006ff4                BSP_IntHandlerUSIC0_02
 .text.BSP_IntHandlerUSIC0_03
                0x08007004       0x10 ./BSP/bsp_int.o
                0x08007004                BSP_IntHandlerUSIC0_03
 .text.BSP_IntHandlerUSIC0_04
                0x08007014       0x10 ./BSP/bsp_int.o
                0x08007014                BSP_IntHandlerUSIC0_04
 .text.BSP_IntHandlerUSIC0_05
                0x08007024       0x10 ./BSP/bsp_int.o
                0x08007024                BSP_IntHandlerUSIC0_05
 .text.BSP_IntHandlerUSIC1_00
                0x08007034       0x10 ./BSP/bsp_int.o
                0x08007034                BSP_IntHandlerUSIC1_00
 .text.BSP_IntHandlerUSIC1_01
                0x08007044       0x10 ./BSP/bsp_int.o
                0x08007044                BSP_IntHandlerUSIC1_01
 .text.BSP_IntHandlerUSIC1_02
                0x08007054       0x10 ./BSP/bsp_int.o
                0x08007054                BSP_IntHandlerUSIC1_02
 .text.BSP_IntHandlerUSIC1_03
                0x08007064       0x10 ./BSP/bsp_int.o
                0x08007064                BSP_IntHandlerUSIC1_03
 .text.BSP_IntHandlerUSIC1_04
                0x08007074       0x10 ./BSP/bsp_int.o
                0x08007074                BSP_IntHandlerUSIC1_04
 .text.BSP_IntHandlerUSIC1_05
                0x08007084       0x10 ./BSP/bsp_int.o
                0x08007084                BSP_IntHandlerUSIC1_05
 .text.BSP_IntHandlerUSIC2_00
                0x08007094       0x10 ./BSP/bsp_int.o
                0x08007094                BSP_IntHandlerUSIC2_00
 .text.BSP_IntHandlerUSIC2_01
                0x080070a4       0x10 ./BSP/bsp_int.o
                0x080070a4                BSP_IntHandlerUSIC2_01
 .text.BSP_IntHandlerUSIC2_02
                0x080070b4       0x10 ./BSP/bsp_int.o
                0x080070b4                BSP_IntHandlerUSIC2_02
 .text.BSP_IntHandlerUSIC2_03
                0x080070c4       0x10 ./BSP/bsp_int.o
                0x080070c4                BSP_IntHandlerUSIC2_03
 .text.BSP_IntHandlerUSIC2_04
                0x080070d4       0x10 ./BSP/bsp_int.o
                0x080070d4                BSP_IntHandlerUSIC2_04
 .text.BSP_IntHandlerUSIC2_05
                0x080070e4       0x10 ./BSP/bsp_int.o
                0x080070e4                BSP_IntHandlerUSIC2_05
 .text.BSP_IntHandlerLEDTS0_00
                0x080070f4       0x10 ./BSP/bsp_int.o
                0x080070f4                BSP_IntHandlerLEDTS0_00
 .text.BSP_IntHandlerFCE0_00
                0x08007104       0x10 ./BSP/bsp_int.o
                0x08007104                BSP_IntHandlerFCE0_00
 .text.BSP_IntHandlerGPDMA0_00
                0x08007114       0x10 ./BSP/bsp_int.o
                0x08007114                BSP_IntHandlerGPDMA0_00
 .text.BSP_IntHandlerSDMMC0_00
                0x08007124       0x10 ./BSP/bsp_int.o
                0x08007124                BSP_IntHandlerSDMMC0_00
 .text.BSP_IntHandlerUSB0_00
                0x08007134       0x10 ./BSP/bsp_int.o
                0x08007134                BSP_IntHandlerUSB0_00
 .text.BSP_IntHandlerETH0_00
                0x08007144       0x10 ./BSP/bsp_int.o
                0x08007144                BSP_IntHandlerETH0_00
 .text.BSP_IntHandlerGPDMA1_00
                0x08007154       0x10 ./BSP/bsp_int.o
                0x08007154                BSP_IntHandlerGPDMA1_00
 .text.BSP_IntHandler
                0x08007164       0x48 ./BSP/bsp_int.o
 .text.BSP_GPIO_Init
                0x080071ac       0x44 ./BSP/bsp_gpio.o
                0x080071ac                BSP_GPIO_Init
 .text.XMC_USIC_CH_SetInputSource
                0x080071f0       0x3c ./BSP/bsp_spi.o
 .text.XMC_USIC_CH_SetMode
                0x0800722c       0x28 ./BSP/bsp_spi.o
 .text.XMC_SPI_CH_Start
                0x08007254       0x18 ./BSP/bsp_spi.o
 .text.XMC_SPI_CH_GetStatusFlag
                0x0800726c       0x18 ./BSP/bsp_spi.o
 .text.XMC_SPI_CH_ClearStatusFlag
                0x08007284       0x20 ./BSP/bsp_spi.o
 .text.XMC_SPI_CH_SetInputSource
                0x080072a4       0x34 ./BSP/bsp_spi.o
 .text.XMC_GPIO_SetOutputHigh
                0x080072d8       0x20 ./BSP/bsp_spi.o
 .text.BSP_SPI_Init
                0x080072f8       0xc4 ./BSP/bsp_spi.o
                0x080072f8                BSP_SPI_Init
 .text._spi_transmit
                0x080073bc       0x40 ./BSP/bsp_spi.o
                0x080073bc                _spi_transmit
 .text._spi_receive
                0x080073fc       0x1c ./BSP/bsp_spi.o
                0x080073fc                _spi_receive
 .text.NVIC_EnableIRQ
                0x08007418       0x30 ./BSP/bsp_uart.o
 .text.XMC_USIC_CH_SetInputSource
                0x08007448       0x3c ./BSP/bsp_uart.o
 .text.XMC_UART_CH_Start
                0x08007484       0x24 ./BSP/bsp_uart.o
 .text.XMC_UART_CH_SetInterruptNodePointer
                0x080074a8       0x20 ./BSP/bsp_uart.o
 .text.XMC_UART_CH_SetInputSource
                0x080074c8       0x34 ./BSP/bsp_uart.o
 .text.BSP_UART_Init
                0x080074fc       0x78 ./BSP/bsp_uart.o
                0x080074fc                BSP_UART_Init
 .text.BSP_LowLevelInit
                0x08007574       0x48 ./BSP/bsp_sys.o
                0x08007574                BSP_LowLevelInit
 .text.BSP_SysInit
                0x080075bc      0x208 ./BSP/bsp_sys.o
                0x080075bc                BSP_SysInit
 .text.BSP_SysClkFreqGet
                0x080077c4       0xb4 ./BSP/bsp_sys.o
                0x080077c4                BSP_SysClkFreqGet
 .text.BSP_Init
                0x08007878       0x2c ./BSP/bsp.o
                0x08007878                BSP_Init
 .text.ITM_SendChar
                0x080078a4       0x4c ./BSP/debug_lib.o
 .text.initRetargetSwo
                0x080078f0       0x88 ./BSP/debug_lib.o
                0x080078f0                initRetargetSwo
 .text._write   0x08007978       0x3c ./BSP/debug_lib.o
                0x08007978                _write
 .text.CPU_TS_TmrInit
                0x080079b4       0x3c ./BSP/cpu_bsp.o
                0x080079b4                CPU_TS_TmrInit
 .text.CPU_TS_TmrRd
                0x080079f0       0x1c ./BSP/cpu_bsp.o
                0x080079f0                CPU_TS_TmrRd
 .text._lseek   0x08007a0c       0x1c ../CMSIS/CMSIS/Infineon/Lib/System_LibcStubs.o
                0x08007a0c                _lseek
 .text._read    0x08007a28       0x18 ../CMSIS/CMSIS/Infineon/Lib/System_LibcStubs.o
                0x08007a28                _read
 .text._close   0x08007a40       0x10 ../CMSIS/CMSIS/Infineon/Lib/System_LibcStubs.o
                0x08007a40                _close
 .text._fstat   0x08007a50       0x24 ../CMSIS/CMSIS/Infineon/Lib/System_LibcStubs.o
                0x08007a50                _fstat
 .text._sbrk    0x08007a74       0x70 ../CMSIS/CMSIS/Infineon/Lib/System_LibcStubs.o
                0x08007a74                _sbrk
 .text._init    0x08007ae4        0xc ../CMSIS/CMSIS/Infineon/Lib/System_LibcStubs.o
                0x08007ae4                _init
 .text._isatty  0x08007af0       0x18 ../CMSIS/CMSIS/Infineon/Lib/System_LibcStubs.o
                0x08007af0                _isatty
 .text.XMC_USIC_CH_Enable
                0x08007b08       0x9c ../XMCLIB/src/xmc_usic.o
                0x08007b08                XMC_USIC_CH_Enable
 .text.XMC_USIC_CH_SetBaudrate
                0x08007ba4       0xe4 ../XMCLIB/src/xmc_usic.o
                0x08007ba4                XMC_USIC_CH_SetBaudrate
 .text.XMC_USIC_CH_SetInterruptNodePointer
                0x08007c88       0x38 ../XMCLIB/src/xmc_usic.o
                0x08007c88                XMC_USIC_CH_SetInterruptNodePointer
 .text.XMC_USIC_Enable
                0x08007cc0       0x54 ../XMCLIB/src/xmc_usic.o
                0x08007cc0                XMC_USIC_Enable
 .text.XMC_CCU4_StartPrescaler
                0x08007d14       0x20 ../XMCLIB/src/xmc_ccu4.o
 .text.XMC_CCU4_lDeassertReset
                0x08007d34       0x68 ../XMCLIB/src/xmc_ccu4.o
 .text.XMC_CCU4_EnableModule
                0x08007d9c       0x1c ../XMCLIB/src/xmc_ccu4.o
                0x08007d9c                XMC_CCU4_EnableModule
 .text.XMC_CCU4_Init
                0x08007db8       0x40 ../XMCLIB/src/xmc_ccu4.o
                0x08007db8                XMC_CCU4_Init
 .text.XMC_CCU4_SetModuleClock
                0x08007df8       0x34 ../XMCLIB/src/xmc_ccu4.o
                0x08007df8                XMC_CCU4_SetModuleClock
 .text.XMC_CCU4_SLICE_CompareInit
                0x08007e2c       0x6c ../XMCLIB/src/xmc_ccu4.o
                0x08007e2c                XMC_CCU4_SLICE_CompareInit
 .text.XMC_CCU4_SLICE_StartConfig
                0x08007e98       0x5c ../XMCLIB/src/xmc_ccu4.o
                0x08007e98                XMC_CCU4_SLICE_StartConfig
 .text.XMC_CCU4_SLICE_ConfigureEvent
                0x08007ef4       0xd4 ../XMCLIB/src/xmc_ccu4.o
                0x08007ef4                XMC_CCU4_SLICE_ConfigureEvent
 .text.XMC_CCU4_SLICE_SetInterruptNode
                0x08007fc8       0xb0 ../XMCLIB/src/xmc_ccu4.o
                0x08007fc8                XMC_CCU4_SLICE_SetInterruptNode
 .text.XMC_SCU_CLOCK_GetCpuClockFrequency
                0x08008078       0x14 ../XMCLIB/src/xmc4_scu.o
 .text.XMC_SCU_RESET_DeassertPeripheralReset
                0x0800808c       0x4c ../XMCLIB/src/xmc4_scu.o
                0x0800808c                XMC_SCU_RESET_DeassertPeripheralReset
 .text.XMC_SCU_CLOCK_GetPeripheralClockFrequency
                0x080080d8       0x20 ../XMCLIB/src/xmc4_scu.o
                0x080080d8                XMC_SCU_CLOCK_GetPeripheralClockFrequency
 .text.XMC_SCU_CLOCK_EnableClock
                0x080080f8       0x20 ../XMCLIB/src/xmc4_scu.o
                0x080080f8                XMC_SCU_CLOCK_EnableClock
 .text.XMC_USIC_CH_GetTransmitBufferStatus
                0x08008118       0x20 ../XMCLIB/src/xmc_spi.o
 .text.XMC_USIC_CH_GetReceiveBufferStatus
                0x08008138       0x1c ../XMCLIB/src/xmc_spi.o
 .text.XMC_SPI_CH_ClearStatusFlag
                0x08008154       0x20 ../XMCLIB/src/xmc_spi.o
 .text.XMC_SPI_CH_Init
                0x08008174       0x6c ../XMCLIB/src/xmc_spi.o
                0x08008174                XMC_SPI_CH_Init
 .text.XMC_SPI_CH_Transmit
                0x080081e0       0x6c ../XMCLIB/src/xmc_spi.o
                0x080081e0                XMC_SPI_CH_Transmit
 .text.XMC_SPI_CH_GetReceivedData
                0x0800824c       0x50 ../XMCLIB/src/xmc_spi.o
                0x0800824c                XMC_SPI_CH_GetReceivedData
 .text.XMC_SPI_CH_EnableEvent
                0x0800829c       0x34 ../XMCLIB/src/xmc_spi.o
                0x0800829c                XMC_SPI_CH_EnableEvent
 .text.XMC_USIC_CH_GetTransmitBufferStatus
                0x080082d0       0x20 ../XMCLIB/src/xmc_uart.o
 .text.XMC_UART_CH_ClearStatusFlag
                0x080082f0       0x1c ../XMCLIB/src/xmc_uart.o
 .text.XMC_UART_CH_Init
                0x0800830c       0xac ../XMCLIB/src/xmc_uart.o
                0x0800830c                XMC_UART_CH_Init
 .text.XMC_UART_CH_Transmit
                0x080083b8       0x4c ../XMCLIB/src/xmc_uart.o
                0x080083b8                XMC_UART_CH_Transmit
 .text.XMC_UART_CH_GetReceivedData
                0x08008404       0x34 ../XMCLIB/src/xmc_uart.o
                0x08008404                XMC_UART_CH_GetReceivedData
 .text.XMC_UART_CH_EnableEvent
                0x08008438       0x34 ../XMCLIB/src/xmc_uart.o
                0x08008438                XMC_UART_CH_EnableEvent
 .text.XMC_GPIO_SetMode
                0x0800846c       0x80 ../XMCLIB/src/xmc_gpio.o
                0x0800846c                XMC_GPIO_SetMode
 .text.XMC_GPIO_Init
                0x080084ec      0x140 ../XMCLIB/src/xmc4_gpio.o
                0x080084ec                XMC_GPIO_Init
 .text.Reset_Handler
                0x0800862c       0x88 ./BSP/startup.o
                0x0800862c                Reset_Handler
 .text.App_NMI_ISR
                0x080086b4        0x2 ./BSP/startup.o
 .text.App_Fault_ISR
                0x080086b6        0x2 ./BSP/startup.o
 .text.App_MemFault_ISR
                0x080086b8        0x2 ./BSP/startup.o
 .text.App_BusFault_ISR
                0x080086ba        0x2 ./BSP/startup.o
 .text.App_UsageFault_ISR
                0x080086bc        0x2 ./BSP/startup.o
 .text.App_Spurious_ISR
                0x080086be        0x2 ./BSP/startup.o
 .text.atoi     0x080086c0        0x8 d:/ebs/5.4 2016q3/bin/../lib/gcc/arm-none-eabi/5.4.1/../../../../arm-none-eabi/lib/armv7e-m\libg.a(lib_a-atoi.o)
                0x080086c0                atoi
 .text.__libc_init_array
                0x080086c8       0x50 d:/ebs/5.4 2016q3/bin/../lib/gcc/arm-none-eabi/5.4.1/../../../../arm-none-eabi/lib/armv7e-m\libg.a(lib_a-init.o)
                0x080086c8                __libc_init_array
 .text.memset   0x08008718       0x9c d:/ebs/5.4 2016q3/bin/../lib/gcc/arm-none-eabi/5.4.1/../../../../arm-none-eabi/lib/armv7e-m\libg.a(lib_a-memset.o)
                0x08008718                memset
 .text.printf   0x080087b4       0x28 d:/ebs/5.4 2016q3/bin/../lib/gcc/arm-none-eabi/5.4.1/../../../../arm-none-eabi/lib/armv7e-m\libg.a(lib_a-printf.o)
                0x080087b4                printf
 .text._puts_r  0x080087dc       0x68 d:/ebs/5.4 2016q3/bin/../lib/gcc/arm-none-eabi/5.4.1/../../../../arm-none-eabi/lib/armv7e-m\libg.a(lib_a-puts.o)
                0x080087dc                _puts_r
 .text.puts     0x08008844       0x10 d:/ebs/5.4 2016q3/bin/../lib/gcc/arm-none-eabi/5.4.1/../../../../arm-none-eabi/lib/armv7e-m\libg.a(lib_a-puts.o)
                0x08008844                puts
 .text.sprintf  0x08008854       0x4c d:/ebs/5.4 2016q3/bin/../lib/gcc/arm-none-eabi/5.4.1/../../../../arm-none-eabi/lib/armv7e-m\libg.a(lib_a-sprintf.o)
                0x08008854                sprintf
 .text._strtol_l.isra.0
                0x080088a0      0x138 d:/ebs/5.4 2016q3/bin/../lib/gcc/arm-none-eabi/5.4.1/../../../../arm-none-eabi/lib/armv7e-m\libg.a(lib_a-strtol.o)
 .text.strtol   0x080089d8       0x2c d:/ebs/5.4 2016q3/bin/../lib/gcc/arm-none-eabi/5.4.1/../../../../arm-none-eabi/lib/armv7e-m\libg.a(lib_a-strtol.o)
                0x080089d8                strtol
 .text._svfprintf_r
                0x08008a04     0x16b0 d:/ebs/5.4 2016q3/bin/../lib/gcc/arm-none-eabi/5.4.1/../../../../arm-none-eabi/lib/armv7e-m\libg.a(lib_a-svfprintf.o)
                0x08008a04                _svfprintf_r
 .text._vfprintf_r
                0x0800a0b4     0x1700 d:/ebs/5.4 2016q3/bin/../lib/gcc/arm-none-eabi/5.4.1/../../../../arm-none-eabi/lib/armv7e-m\libg.a(lib_a-vfprintf.o)
                0x0800a0b4                _vfprintf_r
 .text.__sbprintf
                0x0800b7b4       0x6c d:/ebs/5.4 2016q3/bin/../lib/gcc/arm-none-eabi/5.4.1/../../../../arm-none-eabi/lib/armv7e-m\libg.a(lib_a-vfprintf.o)
 .text.__swsetup_r
                0x0800b820       0xc8 d:/ebs/5.4 2016q3/bin/../lib/gcc/arm-none-eabi/5.4.1/../../../../arm-none-eabi/lib/armv7e-m\libg.a(lib_a-wsetup.o)
                0x0800b820                __swsetup_r
 .text.quorem   0x0800b8e8      0x128 d:/ebs/5.4 2016q3/bin/../lib/gcc/arm-none-eabi/5.4.1/../../../../arm-none-eabi/lib/armv7e-m\libg.a(lib_a-dtoa.o)
 .text._dtoa_r  0x0800ba10      0xe58 d:/ebs/5.4 2016q3/bin/../lib/gcc/arm-none-eabi/5.4.1/../../../../arm-none-eabi/lib/armv7e-m\libg.a(lib_a-dtoa.o)
                0x0800ba10                _dtoa_r
 .text.__sflush_r
                0x0800c868      0x148 d:/ebs/5.4 2016q3/bin/../lib/gcc/arm-none-eabi/5.4.1/../../../../arm-none-eabi/lib/armv7e-m\libg.a(lib_a-fflush.o)
                0x0800c868                __sflush_r
 .text._fflush_r
                0x0800c9b0       0x2c d:/ebs/5.4 2016q3/bin/../lib/gcc/arm-none-eabi/5.4.1/../../../../arm-none-eabi/lib/armv7e-m\libg.a(lib_a-fflush.o)
                0x0800c9b0                _fflush_r
 .text._cleanup_r
                0x0800c9dc        0xc d:/ebs/5.4 2016q3/bin/../lib/gcc/arm-none-eabi/5.4.1/../../../../arm-none-eabi/lib/armv7e-m\libg.a(lib_a-findfp.o)
                0x0800c9dc                _cleanup_r
 .text.__sinit.part.1
                0x0800c9e8       0xf0 d:/ebs/5.4 2016q3/bin/../lib/gcc/arm-none-eabi/5.4.1/../../../../arm-none-eabi/lib/armv7e-m\libg.a(lib_a-findfp.o)
 .text.__sinit  0x0800cad8        0xc d:/ebs/5.4 2016q3/bin/../lib/gcc/arm-none-eabi/5.4.1/../../../../arm-none-eabi/lib/armv7e-m\libg.a(lib_a-findfp.o)
                0x0800cad8                __sinit
 .text.__sfp_lock_acquire
                0x0800cae4        0x4 d:/ebs/5.4 2016q3/bin/../lib/gcc/arm-none-eabi/5.4.1/../../../../arm-none-eabi/lib/armv7e-m\libg.a(lib_a-findfp.o)
                0x0800cae4                __sfp_lock_acquire
 .text.__sfp_lock_release
                0x0800cae8        0x4 d:/ebs/5.4 2016q3/bin/../lib/gcc/arm-none-eabi/5.4.1/../../../../arm-none-eabi/lib/armv7e-m\libg.a(lib_a-findfp.o)
                0x0800cae8                __sfp_lock_release
 .text._malloc_trim_r
                0x0800caec       0x9c d:/ebs/5.4 2016q3/bin/../lib/gcc/arm-none-eabi/5.4.1/../../../../arm-none-eabi/lib/armv7e-m\libg.a(lib_a-freer.o)
                0x0800caec                _malloc_trim_r
 .text._free_r  0x0800cb88      0x1d0 d:/ebs/5.4 2016q3/bin/../lib/gcc/arm-none-eabi/5.4.1/../../../../arm-none-eabi/lib/armv7e-m\libg.a(lib_a-freer.o)
                0x0800cb88                _free_r
 .text.__sfvwrite_r
                0x0800cd58      0x304 d:/ebs/5.4 2016q3/bin/../lib/gcc/arm-none-eabi/5.4.1/../../../../arm-none-eabi/lib/armv7e-m\libg.a(lib_a-fvwrite.o)
                0x0800cd58                __sfvwrite_r
 .text._fwalk_reent
                0x0800d05c       0x54 d:/ebs/5.4 2016q3/bin/../lib/gcc/arm-none-eabi/5.4.1/../../../../arm-none-eabi/lib/armv7e-m\libg.a(lib_a-fwalk.o)
                0x0800d05c                _fwalk_reent
 .text.__locale_mb_cur_max
                0x0800d0b0       0x1c d:/ebs/5.4 2016q3/bin/../lib/gcc/arm-none-eabi/5.4.1/../../../../arm-none-eabi/lib/armv7e-m\libg.a(lib_a-locale.o)
                0x0800d0b0                __locale_mb_cur_max
 .text.__locale_ctype_ptr_l
                0x0800d0cc        0x8 d:/ebs/5.4 2016q3/bin/../lib/gcc/arm-none-eabi/5.4.1/../../../../arm-none-eabi/lib/armv7e-m\libg.a(lib_a-locale.o)
                0x0800d0cc                __locale_ctype_ptr_l
 .text._localeconv_r
                0x0800d0d4       0x1c d:/ebs/5.4 2016q3/bin/../lib/gcc/arm-none-eabi/5.4.1/../../../../arm-none-eabi/lib/armv7e-m\libg.a(lib_a-localeconv.o)
                0x0800d0d4                _localeconv_r
 .text.__swhatbuf_r
                0x0800d0f0       0x60 d:/ebs/5.4 2016q3/bin/../lib/gcc/arm-none-eabi/5.4.1/../../../../arm-none-eabi/lib/armv7e-m\libg.a(lib_a-makebuf.o)
                0x0800d0f0                __swhatbuf_r
 .text.__smakebuf_r
                0x0800d150       0x88 d:/ebs/5.4 2016q3/bin/../lib/gcc/arm-none-eabi/5.4.1/../../../../arm-none-eabi/lib/armv7e-m\libg.a(lib_a-makebuf.o)
                0x0800d150                __smakebuf_r
 .text._malloc_r
                0x0800d1d8      0x570 d:/ebs/5.4 2016q3/bin/../lib/gcc/arm-none-eabi/5.4.1/../../../../arm-none-eabi/lib/armv7e-m\libg.a(lib_a-mallocr.o)
                0x0800d1d8                _malloc_r
 .text.__ascii_mbtowc
                0x0800d748       0x2c d:/ebs/5.4 2016q3/bin/../lib/gcc/arm-none-eabi/5.4.1/../../../../arm-none-eabi/lib/armv7e-m\libg.a(lib_a-mbtowc_r.o)
                0x0800d748                __ascii_mbtowc
 .text.memmove  0x0800d774       0xc8 d:/ebs/5.4 2016q3/bin/../lib/gcc/arm-none-eabi/5.4.1/../../../../arm-none-eabi/lib/armv7e-m\libg.a(lib_a-memmove.o)
                0x0800d774                memmove
 .text.__malloc_lock
                0x0800d83c        0x4 d:/ebs/5.4 2016q3/bin/../lib/gcc/arm-none-eabi/5.4.1/../../../../arm-none-eabi/lib/armv7e-m\libg.a(lib_a-mlock.o)
                0x0800d83c                __malloc_lock
 .text.__malloc_unlock
                0x0800d840        0x4 d:/ebs/5.4 2016q3/bin/../lib/gcc/arm-none-eabi/5.4.1/../../../../arm-none-eabi/lib/armv7e-m\libg.a(lib_a-mlock.o)
                0x0800d840                __malloc_unlock
 .text._Balloc  0x0800d844       0x4c d:/ebs/5.4 2016q3/bin/../lib/gcc/arm-none-eabi/5.4.1/../../../../arm-none-eabi/lib/armv7e-m\libg.a(lib_a-mprec.o)
                0x0800d844                _Balloc
 .text._Bfree   0x0800d890       0x14 d:/ebs/5.4 2016q3/bin/../lib/gcc/arm-none-eabi/5.4.1/../../../../arm-none-eabi/lib/armv7e-m\libg.a(lib_a-mprec.o)
                0x0800d890                _Bfree
 .text.__multadd
                0x0800d8a4       0x80 d:/ebs/5.4 2016q3/bin/../lib/gcc/arm-none-eabi/5.4.1/../../../../arm-none-eabi/lib/armv7e-m\libg.a(lib_a-mprec.o)
                0x0800d8a4                __multadd
 .text.__hi0bits
                0x0800d924       0x40 d:/ebs/5.4 2016q3/bin/../lib/gcc/arm-none-eabi/5.4.1/../../../../arm-none-eabi/lib/armv7e-m\libg.a(lib_a-mprec.o)
                0x0800d924                __hi0bits
 .text.__lo0bits
                0x0800d964       0x5c d:/ebs/5.4 2016q3/bin/../lib/gcc/arm-none-eabi/5.4.1/../../../../arm-none-eabi/lib/armv7e-m\libg.a(lib_a-mprec.o)
                0x0800d964                __lo0bits
 .text.__i2b    0x0800d9c0       0x14 d:/ebs/5.4 2016q3/bin/../lib/gcc/arm-none-eabi/5.4.1/../../../../arm-none-eabi/lib/armv7e-m\libg.a(lib_a-mprec.o)
                0x0800d9c0                __i2b
 .text.__multiply
                0x0800d9d4      0x130 d:/ebs/5.4 2016q3/bin/../lib/gcc/arm-none-eabi/5.4.1/../../../../arm-none-eabi/lib/armv7e-m\libg.a(lib_a-mprec.o)
                0x0800d9d4                __multiply
 .text.__pow5mult
                0x0800db04       0xa0 d:/ebs/5.4 2016q3/bin/../lib/gcc/arm-none-eabi/5.4.1/../../../../arm-none-eabi/lib/armv7e-m\libg.a(lib_a-mprec.o)
                0x0800db04                __pow5mult
 .text.__lshift
                0x0800dba4       0xb0 d:/ebs/5.4 2016q3/bin/../lib/gcc/arm-none-eabi/5.4.1/../../../../arm-none-eabi/lib/armv7e-m\libg.a(lib_a-mprec.o)
                0x0800dba4                __lshift
 .text.__mcmp   0x0800dc54       0x40 d:/ebs/5.4 2016q3/bin/../lib/gcc/arm-none-eabi/5.4.1/../../../../arm-none-eabi/lib/armv7e-m\libg.a(lib_a-mprec.o)
                0x0800dc54                __mcmp
 .text.__mdiff  0x0800dc94      0x114 d:/ebs/5.4 2016q3/bin/../lib/gcc/arm-none-eabi/5.4.1/../../../../arm-none-eabi/lib/armv7e-m\libg.a(lib_a-mprec.o)
                0x0800dc94                __mdiff
 .text.__d2b    0x0800dda8       0xb8 d:/ebs/5.4 2016q3/bin/../lib/gcc/arm-none-eabi/5.4.1/../../../../arm-none-eabi/lib/armv7e-m\libg.a(lib_a-mprec.o)
                0x0800dda8                __d2b
 .text._realloc_r
                0x0800de60      0x3e0 d:/ebs/5.4 2016q3/bin/../lib/gcc/arm-none-eabi/5.4.1/../../../../arm-none-eabi/lib/armv7e-m\libg.a(lib_a-reallocr.o)
                0x0800de60                _realloc_r
 .text._sbrk_r  0x0800e240       0x24 d:/ebs/5.4 2016q3/bin/../lib/gcc/arm-none-eabi/5.4.1/../../../../arm-none-eabi/lib/armv7e-m\libg.a(lib_a-sbrkr.o)
                0x0800e240                _sbrk_r
 .text.__sread  0x0800e264       0x24 d:/ebs/5.4 2016q3/bin/../lib/gcc/arm-none-eabi/5.4.1/../../../../arm-none-eabi/lib/armv7e-m\libg.a(lib_a-stdio.o)
                0x0800e264                __sread
 .text.__swrite
                0x0800e288       0x3c d:/ebs/5.4 2016q3/bin/../lib/gcc/arm-none-eabi/5.4.1/../../../../arm-none-eabi/lib/armv7e-m\libg.a(lib_a-stdio.o)
                0x0800e288                __swrite
 .text.__sseek  0x0800e2c4       0x20 d:/ebs/5.4 2016q3/bin/../lib/gcc/arm-none-eabi/5.4.1/../../../../arm-none-eabi/lib/armv7e-m\libg.a(lib_a-stdio.o)
                0x0800e2c4                __sseek
 .text.__sclose
                0x0800e2e4        0x8 d:/ebs/5.4 2016q3/bin/../lib/gcc/arm-none-eabi/5.4.1/../../../../arm-none-eabi/lib/armv7e-m\libg.a(lib_a-stdio.o)
                0x0800e2e4                __sclose
 .text.__ssprint_r
                0x0800e2ec      0x100 d:/ebs/5.4 2016q3/bin/../lib/gcc/arm-none-eabi/5.4.1/../../../../arm-none-eabi/lib/armv7e-m\libg.a(lib_a-svfiprintf.o)
                0x0800e2ec                __ssprint_r
 .text.__sprint_r.part.0
                0x0800e3ec       0x78 d:/ebs/5.4 2016q3/bin/../lib/gcc/arm-none-eabi/5.4.1/../../../../arm-none-eabi/lib/armv7e-m\libg.a(lib_a-vfiprintf.o)
 .text.__sprint_r
                0x0800e464       0x14 d:/ebs/5.4 2016q3/bin/../lib/gcc/arm-none-eabi/5.4.1/../../../../arm-none-eabi/lib/armv7e-m\libg.a(lib_a-vfiprintf.o)
                0x0800e464                __sprint_r
 .text.__ascii_wctomb
                0x0800e478       0x1c d:/ebs/5.4 2016q3/bin/../lib/gcc/arm-none-eabi/5.4.1/../../../../arm-none-eabi/lib/armv7e-m\libg.a(lib_a-wctomb_r.o)
                0x0800e478                __ascii_wctomb
 .text._write_r
                0x0800e494       0x2c d:/ebs/5.4 2016q3/bin/../lib/gcc/arm-none-eabi/5.4.1/../../../../arm-none-eabi/lib/armv7e-m\libg.a(lib_a-writer.o)
                0x0800e494                _write_r
 .text._calloc_r
                0x0800e4c0       0x60 d:/ebs/5.4 2016q3/bin/../lib/gcc/arm-none-eabi/5.4.1/../../../../arm-none-eabi/lib/armv7e-m\libg.a(lib_a-callocr.o)
                0x0800e4c0                _calloc_r
 .text._close_r
                0x0800e520       0x24 d:/ebs/5.4 2016q3/bin/../lib/gcc/arm-none-eabi/5.4.1/../../../../arm-none-eabi/lib/armv7e-m\libg.a(lib_a-closer.o)
                0x0800e520                _close_r
 .text._fclose_r
                0x0800e544       0x84 d:/ebs/5.4 2016q3/bin/../lib/gcc/arm-none-eabi/5.4.1/../../../../arm-none-eabi/lib/armv7e-m\libg.a(lib_a-fclose.o)
                0x0800e544                _fclose_r
 .text.__fputwc
                0x0800e5c8       0x98 d:/ebs/5.4 2016q3/bin/../lib/gcc/arm-none-eabi/5.4.1/../../../../arm-none-eabi/lib/armv7e-m\libg.a(lib_a-fputwc.o)
                0x0800e5c8                __fputwc
 .text._fputwc_r
                0x0800e660       0x24 d:/ebs/5.4 2016q3/bin/../lib/gcc/arm-none-eabi/5.4.1/../../../../arm-none-eabi/lib/armv7e-m\libg.a(lib_a-fputwc.o)
                0x0800e660                _fputwc_r
 .text._fstat_r
                0x0800e684       0x28 d:/ebs/5.4 2016q3/bin/../lib/gcc/arm-none-eabi/5.4.1/../../../../arm-none-eabi/lib/armv7e-m\libg.a(lib_a-fstatr.o)
                0x0800e684                _fstat_r
 .text._isatty_r
                0x0800e6ac       0x24 d:/ebs/5.4 2016q3/bin/../lib/gcc/arm-none-eabi/5.4.1/../../../../arm-none-eabi/lib/armv7e-m\libg.a(lib_a-isattyr.o)
                0x0800e6ac                _isatty_r
 .text._lseek_r
                0x0800e6d0       0x2c d:/ebs/5.4 2016q3/bin/../lib/gcc/arm-none-eabi/5.4.1/../../../../arm-none-eabi/lib/armv7e-m\libg.a(lib_a-lseekr.o)
                0x0800e6d0                _lseek_r
 .text._read_r  0x0800e6fc       0x2c d:/ebs/5.4 2016q3/bin/../lib/gcc/arm-none-eabi/5.4.1/../../../../arm-none-eabi/lib/armv7e-m\libg.a(lib_a-readr.o)
                0x0800e6fc                _read_r
 .text.__swbuf_r
                0x0800e728       0xac d:/ebs/5.4 2016q3/bin/../lib/gcc/arm-none-eabi/5.4.1/../../../../arm-none-eabi/lib/armv7e-m\libg.a(lib_a-wbuf.o)
                0x0800e728                __swbuf_r
 .text._wcrtomb_r
                0x0800e7d4       0x54 d:/ebs/5.4 2016q3/bin/../lib/gcc/arm-none-eabi/5.4.1/../../../../arm-none-eabi/lib/armv7e-m\libg.a(lib_a-wcrtomb.o)
                0x0800e7d4                _wcrtomb_r
 *(.glue_7)
 .glue_7        0x0800e828        0x0 linker stubs
 *(.glue_7t)
 .glue_7t       0x0800e828        0x0 linker stubs
 *(.eh_frame)
 *(.init)
 *(.fini)
                0x0800e828                . = ALIGN (0x4)
                0x0800e828                _etext = .

.vfp11_veneer   0x0800e828        0x0
 .vfp11_veneer  0x0800e828        0x0 linker stubs

.v4_bx          0x0800e828        0x0
 .v4_bx         0x0800e828        0x0 linker stubs

.iplt           0x0800e828        0x0
 .iplt          0x0800e828        0x0 app.o

.rodata         0x0800e828      0x96c
                0x0800e828                . = ALIGN (0x4)
 *(.rodata)
 .rodata        0x0800e828      0x2f2 app.o
 *fill*         0x0800eb1a        0x2 
 .rodata        0x0800eb1c       0xb8 mylib.o
 .rodata        0x0800ebd4       0x3d ../UCOS3/uC-LIB/lib_mem.o
 *fill*         0x0800ec11        0x3 
 .rodata        0x0800ec14        0x6 ../UCOS3/uCOS-III/Source/os_q.o
 *fill*         0x0800ec1a        0x2 
 .rodata        0x0800ec1c        0xa ../UCOS3/uCOS-III/Source/os_task.o
 *fill*         0x0800ec26        0x2 
 .rodata        0x0800ec28       0x2a ../UCOS3/uCOS-III/Source/os_core.o
 *fill*         0x0800ec52        0x2 
 .rodata        0x0800ec54       0x14 ../UCOS3/uCOS-III/Source/os_tick.o
 .rodata        0x0800ec68       0x14 ../UCOS3/uCOS-III/Source/os_stat.o
 .rodata        0x0800ec7c        0xa ../UCOS3/uCOS-III/Source/os_mutex.o
 *fill*         0x0800ec86        0x2 
 .rodata        0x0800ec88       0x2d ../UCOS3/uCOS-III/Source/os_tmr.o
 *fill*         0x0800ecb5        0x3 
 .rodata        0x0800ecb8       0x56 ./BSP/bsp_int.o
 *fill*         0x0800ed0e        0x2 
 .rodata        0x0800ed10        0xf ./BSP/bsp.o
 *(.rodata*)
 *fill*         0x0800ed1f        0x1 
 .rodata.OSCfg_IdleTaskStkBasePtr
                0x0800ed20        0x4 ../UCOS3/uCOS-III/Source/os_cfg_app.o
                0x0800ed20                OSCfg_IdleTaskStkBasePtr
 .rodata.OSCfg_IdleTaskStkLimit
                0x0800ed24        0x4 ../UCOS3/uCOS-III/Source/os_cfg_app.o
                0x0800ed24                OSCfg_IdleTaskStkLimit
 .rodata.OSCfg_IdleTaskStkSize
                0x0800ed28        0x4 ../UCOS3/uCOS-III/Source/os_cfg_app.o
                0x0800ed28                OSCfg_IdleTaskStkSize
 .rodata.OSCfg_ISRStkBasePtr
                0x0800ed2c        0x4 ../UCOS3/uCOS-III/Source/os_cfg_app.o
                0x0800ed2c                OSCfg_ISRStkBasePtr
 .rodata.OSCfg_ISRStkSize
                0x0800ed30        0x4 ../UCOS3/uCOS-III/Source/os_cfg_app.o
                0x0800ed30                OSCfg_ISRStkSize
 .rodata.OSCfg_MsgPoolSize
                0x0800ed34        0x2 ../UCOS3/uCOS-III/Source/os_cfg_app.o
                0x0800ed34                OSCfg_MsgPoolSize
 *fill*         0x0800ed36        0x2 
 .rodata.OSCfg_MsgPoolBasePtr
                0x0800ed38        0x4 ../UCOS3/uCOS-III/Source/os_cfg_app.o
                0x0800ed38                OSCfg_MsgPoolBasePtr
 .rodata.OSCfg_StatTaskPrio
                0x0800ed3c        0x1 ../UCOS3/uCOS-III/Source/os_cfg_app.o
                0x0800ed3c                OSCfg_StatTaskPrio
 *fill*         0x0800ed3d        0x3 
 .rodata.OSCfg_StatTaskRate_Hz
                0x0800ed40        0x4 ../UCOS3/uCOS-III/Source/os_cfg_app.o
                0x0800ed40                OSCfg_StatTaskRate_Hz
 .rodata.OSCfg_StatTaskStkBasePtr
                0x0800ed44        0x4 ../UCOS3/uCOS-III/Source/os_cfg_app.o
                0x0800ed44                OSCfg_StatTaskStkBasePtr
 .rodata.OSCfg_StatTaskStkLimit
                0x0800ed48        0x4 ../UCOS3/uCOS-III/Source/os_cfg_app.o
                0x0800ed48                OSCfg_StatTaskStkLimit
 .rodata.OSCfg_StatTaskStkSize
                0x0800ed4c        0x4 ../UCOS3/uCOS-III/Source/os_cfg_app.o
                0x0800ed4c                OSCfg_StatTaskStkSize
 .rodata.OSCfg_StkSizeMin
                0x0800ed50        0x4 ../UCOS3/uCOS-III/Source/os_cfg_app.o
                0x0800ed50                OSCfg_StkSizeMin
 .rodata.OSCfg_TickRate_Hz
                0x0800ed54        0x4 ../UCOS3/uCOS-III/Source/os_cfg_app.o
                0x0800ed54                OSCfg_TickRate_Hz
 .rodata.OSCfg_TickTaskPrio
                0x0800ed58        0x1 ../UCOS3/uCOS-III/Source/os_cfg_app.o
                0x0800ed58                OSCfg_TickTaskPrio
 *fill*         0x0800ed59        0x3 
 .rodata.OSCfg_TickTaskStkBasePtr
                0x0800ed5c        0x4 ../UCOS3/uCOS-III/Source/os_cfg_app.o
                0x0800ed5c                OSCfg_TickTaskStkBasePtr
 .rodata.OSCfg_TickTaskStkLimit
                0x0800ed60        0x4 ../UCOS3/uCOS-III/Source/os_cfg_app.o
                0x0800ed60                OSCfg_TickTaskStkLimit
 .rodata.OSCfg_TickTaskStkSize
                0x0800ed64        0x4 ../UCOS3/uCOS-III/Source/os_cfg_app.o
                0x0800ed64                OSCfg_TickTaskStkSize
 .rodata.OSCfg_TmrTaskPrio
                0x0800ed68        0x1 ../UCOS3/uCOS-III/Source/os_cfg_app.o
                0x0800ed68                OSCfg_TmrTaskPrio
 *fill*         0x0800ed69        0x3 
 .rodata.OSCfg_TmrTaskRate_Hz
                0x0800ed6c        0x4 ../UCOS3/uCOS-III/Source/os_cfg_app.o
                0x0800ed6c                OSCfg_TmrTaskRate_Hz
 .rodata.OSCfg_TmrTaskStkBasePtr
                0x0800ed70        0x4 ../UCOS3/uCOS-III/Source/os_cfg_app.o
                0x0800ed70                OSCfg_TmrTaskStkBasePtr
 .rodata.OSCfg_TmrTaskStkLimit
                0x0800ed74        0x4 ../UCOS3/uCOS-III/Source/os_cfg_app.o
                0x0800ed74                OSCfg_TmrTaskStkLimit
 .rodata.OSCfg_TmrTaskStkSize
                0x0800ed78        0x4 ../UCOS3/uCOS-III/Source/os_cfg_app.o
                0x0800ed78                OSCfg_TmrTaskStkSize
 .rodata.OSDbg_DbgEn
                0x0800ed7c        0x1 ../UCOS3/uCOS-III/Source/os_dbg.o
                0x0800ed7c                OSDbg_DbgEn
 .rodata.OSDbg_ArgChkEn
                0x0800ed7d        0x1 ../UCOS3/uCOS-III/Source/os_dbg.o
                0x0800ed7d                OSDbg_ArgChkEn
 .rodata.OSDbg_AppHooksEn
                0x0800ed7e        0x1 ../UCOS3/uCOS-III/Source/os_dbg.o
                0x0800ed7e                OSDbg_AppHooksEn
 *fill*         0x0800ed7f        0x1 
 .rodata.OSDbg_EndiannessTest
                0x0800ed80        0x4 ../UCOS3/uCOS-III/Source/os_dbg.o
                0x0800ed80                OSDbg_EndiannessTest
 .rodata.OSDbg_CalledFromISRChkEn
                0x0800ed84        0x1 ../UCOS3/uCOS-III/Source/os_dbg.o
                0x0800ed84                OSDbg_CalledFromISRChkEn
 .rodata.OSDbg_FlagEn
                0x0800ed85        0x1 ../UCOS3/uCOS-III/Source/os_dbg.o
                0x0800ed85                OSDbg_FlagEn
 *fill*         0x0800ed86        0x2 
 .rodata.OSDbg_FlagGrp
                0x0800ed88       0x28 ../UCOS3/uCOS-III/Source/os_dbg.o
                0x0800ed88                OSDbg_FlagGrp
 .rodata.OSDbg_FlagDelEn
                0x0800edb0        0x1 ../UCOS3/uCOS-III/Source/os_dbg.o
                0x0800edb0                OSDbg_FlagDelEn
 .rodata.OSDbg_FlagModeClrEn
                0x0800edb1        0x1 ../UCOS3/uCOS-III/Source/os_dbg.o
                0x0800edb1                OSDbg_FlagModeClrEn
 .rodata.OSDbg_FlagPendAbortEn
                0x0800edb2        0x1 ../UCOS3/uCOS-III/Source/os_dbg.o
                0x0800edb2                OSDbg_FlagPendAbortEn
 *fill*         0x0800edb3        0x1 
 .rodata.OSDbg_FlagGrpSize
                0x0800edb4        0x2 ../UCOS3/uCOS-III/Source/os_dbg.o
                0x0800edb4                OSDbg_FlagGrpSize
 .rodata.OSDbg_FlagWidth
                0x0800edb6        0x2 ../UCOS3/uCOS-III/Source/os_dbg.o
                0x0800edb6                OSDbg_FlagWidth
 .rodata.OSDbg_ISRPostDeferredEn
                0x0800edb8        0x1 ../UCOS3/uCOS-III/Source/os_dbg.o
                0x0800edb8                OSDbg_ISRPostDeferredEn
 *fill*         0x0800edb9        0x3 
 .rodata.OSDbg_Mem
                0x0800edbc       0x20 ../UCOS3/uCOS-III/Source/os_dbg.o
                0x0800edbc                OSDbg_Mem
 .rodata.OSDbg_MemEn
                0x0800eddc        0x1 ../UCOS3/uCOS-III/Source/os_dbg.o
                0x0800eddc                OSDbg_MemEn
 *fill*         0x0800eddd        0x1 
 .rodata.OSDbg_MemSize
                0x0800edde        0x2 ../UCOS3/uCOS-III/Source/os_dbg.o
                0x0800edde                OSDbg_MemSize
 .rodata.OSDbg_MsgEn
                0x0800ede0        0x1 ../UCOS3/uCOS-III/Source/os_dbg.o
                0x0800ede0                OSDbg_MsgEn
 *fill*         0x0800ede1        0x1 
 .rodata.OSDbg_MsgSize
                0x0800ede2        0x2 ../UCOS3/uCOS-III/Source/os_dbg.o
                0x0800ede2                OSDbg_MsgSize
 .rodata.OSDbg_MsgPoolSize
                0x0800ede4        0x2 ../UCOS3/uCOS-III/Source/os_dbg.o
                0x0800ede4                OSDbg_MsgPoolSize
 .rodata.OSDbg_MsgQSize
                0x0800ede6        0x2 ../UCOS3/uCOS-III/Source/os_dbg.o
                0x0800ede6                OSDbg_MsgQSize
 .rodata.OSDbg_Mutex
                0x0800ede8       0x30 ../UCOS3/uCOS-III/Source/os_dbg.o
                0x0800ede8                OSDbg_Mutex
 .rodata.OSDbg_MutexEn
                0x0800ee18        0x1 ../UCOS3/uCOS-III/Source/os_dbg.o
                0x0800ee18                OSDbg_MutexEn
 .rodata.OSDbg_MutexDelEn
                0x0800ee19        0x1 ../UCOS3/uCOS-III/Source/os_dbg.o
                0x0800ee19                OSDbg_MutexDelEn
 .rodata.OSDbg_MutexPendAbortEn
                0x0800ee1a        0x1 ../UCOS3/uCOS-III/Source/os_dbg.o
                0x0800ee1a                OSDbg_MutexPendAbortEn
 *fill*         0x0800ee1b        0x1 
 .rodata.OSDbg_MutexSize
                0x0800ee1c        0x2 ../UCOS3/uCOS-III/Source/os_dbg.o
                0x0800ee1c                OSDbg_MutexSize
 .rodata.OSDbg_ObjTypeChkEn
                0x0800ee1e        0x1 ../UCOS3/uCOS-III/Source/os_dbg.o
                0x0800ee1e                OSDbg_ObjTypeChkEn
 .rodata.OSDbg_PendMultiEn
                0x0800ee1f        0x1 ../UCOS3/uCOS-III/Source/os_dbg.o
                0x0800ee1f                OSDbg_PendMultiEn
 .rodata.OSDbg_PendDataSize
                0x0800ee20        0x2 ../UCOS3/uCOS-III/Source/os_dbg.o
                0x0800ee20                OSDbg_PendDataSize
 .rodata.OSDbg_PendListSize
                0x0800ee22        0x2 ../UCOS3/uCOS-III/Source/os_dbg.o
                0x0800ee22                OSDbg_PendListSize
 .rodata.OSDbg_PendObjSize
                0x0800ee24        0x2 ../UCOS3/uCOS-III/Source/os_dbg.o
                0x0800ee24                OSDbg_PendObjSize
 .rodata.OSDbg_PrioMax
                0x0800ee26        0x2 ../UCOS3/uCOS-III/Source/os_dbg.o
                0x0800ee26                OSDbg_PrioMax
 .rodata.OSDbg_PrioTblSize
                0x0800ee28        0x2 ../UCOS3/uCOS-III/Source/os_dbg.o
                0x0800ee28                OSDbg_PrioTblSize
 .rodata.OSDbg_PtrSize
                0x0800ee2a        0x2 ../UCOS3/uCOS-III/Source/os_dbg.o
                0x0800ee2a                OSDbg_PtrSize
 .rodata.OSDbg_Q
                0x0800ee2c       0x30 ../UCOS3/uCOS-III/Source/os_dbg.o
                0x0800ee2c                OSDbg_Q
 .rodata.OSDbg_QEn
                0x0800ee5c        0x1 ../UCOS3/uCOS-III/Source/os_dbg.o
                0x0800ee5c                OSDbg_QEn
 .rodata.OSDbg_QDelEn
                0x0800ee5d        0x1 ../UCOS3/uCOS-III/Source/os_dbg.o
                0x0800ee5d                OSDbg_QDelEn
 .rodata.OSDbg_QFlushEn
                0x0800ee5e        0x1 ../UCOS3/uCOS-III/Source/os_dbg.o
                0x0800ee5e                OSDbg_QFlushEn
 .rodata.OSDbg_QPendAbortEn
                0x0800ee5f        0x1 ../UCOS3/uCOS-III/Source/os_dbg.o
                0x0800ee5f                OSDbg_QPendAbortEn
 .rodata.OSDbg_QSize
                0x0800ee60        0x2 ../UCOS3/uCOS-III/Source/os_dbg.o
                0x0800ee60                OSDbg_QSize
 .rodata.OSDbg_SchedRoundRobinEn
                0x0800ee62        0x1 ../UCOS3/uCOS-III/Source/os_dbg.o
                0x0800ee62                OSDbg_SchedRoundRobinEn
 *fill*         0x0800ee63        0x1 
 .rodata.OSDbg_Sem
                0x0800ee64       0x28 ../UCOS3/uCOS-III/Source/os_dbg.o
                0x0800ee64                OSDbg_Sem
 .rodata.OSDbg_SemEn
                0x0800ee8c        0x1 ../UCOS3/uCOS-III/Source/os_dbg.o
                0x0800ee8c                OSDbg_SemEn
 .rodata.OSDbg_SemDelEn
                0x0800ee8d        0x1 ../UCOS3/uCOS-III/Source/os_dbg.o
                0x0800ee8d                OSDbg_SemDelEn
 .rodata.OSDbg_SemPendAbortEn
                0x0800ee8e        0x1 ../UCOS3/uCOS-III/Source/os_dbg.o
                0x0800ee8e                OSDbg_SemPendAbortEn
 .rodata.OSDbg_SemSetEn
                0x0800ee8f        0x1 ../UCOS3/uCOS-III/Source/os_dbg.o
                0x0800ee8f                OSDbg_SemSetEn
 .rodata.OSDbg_SemSize
                0x0800ee90        0x2 ../UCOS3/uCOS-III/Source/os_dbg.o
                0x0800ee90                OSDbg_SemSize
 .rodata.OSDbg_RdyList
                0x0800ee92        0x2 ../UCOS3/uCOS-III/Source/os_dbg.o
                0x0800ee92                OSDbg_RdyList
 .rodata.OSDbg_RdyListSize
                0x0800ee94        0x4 ../UCOS3/uCOS-III/Source/os_dbg.o
                0x0800ee94                OSDbg_RdyListSize
 .rodata.OSDbg_StkWidth
                0x0800ee98        0x1 ../UCOS3/uCOS-III/Source/os_dbg.o
                0x0800ee98                OSDbg_StkWidth
 .rodata.OSDbg_StatTaskEn
                0x0800ee99        0x1 ../UCOS3/uCOS-III/Source/os_dbg.o
                0x0800ee99                OSDbg_StatTaskEn
 .rodata.OSDbg_StatTaskStkChkEn
                0x0800ee9a        0x1 ../UCOS3/uCOS-III/Source/os_dbg.o
                0x0800ee9a                OSDbg_StatTaskStkChkEn
 .rodata.OSDbg_TaskChangePrioEn
                0x0800ee9b        0x1 ../UCOS3/uCOS-III/Source/os_dbg.o
                0x0800ee9b                OSDbg_TaskChangePrioEn
 .rodata.OSDbg_TaskDelEn
                0x0800ee9c        0x1 ../UCOS3/uCOS-III/Source/os_dbg.o
                0x0800ee9c                OSDbg_TaskDelEn
 .rodata.OSDbg_TaskQEn
                0x0800ee9d        0x1 ../UCOS3/uCOS-III/Source/os_dbg.o
                0x0800ee9d                OSDbg_TaskQEn
 .rodata.OSDbg_TaskQPendAbortEn
                0x0800ee9e        0x1 ../UCOS3/uCOS-III/Source/os_dbg.o
                0x0800ee9e                OSDbg_TaskQPendAbortEn
 .rodata.OSDbg_TaskProfileEn
                0x0800ee9f        0x1 ../UCOS3/uCOS-III/Source/os_dbg.o
                0x0800ee9f                OSDbg_TaskProfileEn
 .rodata.OSDbg_TaskRegTblSize
                0x0800eea0        0x2 ../UCOS3/uCOS-III/Source/os_dbg.o
                0x0800eea0                OSDbg_TaskRegTblSize
 .rodata.OSDbg_TaskSemPendAbortEn
                0x0800eea2        0x1 ../UCOS3/uCOS-III/Source/os_dbg.o
                0x0800eea2                OSDbg_TaskSemPendAbortEn
 .rodata.OSDbg_TaskSuspendEn
                0x0800eea3        0x1 ../UCOS3/uCOS-III/Source/os_dbg.o
                0x0800eea3                OSDbg_TaskSuspendEn
 .rodata.OSDbg_TCBSize
                0x0800eea4        0x2 ../UCOS3/uCOS-III/Source/os_dbg.o
                0x0800eea4                OSDbg_TCBSize
 .rodata.OSDbg_TickListSize
                0x0800eea6        0x2 ../UCOS3/uCOS-III/Source/os_dbg.o
                0x0800eea6                OSDbg_TickListSize
 .rodata.OSDbg_TimeDlyHMSMEn
                0x0800eea8        0x1 ../UCOS3/uCOS-III/Source/os_dbg.o
                0x0800eea8                OSDbg_TimeDlyHMSMEn
 .rodata.OSDbg_TimeDlyResumeEn
                0x0800eea9        0x1 ../UCOS3/uCOS-III/Source/os_dbg.o
                0x0800eea9                OSDbg_TimeDlyResumeEn
 *fill*         0x0800eeaa        0x2 
 .rodata.OSDbg_Tmr
                0x0800eeac       0x30 ../UCOS3/uCOS-III/Source/os_dbg.o
                0x0800eeac                OSDbg_Tmr
 .rodata.OSDbg_TmrEn
                0x0800eedc        0x1 ../UCOS3/uCOS-III/Source/os_dbg.o
                0x0800eedc                OSDbg_TmrEn
 .rodata.OSDbg_TmrDelEn
                0x0800eedd        0x1 ../UCOS3/uCOS-III/Source/os_dbg.o
                0x0800eedd                OSDbg_TmrDelEn
 .rodata.OSDbg_TmrSize
                0x0800eede        0x2 ../UCOS3/uCOS-III/Source/os_dbg.o
                0x0800eede                OSDbg_TmrSize
 .rodata.OSDbg_VersionNbr
                0x0800eee0        0x2 ../UCOS3/uCOS-III/Source/os_dbg.o
                0x0800eee0                OSDbg_VersionNbr
 *fill*         0x0800eee2        0x2 
 .rodata.OSDbg_DataSize
                0x0800eee4        0x4 ../UCOS3/uCOS-III/Source/os_dbg.o
                0x0800eee4                OSDbg_DataSize
 .rodata.str1.4
                0x0800eee8        0x2 d:/ebs/5.4 2016q3/bin/../lib/gcc/arm-none-eabi/5.4.1/../../../../arm-none-eabi/lib/armv7e-m\libg.a(lib_a-puts.o)
 *fill*         0x0800eeea        0x2 
 .rodata.zeroes.7256
                0x0800eeec       0x10 d:/ebs/5.4 2016q3/bin/../lib/gcc/arm-none-eabi/5.4.1/../../../../arm-none-eabi/lib/armv7e-m\libg.a(lib_a-svfprintf.o)
 .rodata.str1.4
                0x0800eefc       0x42 d:/ebs/5.4 2016q3/bin/../lib/gcc/arm-none-eabi/5.4.1/../../../../arm-none-eabi/lib/armv7e-m\libg.a(lib_a-svfprintf.o)
 *fill*         0x0800ef3e        0x2 
 .rodata.blanks.7255
                0x0800ef40       0x10 d:/ebs/5.4 2016q3/bin/../lib/gcc/arm-none-eabi/5.4.1/../../../../arm-none-eabi/lib/armv7e-m\libg.a(lib_a-svfprintf.o)
 .rodata.zeroes.7271
                0x0800ef50       0x10 d:/ebs/5.4 2016q3/bin/../lib/gcc/arm-none-eabi/5.4.1/../../../../arm-none-eabi/lib/armv7e-m\libg.a(lib_a-vfprintf.o)
 .rodata.str1.4
                0x0800ef60       0x42 d:/ebs/5.4 2016q3/bin/../lib/gcc/arm-none-eabi/5.4.1/../../../../arm-none-eabi/lib/armv7e-m\libg.a(lib_a-vfprintf.o)
 .rodata.blanks.7270
                0x0800ef60       0x10 d:/ebs/5.4 2016q3/bin/../lib/gcc/arm-none-eabi/5.4.1/../../../../arm-none-eabi/lib/armv7e-m\libg.a(lib_a-vfprintf.o)
 .rodata.str1.4
                0x0800ef70       0x10 d:/ebs/5.4 2016q3/bin/../lib/gcc/arm-none-eabi/5.4.1/../../../../arm-none-eabi/lib/armv7e-m\libg.a(lib_a-dtoa.o)
                                 0x12 (size before relaxing)
 .rodata.str1.4
                0x0800ef80       0x10 d:/ebs/5.4 2016q3/bin/../lib/gcc/arm-none-eabi/5.4.1/../../../../arm-none-eabi/lib/armv7e-m\libg.a(lib_a-locale.o)
                                 0x12 (size before relaxing)
 .rodata.__mprec_tens
                0x0800ef90       0xc8 d:/ebs/5.4 2016q3/bin/../lib/gcc/arm-none-eabi/5.4.1/../../../../arm-none-eabi/lib/armv7e-m\libg.a(lib_a-mprec.o)
                0x0800ef90                __mprec_tens
 .rodata.p05.6085
                0x0800f058        0xc d:/ebs/5.4 2016q3/bin/../lib/gcc/arm-none-eabi/5.4.1/../../../../arm-none-eabi/lib/armv7e-m\libg.a(lib_a-mprec.o)
 *fill*         0x0800f064        0x4 
 .rodata.__mprec_bigtens
                0x0800f068       0x28 d:/ebs/5.4 2016q3/bin/../lib/gcc/arm-none-eabi/5.4.1/../../../../arm-none-eabi/lib/armv7e-m\libg.a(lib_a-mprec.o)
                0x0800f068                __mprec_bigtens
 .rodata._ctype_
                0x0800f090      0x101 d:/ebs/5.4 2016q3/bin/../lib/gcc/arm-none-eabi/5.4.1/../../../../arm-none-eabi/lib/armv7e-m\libg.a(lib_a-ctype_.o)
                0x0800f090                _ctype_
                0x0800f194                . = ALIGN (0x4)
 *fill*         0x0800f191        0x3 

.ARM.extab
 *(.ARM.extab* .gnu.linkonce.armextab.*)

.ARM            0x0800f194        0x8
                0x0800f194                __exidx_start = .
 *(.ARM.exidx*)
 .ARM.exidx     0x0800f194        0x8 d:/ebs/5.4 2016q3/bin/../lib/gcc/arm-none-eabi/5.4.1/armv7e-m\libgcc.a(_udivmoddi4.o)
                0x0800f19c                __exidx_end = .

.rel.dyn        0x0800f19c        0x0
 .rel.iplt      0x0800f19c        0x0 app.o

.preinit_array  0x0800f19c        0x0
                0x0800f19c                PROVIDE (__preinit_array_start, .)
 *(.preinit_array*)
                0x0800f19c                PROVIDE (__preinit_array_end, .)

.init_array     0x0800f19c        0x0
                0x0800f19c                PROVIDE (__init_array_start, .)
 *(SORT(.init_array.*))
 *(.init_array*)
                0x0800f19c                PROVIDE (__init_array_end, .)

.fini_array     0x0800f19c        0x0
                [!provide]                PROVIDE (__fini_array_start, .)
 *(SORT(.fini_array.*))
 *(.fini_array*)
                [!provide]                PROVIDE (__fini_array_end, .)
                0x0800f19c                _sidata = LOADADDR (.data)

.data           0x20000000      0x9e0 load address 0x0800f19c
                0x20000000                . = ALIGN (0x4)
                0x20000000                _sdata = .
 *(.data)
 *(.data*)
 .data.mcp23s08_addr
                0x20000000        0x1 mcp23s08_drv.o
                0x20000000                mcp23s08_addr
 .data.Start_of_Packet
                0x20000001        0x1 ./BSP/bsp_int.o
 .data.End_of_Packet
                0x20000002        0x1 ./BSP/bsp_int.o
 *fill*         0x20000003        0x1 
 .data.servo_config
                0x20000004        0xc ./BSP/bsp_gpio.o
                0x20000004                servo_config
 .data.gpio_config
                0x20000010        0xc ./BSP/bsp_gpio.o
                0x20000010                gpio_config
 .data.spi_config
                0x2000001c        0x8 ./BSP/bsp_spi.o
                0x2000001c                spi_config
 .data.uart_config
                0x20000024        0xc ./BSP/bsp_uart.o
                0x20000024                uart_config
 .data.SystemCoreClock
                0x20000030        0x4 ../CMSIS/CMSIS/Infineon/XMC4500_series/Source/System_XMC4500.o
                0x20000030                SystemCoreClock
 *fill*         0x20000034        0x4 
 .data.impure_data
                0x20000038      0x428 d:/ebs/5.4 2016q3/bin/../lib/gcc/arm-none-eabi/5.4.1/../../../../arm-none-eabi/lib/armv7e-m\libg.a(lib_a-impure.o)
 .data._impure_ptr
                0x20000460        0x4 d:/ebs/5.4 2016q3/bin/../lib/gcc/arm-none-eabi/5.4.1/../../../../arm-none-eabi/lib/armv7e-m\libg.a(lib_a-impure.o)
                0x20000460                _impure_ptr
 .data.__global_locale
                0x20000464      0x16c d:/ebs/5.4 2016q3/bin/../lib/gcc/arm-none-eabi/5.4.1/../../../../arm-none-eabi/lib/armv7e-m\libg.a(lib_a-locale.o)
                0x20000464                __global_locale
 .data.__malloc_av_
                0x200005d0      0x408 d:/ebs/5.4 2016q3/bin/../lib/gcc/arm-none-eabi/5.4.1/../../../../arm-none-eabi/lib/armv7e-m\libg.a(lib_a-mallocr.o)
                0x200005d0                __malloc_av_
 .data.__malloc_trim_threshold
                0x200009d8        0x4 d:/ebs/5.4 2016q3/bin/../lib/gcc/arm-none-eabi/5.4.1/../../../../arm-none-eabi/lib/armv7e-m\libg.a(lib_a-mallocr.o)
                0x200009d8                __malloc_trim_threshold
 .data.__malloc_sbrk_base
                0x200009dc        0x4 d:/ebs/5.4 2016q3/bin/../lib/gcc/arm-none-eabi/5.4.1/../../../../arm-none-eabi/lib/armv7e-m\libg.a(lib_a-mallocr.o)
                0x200009dc                __malloc_sbrk_base
                0x200009e0                . = ALIGN (0x4)
                0x200009e0                _edata = .

.igot.plt       0x200009e0        0x0 load address 0x0800fb7c
 .igot.plt      0x200009e0        0x0 app.o
                0x200009e0                . = ALIGN (0x4)

.bss            0x200009e0     0x29d0 load address 0x0800fb7c
                0x200009e0                _sbss = .
                0x200009e0                __bss_start__ = _sbss
 *(.bss)
 *(.bss*)
 .bss.AppStartTaskStk
                0x200009e0      0x400 app.o
 .bss.AppStartTaskTCB
                0x20000de0       0xc0 app.o
 .bss.AppTaskComStk
                0x20000ea0      0x400 app.o
 .bss.AppTaskEndstopsStk