Archive member included to satisfy reference by file (symbol)

d:/ebs/5.4 2016q3/bin/../lib/gcc/arm-none-eabi/5.4.1/armv7e-m\libgcc.a(_arm_addsubsf3.o)
                              ../XMCLIB/src/xmc4_scu.o (__aeabi_ui2f)
d:/ebs/5.4 2016q3/bin/../lib/gcc/arm-none-eabi/5.4.1/armv7e-m\libgcc.a(_arm_muldivsf3.o)
                              ../XMCLIB/src/xmc4_scu.o (__aeabi_fmul)
d:/ebs/5.4 2016q3/bin/../lib/gcc/arm-none-eabi/5.4.1/armv7e-m\libgcc.a(_arm_fixunssfsi.o)
                              ../XMCLIB/src/xmc4_scu.o (__aeabi_f2uiz)
d:/ebs/5.4 2016q3/bin/../lib/gcc/arm-none-eabi/5.4.1/armv7e-m\libgcc.a(_aeabi_uldivmod.o)
                              ./BSP/cpu_bsp.o (__aeabi_uldivmod)
d:/ebs/5.4 2016q3/bin/../lib/gcc/arm-none-eabi/5.4.1/armv7e-m\libgcc.a(_udivmoddi4.o)
                              d:/ebs/5.4 2016q3/bin/../lib/gcc/arm-none-eabi/5.4.1/armv7e-m\libgcc.a(_aeabi_uldivmod.o) (__udivmoddi4)
d:/ebs/5.4 2016q3/bin/../lib/gcc/arm-none-eabi/5.4.1/armv7e-m\libgcc.a(_dvmd_tls.o)
                              d:/ebs/5.4 2016q3/bin/../lib/gcc/arm-none-eabi/5.4.1/armv7e-m\libgcc.a(_aeabi_uldivmod.o) (__aeabi_ldiv0)
d:/ebs/5.4 2016q3/bin/../lib/gcc/arm-none-eabi/5.4.1/../../../../arm-none-eabi/lib/armv7e-m\libg.a(lib_a-init.o)
                              ./BSP/startup.o (__libc_init_array)
d:/ebs/5.4 2016q3/bin/../lib/gcc/arm-none-eabi/5.4.1/../../../../arm-none-eabi/lib/armv7e-m\libg.a(lib_a-memcpy.o)
                              app.o (memcpy)
d:/ebs/5.4 2016q3/bin/../lib/gcc/arm-none-eabi/5.4.1/../../../../arm-none-eabi/lib/armv7e-m\libg.a(lib_a-memset.o)
                              app.o (memset)
d:/ebs/5.4 2016q3/bin/../lib/gcc/arm-none-eabi/5.4.1/../../../../arm-none-eabi/lib/armv7e-m\libg.a(lib_a-printf.o)
                              app.o (printf)
d:/ebs/5.4 2016q3/bin/../lib/gcc/arm-none-eabi/5.4.1/../../../../arm-none-eabi/lib/armv7e-m\libg.a(lib_a-puts.o)
                              app.o (puts)
d:/ebs/5.4 2016q3/bin/../lib/gcc/arm-none-eabi/5.4.1/../../../../arm-none-eabi/lib/armv7e-m\libg.a(lib_a-sprintf.o)
                              app.o (sprintf)
d:/ebs/5.4 2016q3/bin/../lib/gcc/arm-none-eabi/5.4.1/../../../../arm-none-eabi/lib/armv7e-m\libg.a(lib_a-strlen.o)
                              d:/ebs/5.4 2016q3/bin/../lib/gcc/arm-none-eabi/5.4.1/../../../../arm-none-eabi/lib/armv7e-m\libg.a(lib_a-puts.o) (strlen)
d:/ebs/5.4 2016q3/bin/../lib/gcc/arm-none-eabi/5.4.1/../../../../arm-none-eabi/lib/armv7e-m\libg.a(lib_a-svfprintf.o)
                              d:/ebs/5.4 2016q3/bin/../lib/gcc/arm-none-eabi/5.4.1/../../../../arm-none-eabi/lib/armv7e-m\libg.a(lib_a-sprintf.o) (_svfprintf_r)
d:/ebs/5.4 2016q3/bin/../lib/gcc/arm-none-eabi/5.4.1/../../../../arm-none-eabi/lib/armv7e-m\libg.a(lib_a-vfprintf.o)
                              d:/ebs/5.4 2016q3/bin/../lib/gcc/arm-none-eabi/5.4.1/../../../../arm-none-eabi/lib/armv7e-m\libg.a(lib_a-printf.o) (_vfprintf_r)
d:/ebs/5.4 2016q3/bin/../lib/gcc/arm-none-eabi/5.4.1/../../../../arm-none-eabi/lib/armv7e-m\libg.a(lib_a-wsetup.o)
                              d:/ebs/5.4 2016q3/bin/../lib/gcc/arm-none-eabi/5.4.1/../../../../arm-none-eabi/lib/armv7e-m\libg.a(lib_a-vfprintf.o) (__swsetup_r)
d:/ebs/5.4 2016q3/bin/../lib/gcc/arm-none-eabi/5.4.1/../../../../arm-none-eabi/lib/armv7e-m\libg.a(lib_a-dtoa.o)
                              d:/ebs/5.4 2016q3/bin/../lib/gcc/arm-none-eabi/5.4.1/../../../../arm-none-eabi/lib/armv7e-m\libg.a(lib_a-svfprintf.o) (_dtoa_r)
d:/ebs/5.4 2016q3/bin/../lib/gcc/arm-none-eabi/5.4.1/../../../../arm-none-eabi/lib/armv7e-m\libg.a(lib_a-fflush.o)
                              d:/ebs/5.4 2016q3/bin/../lib/gcc/arm-none-eabi/5.4.1/../../../../arm-none-eabi/lib/armv7e-m\libg.a(lib_a-vfprintf.o) (_fflush_r)
d:/ebs/5.4 2016q3/bin/../lib/gcc/arm-none-eabi/5.4.1/../../../../arm-none-eabi/lib/armv7e-m\libg.a(lib_a-findfp.o)
                              d:/ebs/5.4 2016q3/bin/../lib/gcc/arm-none-eabi/5.4.1/../../../../arm-none-eabi/lib/armv7e-m\libg.a(lib_a-puts.o) (__sinit)
d:/ebs/5.4 2016q3/bin/../lib/gcc/arm-none-eabi/5.4.1/../../../../arm-none-eabi/lib/armv7e-m\libg.a(lib_a-freer.o)
                              d:/ebs/5.4 2016q3/bin/../lib/gcc/arm-none-eabi/5.4.1/../../../../arm-none-eabi/lib/armv7e-m\libg.a(lib_a-wsetup.o) (_free_r)
d:/ebs/5.4 2016q3/bin/../lib/gcc/arm-none-eabi/5.4.1/../../../../arm-none-eabi/lib/armv7e-m\libg.a(lib_a-fvwrite.o)
                              d:/ebs/5.4 2016q3/bin/../lib/gcc/arm-none-eabi/5.4.1/../../../../arm-none-eabi/lib/armv7e-m\libg.a(lib_a-puts.o) (__sfvwrite_r)
d:/ebs/5.4 2016q3/bin/../lib/gcc/arm-none-eabi/5.4.1/../../../../arm-none-eabi/lib/armv7e-m\libg.a(lib_a-fwalk.o)
                              d:/ebs/5.4 2016q3/bin/../lib/gcc/arm-none-eabi/5.4.1/../../../../arm-none-eabi/lib/armv7e-m\libg.a(lib_a-findfp.o) (_fwalk)
d:/ebs/5.4 2016q3/bin/../lib/gcc/arm-none-eabi/5.4.1/../../../../arm-none-eabi/lib/armv7e-m\libg.a(lib_a-impure.o)
[...]
Memory Configuration

Name             Origin             Length             Attributes
FLASH1_cached    0x08000000         0x00100000         xr
FLASH1_uncached  0x0c000000         0x00100000         xr
PSRAM1           0x10000000         0x00010000         xrw
DSRAM1_system    0x20000000         0x00010000         xrw
DSRAM2_comm      0x30000000         0x00008000         xrw
MEMORY_B1        0x60000000         0x00000000         xr
*default*        0x00000000         0xffffffff

Linker script and memory map

LOAD app.o
LOAD os_app_hooks.o
LOAD mylib.o
LOAD mcp23s08_drv.o
LOAD ../UCOS3/uC-CPU/cpu_core.o
LOAD ../UCOS3/uC-CPU/ARM-Cortex-M4/GNU/cpu_c.o
LOAD ../UCOS3/uC-LIB/lib_mem.o
LOAD ../UCOS3/uC-LIB/lib_ascii.o
LOAD ../UCOS3/uC-LIB/lib_math.o
LOAD ../UCOS3/uC-LIB/lib_str.o
LOAD ../UCOS3/uCOS-III/Source/os_q.o
LOAD ../UCOS3/uCOS-III/Source/os_int.o
LOAD ../UCOS3/uCOS-III/Source/os_task.o
LOAD ../UCOS3/uCOS-III/Source/os_msg.o
LOAD ../UCOS3/uCOS-III/Source/os_core.o
LOAD ../UCOS3/uCOS-III/Source/os_tick.o
LOAD ../UCOS3/uCOS-III/Source/os_flag.o
LOAD ../UCOS3/uCOS-III/Source/os_stat.o
LOAD ../UCOS3/uCOS-III/Source/os_prio.o
LOAD ../UCOS3/uCOS-III/Source/os_var.o
LOAD ../UCOS3/uCOS-III/Source/os_time.o
LOAD ../UCOS3/uCOS-III/Source/os_cfg_app.o
LOAD ../UCOS3/uCOS-III/Source/os_sem.o
LOAD ../UCOS3/uCOS-III/Source/os_mutex.o
LOAD ../UCOS3/uCOS-III/Source/os_dbg.o
LOAD ../UCOS3/uCOS-III/Source/os_pend_multi.o
LOAD ../UCOS3/uCOS-III/Source/os_mem.o
LOAD ../UCOS3/uCOS-III/Source/os_tmr.o
LOAD ../UCOS3/uCOS-III/Ports/ARM-Cortex-M4/Generic/GNU/os_cpu_c.o
LOAD ./BSP/RTT_Syscalls_GCC.o
LOAD ./BSP/SEGGER_RTT_printf.o
LOAD ./BSP/SEGGER_RTT.o
LOAD ./BSP/bsp_ccu4.o
LOAD ./BSP/bsp_int.o
LOAD ./BSP/bsp_gpio.o
LOAD ./BSP/bsp_spi.o
LOAD ./BSP/bsp_uart.o
LOAD ./BSP/bsp_sys.o
LOAD ./BSP/bsp.o
LOAD ./BSP/debug_lib.o
LOAD ./BSP/cpu_bsp.o
LOAD ../CMSIS/CMSIS/Infineon/Lib/System_LibcStubs.o
LOAD ../CMSIS/CMSIS/Infineon/XMC4500_series/Source/System_XMC4500.o
LOAD ../XMCLIB/src/xmc_dma.o
LOAD ../XMCLIB/src/xmc_usic.o
LOAD ../XMCLIB/src/xmc_math.o
LOAD ../XMCLIB/src/xmc_common.o
LOAD ../XMCLIB/src/xmc_ccu4.o
LOAD ../XMCLIB/src/xmc_prng.o
LOAD ../XMCLIB/src/xmc4_scu.o
LOAD ../XMCLIB/src/xmc_wdt.o
LOAD ../XMCLIB/src/xmc_i2s.o
LOAD ../XMCLIB/src/xmc_fce.o
LOAD ../XMCLIB/src/xmc_pau.o
LOAD ../XMCLIB/src/xmc_spi.o
LOAD ../XMCLIB/src/xmc_uart.o
LOAD ../XMCLIB/src/xmc_ccu8.o
LOAD ../XMCLIB/src/xmc_usbd.o
LOAD ../XMCLIB/src/xmc_i2c.o
LOAD ../XMCLIB/src/xmc_hrpwm.o
LOAD ../XMCLIB/src/xmc4_flash.o
LOAD ../XMCLIB/src/xmc_ledts.o
LOAD ../XMCLIB/src/xmc_ebu.o
LOAD ../XMCLIB/src/xmc_can.o
LOAD ../XMCLIB/src/xmc_eru.o
LOAD ../XMCLIB/src/xmc_vadc.o
LOAD ../XMCLIB/src/xmc_ecat.o
LOAD ../XMCLIB/src/xmc4_eru.o
LOAD ../XMCLIB/src/xmc_gpio.o
LOAD ../XMCLIB/src/xmc_bccu.o
LOAD ../XMCLIB/src/xmc_eth_mac.o
LOAD ../XMCLIB/src/xmc4_gpio.o
LOAD ../XMCLIB/src/xmc_acmp.o
LOAD ../XMCLIB/src/xmc_dac.o
LOAD ../XMCLIB/src/xmc_rtc.o
LOAD ../XMCLIB/src/xmc_dsd.o
LOAD ../XMCLIB/src/xmc_sdmmc.o
LOAD ../XMCLIB/src/xmc4_rtc.o
LOAD ../XMCLIB/src/xmc_posif.o
LOAD ./BSP/startup.o
LOAD ../UCOS3/uCOS-III/Ports/ARM-Cortex-M4/Generic/GNU/os_cpu_a.o
LOAD ../UCOS3/uC-CPU/ARM-Cortex-M4/GNU/cpu_a.o
LOAD ../UCOS3/uC-LIB/Ports/ARM-Cortex-M4/GNU/lib_mem_a.o
LOAD ../CMSIS/CMSIS/Infineon/XMC4500_series/Source/GCC/startup_XMC4500.o
LOAD ../CMSIS/CMSIS/Lib/GCC\libarm_cortexM4_mathL_2.a
LOAD ../CMSIS/CMSIS/Infineon/Lib\libxmclibcstubs.a
LOAD d:/ebs/5.4 2016q3/bin/../lib/gcc/arm-none-eabi/5.4.1/../../../../arm-none-eabi/lib/armv7e-m\libm.a
START GROUP
LOAD d:/ebs/5.4 2016q3/bin/../lib/gcc/arm-none-eabi/5.4.1/armv7e-m\libgcc.a
LOAD d:/ebs/5.4 2016q3/bin/../lib/gcc/arm-none-eabi/5.4.1/../../../../arm-none-eabi/lib/armv7e-m\libg.a
LOAD d:/ebs/5.4 2016q3/bin/../lib/gcc/arm-none-eabi/5.4.1/../../../../arm-none-eabi/lib/armv7e-m\libc.a
END GROUP
                0x20010000                _estack = 0x20010000
                0x00000000                _Min_Heap_Size = 0x0
                0x00000200                _Min_Stack_Size = 0x200

.isr_vector     0x08000000      0x200
                0x08000000                . = ALIGN (0x4)
                0x08000000                _isr_vector = .
 *(.isr_vector)
 .isr_vector    0x08000000      0x200 ./BSP/startup.o
                0x08000000                g_pfnVectors
                0x08000200                . = ALIGN (0x4)

.text           0x08000200     0xe030
                0x08000200                . = ALIGN (0x4)
 *(.text)
 .text          0x08000200       0xd8 ../UCOS3/uCOS-III/Ports/ARM-Cortex-M4/Generic/GNU/os_cpu_a.o
                0x08000200                OSStartHighRdy
                0x08000270                OSCtxSw
                0x0800027a                OSIntCtxSw
                0x08000284                OS_CPU_PendSVHandler
 .text          0x080002d8       0x34 ../UCOS3/uC-CPU/ARM-Cortex-M4/GNU/cpu_a.o
                0x080002d8                CPU_IntDis
                0x080002dc                CPU_IntEn
                0x080002e0                CPU_SR_Save
                0x080002e8                CPU_SR_Restore
                0x080002ee                CPU_WaitForInt
                0x080002f2                CPU_WaitForExcept
                0x080002f6                CPU_CntLeadZeros
                0x080002fc                CPU_CntTrailZeros
                0x08000306                CPU_RevBits
 .text          0x0800030c       0x30 d:/ebs/5.4 2016q3/bin/../lib/gcc/arm-none-eabi/5.4.1/armv7e-m\libgcc.a(_aeabi_uldivmod.o)
                0x0800030c                __aeabi_uldivmod
 .text          0x0800033c      0x2e4 d:/ebs/5.4 2016q3/bin/../lib/gcc/arm-none-eabi/5.4.1/armv7e-m\libgcc.a(_udivmoddi4.o)
                0x0800033c                __udivmoddi4
 .text          0x08000620        0x4 d:/ebs/5.4 2016q3/bin/../lib/gcc/arm-none-eabi/5.4.1/armv7e-m\libgcc.a(_dvmd_tls.o)
                0x08000620                __aeabi_idiv0
                0x08000620                __aeabi_ldiv0
 .text          0x08000624      0x134 d:/ebs/5.4 2016q3/bin/../lib/gcc/arm-none-eabi/5.4.1/../../../../arm-none-eabi/lib/armv7e-m\libg.a(lib_a-memcpy.o)
                0x08000624                memcpy
 *fill*         0x08000758       0x28 
 .text          0x08000780       0xdc d:/ebs/5.4 2016q3/bin/../lib/gcc/arm-none-eabi/5.4.1/../../../../arm-none-eabi/lib/armv7e-m\libg.a(lib_a-strlen.o)
                0x08000780                strlen
 *fill*         0x0800085c        0x4 
 .text          0x08000860       0xa0 d:/ebs/5.4 2016q3/bin/../lib/gcc/arm-none-eabi/5.4.1/../../../../arm-none-eabi/lib/armv7e-m\libg.a(lib_a-memchr.o)
                0x08000860                memchr
 .text          0x08000900      0x370 d:/ebs/5.4 2016q3/bin/../lib/gcc/arm-none-eabi/5.4.1/armv7e-m\libgcc.a(_arm_addsubdf3.o)
                0x08000900                __aeabi_drsub
                0x08000908                __aeabi_dsub
                0x08000908                __subdf3
                0x0800090c                __aeabi_dadd
                0x0800090c                __adddf3
                0x08000b84                __floatunsidf
                0x08000b84                __aeabi_ui2d
                0x08000ba4                __floatsidf
                0x08000ba4                __aeabi_i2d
                0x08000bc8                __aeabi_f2d
                0x08000bc8                __extendsfdf2
                0x08000c04                __floatundidf
                0x08000c04                __aeabi_ul2d
                0x08000c14                __floatdidf
                0x08000c14                __aeabi_l2d
 .text          0x08000c70      0x424 d:/ebs/5.4 2016q3/bin/../lib/gcc/arm-none-eabi/5.4.1/armv7e-m\libgcc.a(_arm_muldivdf3.o)
                0x08000c70                __aeabi_dmul
                0x08000c70                __muldf3
                0x08000ec4                __divdf3
                0x08000ec4                __aeabi_ddiv
 .text          0x08001094      0x110 d:/ebs/5.4 2016q3/bin/../lib/gcc/arm-none-eabi/5.4.1/armv7e-m\libgcc.a(_arm_cmpdf2.o)
                0x08001094                __gtdf2
                0x08001094                __gedf2
                0x0800109c                __ltdf2
                0x0800109c                __ledf2
                0x080010a4                __nedf2
                0x080010a4                __eqdf2
                0x080010a4                __cmpdf2
                0x08001120                __aeabi_cdrcmple
                0x08001130                __aeabi_cdcmpeq
                0x08001130                __aeabi_cdcmple
                0x08001140                __aeabi_dcmpeq
                0x08001154                __aeabi_dcmplt
                0x08001168                __aeabi_dcmple
                0x0800117c                __aeabi_dcmpge
                0x08001190                __aeabi_dcmpgt
 .text          0x080011a4       0x2c d:/ebs/5.4 2016q3/bin/../lib/gcc/arm-none-eabi/5.4.1/armv7e-m\libgcc.a(_arm_unorddf2.o)
                0x080011a4                __unorddf2
                0x080011a4                __aeabi_dcmpun
 .text          0x080011d0       0x50 d:/ebs/5.4 2016q3/bin/../lib/gcc/arm-none-eabi/5.4.1/armv7e-m\libgcc.a(_arm_fixdfsi.o)
                0x080011d0                __aeabi_d2iz
                0x080011d0                __fixdfsi
 *(.text*)
 .text.main     0x08001220       0x98 app.o
                0x08001220                main
 .text.AppTaskStart
                0x080012b8       0x90 app.o
 .text.AppObjCreate
                0x08001348       0xf8 app.o
 .text.AppTaskCreate
                0x08001440       0xfc app.o
 .text.AppTaskCom
                0x0800153c      0x140 app.o
 .text.AppTaskStepper_Y
                0x0800167c       0x30 app.o
                0x0800167c                AppTaskStepper_Y
 .text.AppTaskStepper_X
                0x080016ac       0x30 app.o
                0x080016ac                AppTaskStepper_X
 .text.XMC_GPIO_GetInput
                0x080016dc       0x24 mylib.o
 .text.debounce
                0x08001700       0x34 mylib.o
                0x08001700                debounce
 .text.pen_up   0x08001734       0x10 mylib.o
                0x08001734                pen_up
 .text.XMC_GPIO_SetOutputHigh
                0x08001744       0x20 mcp23s08_drv.o
 .text.XMC_GPIO_SetOutputLow
                0x08001764       0x24 mcp23s08_drv.o
 .text._mcp23s08_reset_ss
                0x08001788       0x20 mcp23s08_drv.o
                0x08001788                _mcp23s08_reset_ss
 .text._mcp23s08_set_ss
                0x080017a8       0x20 mcp23s08_drv.o
                0x080017a8                _mcp23s08_set_ss
 .text._mcp23s08_reset
                0x080017c8       0x20 mcp23s08_drv.o
                0x080017c8                _mcp23s08_reset
 .text._mcp23s08_reg_xfer
                0x080017e8       0xb0 mcp23s08_drv.o
                0x080017e8                _mcp23s08_reg_xfer
 .text._mcp23s08_step_posy
                0x08001898       0xcc mcp23s08_drv.o
                0x08001898                _mcp23s08_step_posy
 .text._mcp23s08_step_negy
                0x08001964       0xc8 mcp23s08_drv.o
                0x08001964                _mcp23s08_step_negy
 .text._mcp23s08_step_posx
                0x08001a2c       0xc4 mcp23s08_drv.o
                0x08001a2c                _mcp23s08_step_posx
 .text._mcp23s08_step_negx
                0x08001af0       0xcc mcp23s08_drv.o
                0x08001af0                _mcp23s08_step_negx
 .text._mcp23s08_goto_0_0
                0x08001bbc       0x44 mcp23s08_drv.o
                0x08001bbc                _mcp23s08_goto_0_0
 .text._mcp23s08_Plotter_Init
                0x08001c00       0x1c mcp23s08_drv.o
                0x08001c00                _mcp23s08_Plotter_Init
 .text._mcp23s08_config_gpio
                0x08001c1c       0x2c mcp23s08_drv.o
                0x08001c1c                _mcp23s08_config_gpio
 .text.CPU_Init
                0x08001c48       0x10 ../UCOS3/uC-CPU/cpu_core.o
                0x08001c48                CPU_Init
 .text.CPU_SW_Exception
                0x08001c58        0x8 ../UCOS3/uC-CPU/cpu_core.o
                0x08001c58                CPU_SW_Exception
 .text.CPU_NameClr
                0x08001c60       0x2c ../UCOS3/uC-CPU/cpu_core.o
                0x08001c60                CPU_NameClr
 .text.CPU_TS_TmrFreqSet
                0x08001c8c       0x1c ../UCOS3/uC-CPU/cpu_core.o
                0x08001c8c                CPU_TS_TmrFreqSet
 .text.CPU_NameInit
                0x08001ca8        0xc ../UCOS3/uC-CPU/cpu_core.o
 .text.CPU_TS_Init
                0x08001cb4       0x18 ../UCOS3/uC-CPU/cpu_core.o
 .text.CPU_IntSrcEn
                0x08001ccc      0x14c ../UCOS3/uC-CPU/ARM-Cortex-M4/GNU/cpu_c.o
                0x08001ccc                CPU_IntSrcEn
 .text.Mem_Init
                0x08001e18       0x4c ../UCOS3/uC-LIB/lib_mem.o
                0x08001e18                Mem_Init
 .text.Mem_Clr  0x08001e64       0x1c ../UCOS3/uC-LIB/lib_mem.o
                0x08001e64                Mem_Clr
 .text.Mem_Set  0x08001e80       0xb4 ../UCOS3/uC-LIB/lib_mem.o
                0x08001e80                Mem_Set
 .text.Mem_SegCreate
                0x08001f34       0x40 ../UCOS3/uC-LIB/lib_mem.o
                0x08001f34                Mem_SegCreate
 .text.Mem_SegCreateCritical
                0x08001f74       0x48 ../UCOS3/uC-LIB/lib_mem.o
 .text.Math_Init
                0x08001fbc       0x10 ../UCOS3/uC-LIB/lib_math.o
                0x08001fbc                Math_Init
 .text.Math_RandSetSeed
                0x08001fcc       0x2c ../UCOS3/uC-LIB/lib_math.o
                0x08001fcc                Math_RandSetSeed
 .text.OSQCreate
                0x08001ff8       0xa0 ../UCOS3/uCOS-III/Source/os_q.o
                0x08001ff8                OSQCreate
 .text.OSQPend  0x08002098      0x1f0 ../UCOS3/uCOS-III/Source/os_q.o
                0x08002098                OSQPend
 .text.OSQPost  0x08002288       0xb0 ../UCOS3/uCOS-III/Source/os_q.o
                0x08002288                OSQPost
 .text.OS_QDbgListAdd
                0x08002338       0x4c ../UCOS3/uCOS-III/Source/os_q.o
                0x08002338                OS_QDbgListAdd
 .text.OS_QInit
                0x08002384       0x2c ../UCOS3/uCOS-III/Source/os_q.o
                0x08002384                OS_QInit
 .text.OS_QPost
                0x080023b0       0xd0 ../UCOS3/uCOS-III/Source/os_q.o
                0x080023b0                OS_QPost
 .text.OSTaskCreate
                0x08002480      0x1fc ../UCOS3/uCOS-III/Source/os_task.o
                0x08002480                OSTaskCreate
 .text.OSTaskResume
                0x0800267c       0x64 ../UCOS3/uCOS-III/Source/os_task.o
                0x0800267c                OSTaskResume
 .text.OSTaskSemPend
                0x080026e0      0x1e0 ../UCOS3/uCOS-III/Source/os_task.o
                0x080026e0                OSTaskSemPend
 .text.OSTaskSemPost
                0x080028c0       0x48 ../UCOS3/uCOS-III/Source/os_task.o
                0x080028c0                OSTaskSemPost
 .text.OSTaskStkChk
                0x08002908       0xf0 ../UCOS3/uCOS-III/Source/os_task.o
                0x08002908                OSTaskStkChk
 .text.OSTaskSuspend
                0x080029f8       0x44 ../UCOS3/uCOS-III/Source/os_task.o
                0x080029f8                OSTaskSuspend
 .text.OS_TaskDbgListAdd
                0x08002a3c       0x4c ../UCOS3/uCOS-III/Source/os_task.o
                0x08002a3c                OS_TaskDbgListAdd
 .text.OS_TaskInit
                0x08002a88       0x38 ../UCOS3/uCOS-III/Source/os_task.o
                0x08002a88                OS_TaskInit
 .text.OS_TaskInitTCB
                0x08002ac0      0x19c ../UCOS3/uCOS-III/Source/os_task.o
                0x08002ac0                OS_TaskInitTCB
 .text.OS_TaskResume
                0x08002c5c      0x124 ../UCOS3/uCOS-III/Source/os_task.o
                0x08002c5c                OS_TaskResume
 .text.OS_TaskReturn
                0x08002d80       0x28 ../UCOS3/uCOS-III/Source/os_task.o
                0x08002d80                OS_TaskReturn
 .text.OS_TaskSemPost
                0x08002da8      0x128 ../UCOS3/uCOS-III/Source/os_task.o
                0x08002da8                OS_TaskSemPost
 .text.OS_TaskSuspend
                0x08002ed0      0x118 ../UCOS3/uCOS-III/Source/os_task.o
                0x08002ed0                OS_TaskSuspend
 .text.OS_TaskChangePrio
                0x08002fe8      0x148 ../UCOS3/uCOS-III/Source/os_task.o
                0x08002fe8                OS_TaskChangePrio
 .text.OS_MsgPoolInit
                0x08003130       0xcc ../UCOS3/uCOS-III/Source/os_msg.o
                0x08003130                OS_MsgPoolInit
 .text.OS_MsgQInit
                0x080031fc       0x34 ../UCOS3/uCOS-III/Source/os_msg.o
                0x080031fc                OS_MsgQInit
 .text.OS_MsgQGet
                0x08003230       0xbc ../UCOS3/uCOS-III/Source/os_msg.o
                0x08003230                OS_MsgQGet
 .text.OS_MsgQPut
                0x080032ec      0x110 ../UCOS3/uCOS-III/Source/os_msg.o
                0x080032ec                OS_MsgQPut
 .text.OSInit   0x080033fc      0x1e4 ../UCOS3/uCOS-III/Source/os_core.o
                0x080033fc                OSInit
 .text.OSIntEnter
                0x080035e0       0x38 ../UCOS3/uCOS-III/Source/os_core.o
                0x080035e0                OSIntEnter
 .text.OSIntExit
                0x08003618       0xd8 ../UCOS3/uCOS-III/Source/os_core.o
                0x08003618                OSIntExit
 .text.OSSched  0x080036f0       0xa8 ../UCOS3/uCOS-III/Source/os_core.o
                0x080036f0                OSSched
 .text.OSSchedLock
                0x08003798       0x78 ../UCOS3/uCOS-III/Source/os_core.o
                0x08003798                OSSchedLock
 .text.OSSchedUnlock
                0x08003810       0x94 ../UCOS3/uCOS-III/Source/os_core.o
                0x08003810                OSSchedUnlock
 .text.OSStart  0x080038a4       0x80 ../UCOS3/uCOS-III/Source/os_core.o
                0x080038a4                OSStart
 .text.OS_IdleTask
                0x08003924       0x3c ../UCOS3/uCOS-III/Source/os_core.o
                0x08003924                OS_IdleTask
 .text.OS_IdleTaskInit
                0x08003960       0x68 ../UCOS3/uCOS-III/Source/os_core.o
                0x08003960                OS_IdleTaskInit
 .text.OS_Pend  0x080039c8       0x84 ../UCOS3/uCOS-III/Source/os_core.o
                0x080039c8                OS_Pend
 .text.OS_PendDataInit
                0x08003a4c       0x6c ../UCOS3/uCOS-III/Source/os_core.o
                0x08003a4c                OS_PendDataInit
 .text.OS_PendDbgNameAdd
                0x08003ab8       0x7c ../UCOS3/uCOS-III/Source/os_core.o
                0x08003ab8                OS_PendDbgNameAdd
 .text.OS_PendDbgNameRemove
                0x08003b34       0x48 ../UCOS3/uCOS-III/Source/os_core.o
                0x08003b34                OS_PendDbgNameRemove
 .text.OS_PendListChangePrio
                0x08003b7c       0x58 ../UCOS3/uCOS-III/Source/os_core.o
                0x08003b7c                OS_PendListChangePrio
 .text.OS_PendListInit
                0x08003bd4       0x24 ../UCOS3/uCOS-III/Source/os_core.o
                0x08003bd4                OS_PendListInit
 .text.OS_PendListInsertPrio
                0x08003bf8       0xe8 ../UCOS3/uCOS-III/Source/os_core.o
                0x08003bf8                OS_PendListInsertPrio
 .text.OS_PendListRemove
                0x08003ce0       0x54 ../UCOS3/uCOS-III/Source/os_core.o
                0x08003ce0                OS_PendListRemove
 .text.OS_PendListRemove1
                0x08003d34       0x94 ../UCOS3/uCOS-III/Source/os_core.o
                0x08003d34                OS_PendListRemove1
 .text.OS_Post  0x08003dc8      0x130 ../UCOS3/uCOS-III/Source/os_core.o
                0x08003dc8                OS_Post
 .text.OS_Post1
                0x08003ef8       0x60 ../UCOS3/uCOS-III/Source/os_core.o
                0x08003ef8                OS_Post1
 .text.OS_RdyListInit
                0x08003f58       0x48 ../UCOS3/uCOS-III/Source/os_core.o
                0x08003f58                OS_RdyListInit
 .text.OS_RdyListInsert
                0x08003fa0       0x3c ../UCOS3/uCOS-III/Source/os_core.o
                0x08003fa0                OS_RdyListInsert
 .text.OS_RdyListInsertHead
                0x08003fdc       0x80 ../UCOS3/uCOS-III/Source/os_core.o
                0x08003fdc                OS_RdyListInsertHead
 .text.OS_RdyListInsertTail
                0x0800405c       0x80 ../UCOS3/uCOS-III/Source/os_core.o
                0x0800405c                OS_RdyListInsertTail
 .text.OS_RdyListRemove
                0x080040dc       0xb0 ../UCOS3/uCOS-III/Source/os_core.o
                0x080040dc                OS_RdyListRemove
 .text.OS_SchedLockTimeMeasStart
                0x0800418c       0x24 ../UCOS3/uCOS-III/Source/os_core.o
                0x0800418c                OS_SchedLockTimeMeasStart
 .text.OS_SchedLockTimeMeasStop
                0x080041b0       0x54 ../UCOS3/uCOS-III/Source/os_core.o
                0x080041b0                OS_SchedLockTimeMeasStop
 .text.OS_TaskBlock
                0x08004204       0x40 ../UCOS3/uCOS-III/Source/os_core.o
                0x08004204                OS_TaskBlock
 .text.OS_TickTask
                0x08004244       0x64 ../UCOS3/uCOS-III/Source/os_tick.o
                0x08004244                OS_TickTask
 .text.OS_TickTaskInit
                0x080042a8       0xd8 ../UCOS3/uCOS-III/Source/os_tick.o
                0x080042a8                OS_TickTaskInit
 .text.OS_TickListInsert
                0x08004380      0x12c ../UCOS3/uCOS-III/Source/os_tick.o
                0x08004380                OS_TickListInsert
 .text.OS_TickListInsertDly
                0x080044ac      0x108 ../UCOS3/uCOS-III/Source/os_tick.o
                0x080044ac                OS_TickListInsertDly
 .text.OS_TickListRemove
                0x080045b4       0xc8 ../UCOS3/uCOS-III/Source/os_tick.o
                0x080045b4                OS_TickListRemove
 .text.OS_TickListResetPeak
                0x0800467c        0xc ../UCOS3/uCOS-III/Source/os_tick.o
                0x0800467c                OS_TickListResetPeak
 .text.OS_TickListUpdateDly
                0x08004688       0xc4 ../UCOS3/uCOS-III/Source/os_tick.o
 .text.OS_TickListUpdateTimeout
                0x0800474c      0x164 ../UCOS3/uCOS-III/Source/os_tick.o
 .text.OS_FlagInit
                0x080048b0       0x2c ../UCOS3/uCOS-III/Source/os_flag.o
                0x080048b0                OS_FlagInit
 .text.OSStatReset
                0x080048dc      0x130 ../UCOS3/uCOS-III/Source/os_stat.o
                0x080048dc                OSStatReset
 .text.OSStatTaskCPUUsageInit
                0x08004a0c       0xfc ../UCOS3/uCOS-III/Source/os_stat.o
                0x08004a0c                OSStatTaskCPUUsageInit
 .text.OS_StatTask
                0x08004b08      0x314 ../UCOS3/uCOS-III/Source/os_stat.o
                0x08004b08                OS_StatTask
 .text.OS_StatTaskInit
                0x08004e1c       0xd4 ../UCOS3/uCOS-III/Source/os_stat.o
                0x08004e1c                OS_StatTaskInit
 .text.OS_PrioInit
                0x08004ef0       0x30 ../UCOS3/uCOS-III/Source/os_prio.o
                0x08004ef0                OS_PrioInit
 .text.OS_PrioGetHighest
                0x08004f20       0x48 ../UCOS3/uCOS-III/Source/os_prio.o
                0x08004f20                OS_PrioGetHighest
 .text.OS_PrioInsert
                0x08004f68       0x4c ../UCOS3/uCOS-III/Source/os_prio.o
                0x08004f68                OS_PrioInsert
 .text.OS_PrioRemove
                0x08004fb4       0x50 ../UCOS3/uCOS-III/Source/os_prio.o
                0x08004fb4                OS_PrioRemove
 .text.OSTimeDly
                0x08005004       0xd8 ../UCOS3/uCOS-III/Source/os_time.o
                0x08005004                OSTimeDly
 .text.OSTimeTick
                0x080050dc       0x54 ../UCOS3/uCOS-III/Source/os_time.o
                0x080050dc                OSTimeTick
 .text.OSCfg_Init
                0x08005130        0xc ../UCOS3/uCOS-III/Source/os_cfg_app.o
                0x08005130                OSCfg_Init
 .text.OS_SemInit
                0x0800513c       0x2c ../UCOS3/uCOS-III/Source/os_sem.o
                0x0800513c                OS_SemInit
 .text.OSMutexCreate
                0x08005168       0x98 ../UCOS3/uCOS-III/Source/os_mutex.o
                0x08005168                OSMutexCreate
 .text.OSMutexPend
                0x08005200      0x210 ../UCOS3/uCOS-III/Source/os_mutex.o
                0x08005200                OSMutexPend
 .text.OSMutexPost
                0x08005410      0x1b8 ../UCOS3/uCOS-III/Source/os_mutex.o
                0x08005410                OSMutexPost
 .text.OS_MutexDbgListAdd
                0x080055c8       0x4c ../UCOS3/uCOS-III/Source/os_mutex.o
                0x080055c8                OS_MutexDbgListAdd
 .text.OS_MutexInit
                0x08005614       0x2c ../UCOS3/uCOS-III/Source/os_mutex.o
                0x08005614                OS_MutexInit
 .text.OS_MutexGrpAdd
                0x08005640       0x24 ../UCOS3/uCOS-III/Source/os_mutex.o
                0x08005640                OS_MutexGrpAdd
 .text.OS_MutexGrpRemove
                0x08005664       0x38 ../UCOS3/uCOS-III/Source/os_mutex.o
                0x08005664                OS_MutexGrpRemove
 .text.OS_MutexGrpPrioFindHighest
                0x0800569c       0x54 ../UCOS3/uCOS-III/Source/os_mutex.o
                0x0800569c                OS_MutexGrpPrioFindHighest
 .text.OS_Dbg_Init
                0x080056f0      0x238 ../UCOS3/uCOS-III/Source/os_dbg.o
                0x080056f0                OS_Dbg_Init
 .text.OSMemCreate
                0x08005928      0x120 ../UCOS3/uCOS-III/Source/os_mem.o
                0x08005928                OSMemCreate
 .text.OSMemGet
                0x08005a48       0x70 ../UCOS3/uCOS-III/Source/os_mem.o
                0x08005a48                OSMemGet
 .text.OSMemPut
                0x08005ab8       0x80 ../UCOS3/uCOS-III/Source/os_mem.o
                0x08005ab8                OSMemPut
 .text.OS_MemDbgListAdd
                0x08005b38       0x44 ../UCOS3/uCOS-III/Source/os_mem.o
                0x08005b38                OS_MemDbgListAdd
 .text.OS_MemInit
                0x08005b7c       0x2c ../UCOS3/uCOS-III/Source/os_mem.o
                0x08005b7c                OS_MemInit
 .text.OS_TmrInit
                0x08005ba8      0x138 ../UCOS3/uCOS-III/Source/os_tmr.o
                0x08005ba8                OS_TmrInit
 .text.OS_TmrResetPeak
                0x08005ce0        0xc ../UCOS3/uCOS-III/Source/os_tmr.o
                0x08005ce0                OS_TmrResetPeak
 .text.OS_TmrUnlink
                0x08005cec       0x7c ../UCOS3/uCOS-III/Source/os_tmr.o
                0x08005cec                OS_TmrUnlink
 .text.OS_TmrTask
                0x08005d68       0xd0 ../UCOS3/uCOS-III/Source/os_tmr.o
                0x08005d68                OS_TmrTask
 .text.OS_TmrLock
                0x08005e38       0x24 ../UCOS3/uCOS-III/Source/os_tmr.o
 .text.OS_TmrUnlock
                0x08005e5c       0x20 ../UCOS3/uCOS-III/Source/os_tmr.o
 .text.OSIdleTaskHook
                0x08005e7c       0x1c ../UCOS3/uCOS-III/Ports/ARM-Cortex-M4/Generic/GNU/os_cpu_c.o
                0x08005e7c                OSIdleTaskHook
 .text.OSInitHook
                0x08005e98       0x38 ../UCOS3/uCOS-III/Ports/ARM-Cortex-M4/Generic/GNU/os_cpu_c.o
                0x08005e98                OSInitHook
 .text.OSStatTaskHook
                0x08005ed0       0x1c ../UCOS3/uCOS-III/Ports/ARM-Cortex-M4/Generic/GNU/os_cpu_c.o
                0x08005ed0                OSStatTaskHook
 .text.OSTaskCreateHook
                0x08005eec       0x24 ../UCOS3/uCOS-III/Ports/ARM-Cortex-M4/Generic/GNU/os_cpu_c.o
                0x08005eec                OSTaskCreateHook
 .text.OSTaskReturnHook
                0x08005f10       0x24 ../UCOS3/uCOS-III/Ports/ARM-Cortex-M4/Generic/GNU/os_cpu_c.o
                0x08005f10                OSTaskReturnHook
 .text.OSTaskStkInit
                0x08005f34      0x108 ../UCOS3/uCOS-III/Ports/ARM-Cortex-M4/Generic/GNU/os_cpu_c.o
                0x08005f34                OSTaskStkInit
 .text.OSTaskSwHook
                0x0800603c       0x98 ../UCOS3/uCOS-III/Ports/ARM-Cortex-M4/Generic/GNU/os_cpu_c.o
                0x0800603c                OSTaskSwHook
 .text.OSTimeTickHook
                0x080060d4       0x1c ../UCOS3/uCOS-III/Ports/ARM-Cortex-M4/Generic/GNU/os_cpu_c.o
                0x080060d4                OSTimeTickHook
 .text.OS_CPU_SysTickHandler
                0x080060f0       0x38 ../UCOS3/uCOS-III/Ports/ARM-Cortex-M4/Generic/GNU/os_cpu_c.o
                0x080060f0                OS_CPU_SysTickHandler
 .text.OS_CPU_SysTickInit
                0x08006128       0x54 ../UCOS3/uCOS-III/Ports/ARM-Cortex-M4/Generic/GNU/os_cpu_c.o
                0x08006128                OS_CPU_SysTickInit
 .text.NVIC_EnableIRQ
                0x0800617c       0x30 ./BSP/bsp_ccu4.o
 .text.NVIC_SetPriority
                0x080061ac       0x54 ./BSP/bsp_ccu4.o
 .text.XMC_CCU4_StartPrescaler
                0x08006200       0x20 ./BSP/bsp_ccu4.o
 .text.XMC_CCU4_EnableClock
                0x08006220       0x28 ./BSP/bsp_ccu4.o
 .text.XMC_CCU4_SLICE_StartTimer
                0x08006248       0x18 ./BSP/bsp_ccu4.o
 .text.XMC_CCU4_SLICE_SetTimerPeriodMatch
                0x08006260       0x1c ./BSP/bsp_ccu4.o
 .text.XMC_CCU4_SLICE_SetTimerCompareMatch
                0x0800627c       0x1c ./BSP/bsp_ccu4.o
 .text.XMC_CCU4_EnableShadowTransfer
                0x08006298       0x20 ./BSP/bsp_ccu4.o
 .text.XMC_CCU4_SLICE_EnableEvent
                0x080062b8       0x2c ./BSP/bsp_ccu4.o
 .text.XMC_SCU_SetCcuTriggerHigh
                0x080062e4       0x24 ./BSP/bsp_ccu4.o
 .text.BSP_CCU4_Init
                0x08006308       0xf4 ./BSP/bsp_ccu4.o
                0x08006308                BSP_CCU4_Init
 .text.CCU40_0_SetCapture
                0x080063fc       0x40 ./BSP/bsp_ccu4.o
                0x080063fc                CCU40_0_SetCapture
 .text.XMC_SCU_SetCcuTriggerHigh
                0x0800643c       0x24 ./BSP/bsp_int.o
 .text.XMC_SCU_SetCcuTriggerLow
                0x08006460       0x24 ./BSP/bsp_int.o
 .text.XMC_CCU4_SLICE_ClearEvent
                0x08006484       0x2c ./BSP/bsp_int.o
 .text.BSP_IntDisAll
                0x080064b0        0xc ./BSP/bsp_int.o
                0x080064b0                BSP_IntDisAll
 .text.BSP_IntEn
                0x080064bc       0x24 ./BSP/bsp_int.o
                0x080064bc                BSP_IntEn
 .text.BSP_IntVectSet
                0x080064e0       0x38 ./BSP/bsp_int.o
                0x080064e0                BSP_IntVectSet
 .text.BSP_IntInit
                0x08006518       0x34 ./BSP/bsp_int.o
                0x08006518                BSP_IntInit
 .text.CCU40_0_IRQHandler
                0x0800654c       0x20 ./BSP/bsp_int.o
 .text.CCU40_1_IRQHandler
                0x0800656c       0x14 ./BSP/bsp_int.o
 .text.BSP_IntHandler_Uart_Recive
                0x08006580      0x110 ./BSP/bsp_int.o
 .text.BSP_IntHandlerSCU
                0x08006690       0x10 ./BSP/bsp_int.o
                0x08006690                BSP_IntHandlerSCU
 .text.BSP_IntHandlerERU0_00
                0x080066a0       0x10 ./BSP/bsp_int.o
                0x080066a0                BSP_IntHandlerERU0_00
 .text.BSP_IntHandlerERU0_01
                0x080066b0       0x10 ./BSP/bsp_int.o
                0x080066b0                BSP_IntHandlerERU0_01
 .text.BSP_IntHandlerERU0_02
                0x080066c0       0x10 ./BSP/bsp_int.o
                0x080066c0                BSP_IntHandlerERU0_02
 .text.BSP_IntHandlerERU0_03
                0x080066d0       0x10 ./BSP/bsp_int.o
                0x080066d0                BSP_IntHandlerERU0_03
 .text.BSP_IntHandlerERU1_00
                0x080066e0       0x10 ./BSP/bsp_int.o
                0x080066e0                BSP_IntHandlerERU1_00
 .text.BSP_IntHandlerERU1_01
                0x080066f0       0x10 ./BSP/bsp_int.o
                0x080066f0                BSP_IntHandlerERU1_01
 .text.BSP_IntHandlerERU1_02
                0x08006700       0x10 ./BSP/bsp_int.o
                0x08006700                BSP_IntHandlerERU1_02
 .text.BSP_IntHandlerERU1_03
                0x08006710       0x10 ./BSP/bsp_int.o
                0x08006710                BSP_IntHandlerERU1_03
 .text.BSP_IntHandlerPMU0_00
                0x08006720       0x10 ./BSP/bsp_int.o
                0x08006720                BSP_IntHandlerPMU0_00
 .text.BSP_IntHandlerVADC0_C0_00
                0x08006730       0x10 ./BSP/bsp_int.o
                0x08006730                BSP_IntHandlerVADC0_C0_00
 .text.BSP_IntHandlerVADC0_C0_01
                0x08006740       0x10 ./BSP/bsp_int.o
                0x08006740                BSP_IntHandlerVADC0_C0_01
 .text.BSP_IntHandlerVADC0_C0_02
                0x08006750       0x10 ./BSP/bsp_int.o
                0x08006750                BSP_IntHandlerVADC0_C0_02
 .text.BSP_IntHandlerVADC0_C0_03
                0x08006760       0x10 ./BSP/bsp_int.o
                0x08006760                BSP_IntHandlerVADC0_C0_03
 .text.BSP_IntHandlerVADC0_G0_00
                0x08006770       0x10 ./BSP/bsp_int.o
                0x08006770                BSP_IntHandlerVADC0_G0_00
 .text.BSP_IntHandlerVADC0_G0_01
                0x08006780       0x10 ./BSP/bsp_int.o
                0x08006780                BSP_IntHandlerVADC0_G0_01
 .text.BSP_IntHandlerVADC0_G0_02
                0x08006790       0x10 ./BSP/bsp_int.o
                0x08006790                BSP_IntHandlerVADC0_G0_02
 .text.BSP_IntHandlerVADC0_G0_03
                0x080067a0       0x10 ./BSP/bsp_int.o
                0x080067a0                BSP_IntHandlerVADC0_G0_03
 .text.BSP_IntHandlerVADC0_G1_00
                0x080067b0       0x10 ./BSP/bsp_int.o
                0x080067b0                BSP_IntHandlerVADC0_G1_00
 .text.BSP_IntHandlerVADC0_G1_01
                0x080067c0       0x10 ./BSP/bsp_int.o
                0x080067c0                BSP_IntHandlerVADC0_G1_01
 .text.BSP_IntHandlerVADC0_G1_02
                0x080067d0       0x10 ./BSP/bsp_int.o
                0x080067d0                BSP_IntHandlerVADC0_G1_02
 .text.BSP_IntHandlerVADC0_G1_03
                0x080067e0       0x10 ./BSP/bsp_int.o
                0x080067e0                BSP_IntHandlerVADC0_G1_03
 .text.BSP_IntHandlerVADC0_G2_00
                0x080067f0       0x10 ./BSP/bsp_int.o
                0x080067f0                BSP_IntHandlerVADC0_G2_00
 .text.BSP_IntHandlerVADC0_G2_01
                0x08006800       0x10 ./BSP/bsp_int.o
                0x08006800                BSP_IntHandlerVADC0_G2_01
 .text.BSP_IntHandlerVADC0_G2_02
                0x08006810       0x10 ./BSP/bsp_int.o
                0x08006810                BSP_IntHandlerVADC0_G2_02
 .text.BSP_IntHandlerVADC0_G2_03
                0x08006820       0x10 ./BSP/bsp_int.o
                0x08006820                BSP_IntHandlerVADC0_G2_03
 .text.BSP_IntHandlerVADC0_G3_00
                0x08006830       0x10 ./BSP/bsp_int.o
                0x08006830                BSP_IntHandlerVADC0_G3_00
 .text.BSP_IntHandlerVADC0_G3_01
                0x08006840       0x10 ./BSP/bsp_int.o
                0x08006840                BSP_IntHandlerVADC0_G3_01
 .text.BSP_IntHandlerVADC0_G3_02
                0x08006850       0x10 ./BSP/bsp_int.o
                0x08006850                BSP_IntHandlerVADC0_G3_02
 .text.BSP_IntHandlerVADC0_G3_03
                0x08006860       0x10 ./BSP/bsp_int.o
                0x08006860                BSP_IntHandlerVADC0_G3_03
 .text.BSP_IntHandlerDSD0_00
                0x08006870       0x10 ./BSP/bsp_int.o
                0x08006870                BSP_IntHandlerDSD0_00
 .text.BSP_IntHandlerDSD0_01
                0x08006880       0x10 ./BSP/bsp_int.o
                0x08006880                BSP_IntHandlerDSD0_01
 .text.BSP_IntHandlerDSD0_02
                0x08006890       0x10 ./BSP/bsp_int.o
                0x08006890                BSP_IntHandlerDSD0_02
 .text.BSP_IntHandlerDSD0_03
                0x080068a0       0x10 ./BSP/bsp_int.o
                0x080068a0                BSP_IntHandlerDSD0_03
 .text.BSP_IntHandlerDSD0_04
                0x080068b0       0x10 ./BSP/bsp_int.o
                0x080068b0                BSP_IntHandlerDSD0_04
 .text.BSP_IntHandlerDSD0_05
                0x080068c0       0x10 ./BSP/bsp_int.o
                0x080068c0                BSP_IntHandlerDSD0_05
 .text.BSP_IntHandlerDSD0_06
                0x080068d0       0x10 ./BSP/bsp_int.o
                0x080068d0                BSP_IntHandlerDSD0_06
 .text.BSP_IntHandlerDSD0_07
                0x080068e0       0x10 ./BSP/bsp_int.o
                0x080068e0                BSP_IntHandlerDSD0_07
 .text.BSP_IntHandlerDAC0_00
                0x080068f0       0x10 ./BSP/bsp_int.o
                0x080068f0                BSP_IntHandlerDAC0_00
 .text.BSP_IntHandlerDAC0_01
                0x08006900       0x10 ./BSP/bsp_int.o
                0x08006900                BSP_IntHandlerDAC0_01
 .text.BSP_IntHandlerCCU40_00
                0x08006910       0x10 ./BSP/bsp_int.o
                0x08006910                BSP_IntHandlerCCU40_00
 .text.BSP_IntHandlerCCU40_01
                0x08006920       0x10 ./BSP/bsp_int.o
                0x08006920                BSP_IntHandlerCCU40_01
 .text.BSP_IntHandlerCCU40_02
                0x08006930       0x10 ./BSP/bsp_int.o
                0x08006930                BSP_IntHandlerCCU40_02
 .text.BSP_IntHandlerCCU40_03
                0x08006940       0x10 ./BSP/bsp_int.o
                0x08006940                BSP_IntHandlerCCU40_03
 .text.BSP_IntHandlerCCU41_00
                0x08006950       0x10 ./BSP/bsp_int.o
                0x08006950                BSP_IntHandlerCCU41_00
 .text.BSP_IntHandlerCCU41_01
                0x08006960       0x10 ./BSP/bsp_int.o
                0x08006960                BSP_IntHandlerCCU41_01
 .text.BSP_IntHandlerCCU41_02
                0x08006970       0x10 ./BSP/bsp_int.o
                0x08006970                BSP_IntHandlerCCU41_02
 .text.BSP_IntHandlerCCU41_03
                0x08006980       0x10 ./BSP/bsp_int.o
                0x08006980                BSP_IntHandlerCCU41_03
 .text.BSP_IntHandlerCCU42_00
                0x08006990       0x10 ./BSP/bsp_int.o
                0x08006990                BSP_IntHandlerCCU42_00
 .text.BSP_IntHandlerCCU42_01
                0x080069a0       0x10 ./BSP/bsp_int.o
                0x080069a0                BSP_IntHandlerCCU42_01
 .text.BSP_IntHandlerCCU42_02
                0x080069b0       0x10 ./BSP/bsp_int.o
                0x080069b0                BSP_IntHandlerCCU42_02
 .text.BSP_IntHandlerCCU42_03
                0x080069c0       0x10 ./BSP/bsp_int.o
                0x080069c0                BSP_IntHandlerCCU42_03
 .text.BSP_IntHandlerCCU43_00
                0x080069d0       0x10 ./BSP/bsp_int.o
                0x080069d0                BSP_IntHandlerCCU43_00
 .text.BSP_IntHandlerCCU43_01
                0x080069e0       0x10 ./BSP/bsp_int.o
                0x080069e0                BSP_IntHandlerCCU43_01
 .text.BSP_IntHandlerCCU43_02
                0x080069f0       0x10 ./BSP/bsp_int.o
                0x080069f0                BSP_IntHandlerCCU43_02
 .text.BSP_IntHandlerCCU43_03
                0x08006a00       0x10 ./BSP/bsp_int.o
                0x08006a00                BSP_IntHandlerCCU43_03
 .text.BSP_IntHandlerCCU80_00
                0x08006a10       0x10 ./BSP/bsp_int.o
                0x08006a10                BSP_IntHandlerCCU80_00
 .text.BSP_IntHandlerCCU80_01
                0x08006a20       0x10 ./BSP/bsp_int.o
                0x08006a20                BSP_IntHandlerCCU80_01
 .text.BSP_IntHandlerCCU80_02
                0x08006a30       0x10 ./BSP/bsp_int.o
                0x08006a30                BSP_IntHandlerCCU80_02
 .text.BSP_IntHandlerCCU80_03
                0x08006a40       0x10 ./BSP/bsp_int.o
                0x08006a40                BSP_IntHandlerCCU80_03
 .text.BSP_IntHandlerCCU81_00
                0x08006a50       0x10 ./BSP/bsp_int.o
                0x08006a50                BSP_IntHandlerCCU81_00
 .text.BSP_IntHandlerCCU81_01
                0x08006a60       0x10 ./BSP/bsp_int.o
                0x08006a60                BSP_IntHandlerCCU81_01
 .text.BSP_IntHandlerCCU81_02
                0x08006a70       0x10 ./BSP/bsp_int.o
                0x08006a70                BSP_IntHandlerCCU81_02
 .text.BSP_IntHandlerCCU81_03
                0x08006a80       0x10 ./BSP/bsp_int.o
                0x08006a80                BSP_IntHandlerCCU81_03
 .text.BSP_IntHandlerPOSIF0_00
                0x08006a90       0x10 ./BSP/bsp_int.o
                0x08006a90                BSP_IntHandlerPOSIF0_00
 .text.BSP_IntHandlerPOSIF0_01
                0x08006aa0       0x10 ./BSP/bsp_int.o
                0x08006aa0                BSP_IntHandlerPOSIF0_01
 .text.BSP_IntHandlerPOSIF1_00
                0x08006ab0       0x10 ./BSP/bsp_int.o
                0x08006ab0                BSP_IntHandlerPOSIF1_00
 .text.BSP_IntHandlerPOSIF1_01
                0x08006ac0       0x10 ./BSP/bsp_int.o
                0x08006ac0                BSP_IntHandlerPOSIF1_01
 .text.BSP_IntHandlerCAN0_00
                0x08006ad0       0x10 ./BSP/bsp_int.o
                0x08006ad0                BSP_IntHandlerCAN0_00
 .text.BSP_IntHandlerCAN0_01
                0x08006ae0       0x10 ./BSP/bsp_int.o
                0x08006ae0                BSP_IntHandlerCAN0_01
 .text.BSP_IntHandlerCAN0_02
                0x08006af0       0x10 ./BSP/bsp_int.o
                0x08006af0                BSP_IntHandlerCAN0_02
 .text.BSP_IntHandlerCAN0_03
                0x08006b00       0x10 ./BSP/bsp_int.o
                0x08006b00                BSP_IntHandlerCAN0_03
 .text.BSP_IntHandlerCAN0_04
                0x08006b10       0x10 ./BSP/bsp_int.o
                0x08006b10                BSP_IntHandlerCAN0_04
 .text.BSP_IntHandlerCAN0_05
                0x08006b20       0x10 ./BSP/bsp_int.o
                0x08006b20                BSP_IntHandlerCAN0_05
 .text.BSP_IntHandlerCAN0_06
                0x08006b30       0x10 ./BSP/bsp_int.o
                0x08006b30                BSP_IntHandlerCAN0_06
 .text.BSP_IntHandlerCAN0_07
                0x08006b40       0x10 ./BSP/bsp_int.o
                0x08006b40                BSP_IntHandlerCAN0_07
 .text.BSP_IntHandlerUSIC0_00
                0x08006b50       0x10 ./BSP/bsp_int.o
                0x08006b50                BSP_IntHandlerUSIC0_00
 .text.BSP_IntHandlerUSIC0_01
                0x08006b60       0x10 ./BSP/bsp_int.o
                0x08006b60                BSP_IntHandlerUSIC0_01
 .text.BSP_IntHandlerUSIC0_02
                0x08006b70       0x10 ./BSP/bsp_int.o
                0x08006b70                BSP_IntHandlerUSIC0_02
 .text.BSP_IntHandlerUSIC0_03
                0x08006b80       0x10 ./BSP/bsp_int.o
                0x08006b80                BSP_IntHandlerUSIC0_03
 .text.BSP_IntHandlerUSIC0_04
                0x08006b90       0x10 ./BSP/bsp_int.o
                0x08006b90                BSP_IntHandlerUSIC0_04
 .text.BSP_IntHandlerUSIC0_05
                0x08006ba0       0x10 ./BSP/bsp_int.o
                0x08006ba0                BSP_IntHandlerUSIC0_05
 .text.BSP_IntHandlerUSIC1_00
                0x08006bb0       0x10 ./BSP/bsp_int.o
                0x08006bb0                BSP_IntHandlerUSIC1_00
 .text.BSP_IntHandlerUSIC1_01
                0x08006bc0       0x10 ./BSP/bsp_int.o
                0x08006bc0                BSP_IntHandlerUSIC1_01
 .text.BSP_IntHandlerUSIC1_02
                0x08006bd0       0x10 ./BSP/bsp_int.o
                0x08006bd0                BSP_IntHandlerUSIC1_02
 .text.BSP_IntHandlerUSIC1_03
                0x08006be0       0x10 ./BSP/bsp_int.o
                0x08006be0                BSP_IntHandlerUSIC1_03
 .text.BSP_IntHandlerUSIC1_04
                0x08006bf0       0x10 ./BSP/bsp_int.o
                0x08006bf0                BSP_IntHandlerUSIC1_04
 .text.BSP_IntHandlerUSIC1_05
                0x08006c00       0x10 ./BSP/bsp_int.o
                0x08006c00                BSP_IntHandlerUSIC1_05
 .text.BSP_IntHandlerUSIC2_00
                0x08006c10       0x10 ./BSP/bsp_int.o
                0x08006c10                BSP_IntHandlerUSIC2_00
 .text.BSP_IntHandlerUSIC2_01
                0x08006c20       0x10 ./BSP/bsp_int.o
                0x08006c20                BSP_IntHandlerUSIC2_01
 .text.BSP_IntHandlerUSIC2_02
                0x08006c30       0x10 ./BSP/bsp_int.o
                0x08006c30                BSP_IntHandlerUSIC2_02
 .text.BSP_IntHandlerUSIC2_03
                0x08006c40       0x10 ./BSP/bsp_int.o
                0x08006c40                BSP_IntHandlerUSIC2_03
 .text.BSP_IntHandlerUSIC2_04
                0x08006c50       0x10 ./BSP/bsp_int.o
                0x08006c50                BSP_IntHandlerUSIC2_04
 .text.BSP_IntHandlerUSIC2_05
                0x08006c60       0x10 ./BSP/bsp_int.o
                0x08006c60                BSP_IntHandlerUSIC2_05
 .text.BSP_IntHandlerLEDTS0_00
                0x08006c70       0x10 ./BSP/bsp_int.o
                0x08006c70                BSP_IntHandlerLEDTS0_00
 .text.BSP_IntHandlerFCE0_00
                0x08006c80       0x10 ./BSP/bsp_int.o
                0x08006c80                BSP_IntHandlerFCE0_00
 .text.BSP_IntHandlerGPDMA0_00
                0x08006c90       0x10 ./BSP/bsp_int.o
                0x08006c90                BSP_IntHandlerGPDMA0_00
 .text.BSP_IntHandlerSDMMC0_00
                0x08006ca0       0x10 ./BSP/bsp_int.o
                0x08006ca0                BSP_IntHandlerSDMMC0_00
 .text.BSP_IntHandlerUSB0_00
                0x08006cb0       0x10 ./BSP/bsp_int.o
                0x08006cb0                BSP_IntHandlerUSB0_00
 .text.BSP_IntHandlerETH0_00
                0x08006cc0       0x10 ./BSP/bsp_int.o
                0x08006cc0                BSP_IntHandlerETH0_00
 .text.BSP_IntHandlerGPDMA1_00
                0x08006cd0       0x10 ./BSP/bsp_int.o
                0x08006cd0                BSP_IntHandlerGPDMA1_00
 .text.BSP_IntHandler
                0x08006ce0       0x48 ./BSP/bsp_int.o
 .text.BSP_GPIO_Init
                0x08006d28       0x44 ./BSP/bsp_gpio.o
                0x08006d28                BSP_GPIO_Init
 .text.XMC_USIC_CH_SetInputSource
                0x08006d6c       0x3c ./BSP/bsp_spi.o
 .text.XMC_USIC_CH_SetMode
                0x08006da8       0x28 ./BSP/bsp_spi.o
 .text.XMC_SPI_CH_Start
                0x08006dd0       0x18 ./BSP/bsp_spi.o
 .text.XMC_SPI_CH_GetStatusFlag
                0x08006de8       0x18 ./BSP/bsp_spi.o
 .text.XMC_SPI_CH_ClearStatusFlag
                0x08006e00       0x20 ./BSP/bsp_spi.o
 .text.XMC_SPI_CH_SetInputSource
                0x08006e20       0x34 ./BSP/bsp_spi.o
 .text.XMC_GPIO_SetOutputHigh
                0x08006e54       0x20 ./BSP/bsp_spi.o
 .text.BSP_SPI_Init
                0x08006e74       0xc4 ./BSP/bsp_spi.o
                0x08006e74                BSP_SPI_Init
 .text._spi_transmit
                0x08006f38       0x40 ./BSP/bsp_spi.o
                0x08006f38                _spi_transmit
 .text._spi_receive
                0x08006f78       0x1c ./BSP/bsp_spi.o
                0x08006f78                _spi_receive
 .text.NVIC_EnableIRQ
                0x08006f94       0x30 ./BSP/bsp_uart.o
 .text.XMC_USIC_CH_SetInputSource
                0x08006fc4       0x3c ./BSP/bsp_uart.o
 .text.XMC_UART_CH_Start
                0x08007000       0x24 ./BSP/bsp_uart.o
 .text.XMC_UART_CH_SetInterruptNodePointer
                0x08007024       0x20 ./BSP/bsp_uart.o
 .text.XMC_UART_CH_SetInputSource
                0x08007044       0x34 ./BSP/bsp_uart.o
 .text.BSP_UART_Init
                0x08007078       0x78 ./BSP/bsp_uart.o
                0x08007078                BSP_UART_Init
 .text.BSP_LowLevelInit
                0x080070f0       0x48 ./BSP/bsp_sys.o
                0x080070f0                BSP_LowLevelInit
 .text.BSP_SysInit
                0x08007138      0x208 ./BSP/bsp_sys.o
                0x08007138                BSP_SysInit
 .text.BSP_SysClkFreqGet
                0x08007340       0xb4 ./BSP/bsp_sys.o
                0x08007340                BSP_SysClkFreqGet
 .text.BSP_Init
                0x080073f4       0x2c ./BSP/bsp.o
                0x080073f4                BSP_Init
 .text.ITM_SendChar
                0x08007420       0x4c ./BSP/debug_lib.o
 .text.initRetargetSwo
                0x0800746c       0x88 ./BSP/debug_lib.o
                0x0800746c                initRetargetSwo
 .text._write   0x080074f4       0x3c ./BSP/debug_lib.o
                0x080074f4                _write
 .text.CPU_TS_TmrInit
                0x08007530       0x3c ./BSP/cpu_bsp.o
                0x08007530                CPU_TS_TmrInit
 .text.CPU_TS_TmrRd
                0x0800756c       0x1c ./BSP/cpu_bsp.o
                0x0800756c                CPU_TS_TmrRd
 .text._lseek   0x08007588       0x1c ../CMSIS/CMSIS/Infineon/Lib/System_LibcStubs.o
                0x08007588                _lseek
 .text._read    0x080075a4       0x18 ../CMSIS/CMSIS/Infineon/Lib/System_LibcStubs.o
                0x080075a4                _read
 .text._close   0x080075bc       0x10 ../CMSIS/CMSIS/Infineon/Lib/System_LibcStubs.o
                0x080075bc                _close
 .text._fstat   0x080075cc       0x24 ../CMSIS/CMSIS/Infineon/Lib/System_LibcStubs.o
                0x080075cc                _fstat
 .text._sbrk    0x080075f0       0x70 ../CMSIS/CMSIS/Infineon/Lib/System_LibcStubs.o
                0x080075f0                _sbrk
 .text._init    0x08007660        0xc ../CMSIS/CMSIS/Infineon/Lib/System_LibcStubs.o
                0x08007660                _init
 .text._isatty  0x0800766c       0x18 ../CMSIS/CMSIS/Infineon/Lib/System_LibcStubs.o
                0x0800766c                _isatty
 .text.XMC_USIC_CH_Enable
                0x08007684       0x9c ../XMCLIB/src/xmc_usic.o
                0x08007684                XMC_USIC_CH_Enable
 .text.XMC_USIC_CH_SetBaudrate
                0x08007720       0xe4 ../XMCLIB/src/xmc_usic.o
                0x08007720                XMC_USIC_CH_SetBaudrate
 .text.XMC_USIC_CH_SetInterruptNodePointer
                0x08007804       0x38 ../XMCLIB/src/xmc_usic.o
                0x08007804                XMC_USIC_CH_SetInterruptNodePointer
 .text.XMC_USIC_Enable
                0x0800783c       0x54 ../XMCLIB/src/xmc_usic.o
                0x0800783c                XMC_USIC_Enable
 .text.XMC_CCU4_StartPrescaler
                0x08007890       0x20 ../XMCLIB/src/xmc_ccu4.o
 .text.XMC_CCU4_lDeassertReset
                0x080078b0       0x68 ../XMCLIB/src/xmc_ccu4.o
 .text.XMC_CCU4_EnableModule
                0x08007918       0x1c ../XMCLIB/src/xmc_ccu4.o
                0x08007918                XMC_CCU4_EnableModule
 .text.XMC_CCU4_Init
                0x08007934       0x40 ../XMCLIB/src/xmc_ccu4.o
                0x08007934                XMC_CCU4_Init
 .text.XMC_CCU4_SetModuleClock
                0x08007974       0x34 ../XMCLIB/src/xmc_ccu4.o
                0x08007974                XMC_CCU4_SetModuleClock
 .text.XMC_CCU4_SLICE_CompareInit
                0x080079a8       0x6c ../XMCLIB/src/xmc_ccu4.o
                0x080079a8                XMC_CCU4_SLICE_CompareInit
 .text.XMC_CCU4_SLICE_StartConfig
                0x08007a14       0x5c ../XMCLIB/src/xmc_ccu4.o
                0x08007a14                XMC_CCU4_SLICE_StartConfig
 .text.XMC_CCU4_SLICE_ConfigureEvent
                0x08007a70       0xd4 ../XMCLIB/src/xmc_ccu4.o
                0x08007a70                XMC_CCU4_SLICE_ConfigureEvent
 .text.XMC_CCU4_SLICE_SetInterruptNode
                0x08007b44       0xb0 ../XMCLIB/src/xmc_ccu4.o
                0x08007b44                XMC_CCU4_SLICE_SetInterruptNode
 .text.XMC_SCU_CLOCK_GetCpuClockFrequency
                0x08007bf4       0x14 ../XMCLIB/src/xmc4_scu.o
 .text.XMC_SCU_RESET_DeassertPeripheralReset
                0x08007c08       0x4c ../XMCLIB/src/xmc4_scu.o
                0x08007c08                XMC_SCU_RESET_DeassertPeripheralReset
 .text.XMC_SCU_CLOCK_GetPeripheralClockFrequency
                0x08007c54       0x20 ../XMCLIB/src/xmc4_scu.o
                0x08007c54                XMC_SCU_CLOCK_GetPeripheralClockFrequency
 .text.XMC_SCU_CLOCK_EnableClock
                0x08007c74       0x20 ../XMCLIB/src/xmc4_scu.o
                0x08007c74                XMC_SCU_CLOCK_EnableClock
 .text.XMC_USIC_CH_GetTransmitBufferStatus
                0x08007c94       0x20 ../XMCLIB/src/xmc_spi.o
 .text.XMC_USIC_CH_GetReceiveBufferStatus
                0x08007cb4       0x1c ../XMCLIB/src/xmc_spi.o
 .text.XMC_SPI_CH_ClearStatusFlag
                0x08007cd0       0x20 ../XMCLIB/src/xmc_spi.o
 .text.XMC_SPI_CH_Init
                0x08007cf0       0x6c ../XMCLIB/src/xmc_spi.o
                0x08007cf0                XMC_SPI_CH_Init
 .text.XMC_SPI_CH_Transmit
                0x08007d5c       0x6c ../XMCLIB/src/xmc_spi.o
                0x08007d5c                XMC_SPI_CH_Transmit
 .text.XMC_SPI_CH_GetReceivedData
                0x08007dc8       0x50 ../XMCLIB/src/xmc_spi.o
                0x08007dc8                XMC_SPI_CH_GetReceivedData
 .text.XMC_SPI_CH_EnableEvent
                0x08007e18       0x34 ../XMCLIB/src/xmc_spi.o
                0x08007e18                XMC_SPI_CH_EnableEvent
 .text.XMC_USIC_CH_GetTransmitBufferStatus
                0x08007e4c       0x20 ../XMCLIB/src/xmc_uart.o
 .text.XMC_UART_CH_ClearStatusFlag
                0x08007e6c       0x1c ../XMCLIB/src/xmc_uart.o
 .text.XMC_UART_CH_Init
                0x08007e88       0xac ../XMCLIB/src/xmc_uart.o
                0x08007e88                XMC_UART_CH_Init
 .text.XMC_UART_CH_Transmit
                0x08007f34       0x4c ../XMCLIB/src/xmc_uart.o
                0x08007f34                XMC_UART_CH_Transmit
 .text.XMC_UART_CH_GetReceivedData
                0x08007f80       0x34 ../XMCLIB/src/xmc_uart.o
                0x08007f80                XMC_UART_CH_GetReceivedData
 .text.XMC_UART_CH_EnableEvent
                0x08007fb4       0x34 ../XMCLIB/src/xmc_uart.o
                0x08007fb4                XMC_UART_CH_EnableEvent
 .text.XMC_GPIO_SetMode
                0x08007fe8       0x80 ../XMCLIB/src/xmc_gpio.o
                0x08007fe8                XMC_GPIO_SetMode
 .text.XMC_GPIO_Init
                0x08008068      0x140 ../XMCLIB/src/xmc4_gpio.o
                0x08008068                XMC_GPIO_Init
 .text.Reset_Handler
                0x080081a8       0x88 ./BSP/startup.o
                0x080081a8                Reset_Handler
 .text.App_NMI_ISR
                0x08008230        0x2 ./BSP/startup.o
 .text.App_Fault_ISR
                0x08008232        0x2 ./BSP/startup.o
 .text.App_MemFault_ISR
                0x08008234        0x2 ./BSP/startup.o
 .text.App_BusFault_ISR
                0x08008236        0x2 ./BSP/startup.o
 .text.App_UsageFault_ISR
                0x08008238        0x2 ./BSP/startup.o
 .text.App_Spurious_ISR
                0x0800823a        0x2 ./BSP/startup.o
 .text.__libc_init_array
                0x0800823c       0x50 d:/ebs/5.4 2016q3/bin/../lib/gcc/arm-none-eabi/5.4.1/../../../../arm-none-eabi/lib/armv7e-m\libg.a(lib_a-init.o)
                0x0800823c                __libc_init_array
 .text.memset   0x0800828c       0x9c d:/ebs/5.4 2016q3/bin/../lib/gcc/arm-none-eabi/5.4.1/../../../../arm-none-eabi/lib/armv7e-m\libg.a(lib_a-memset.o)
                0x0800828c                memset
 .text.printf   0x08008328       0x28 d:/ebs/5.4 2016q3/bin/../lib/gcc/arm-none-eabi/5.4.1/../../../../arm-none-eabi/lib/armv7e-m\libg.a(lib_a-printf.o)
                0x08008328                printf
 .text._puts_r  0x08008350       0x68 d:/ebs/5.4 2016q3/bin/../lib/gcc/arm-none-eabi/5.4.1/../../../../arm-none-eabi/lib/armv7e-m\libg.a(lib_a-puts.o)
                0x08008350                _puts_r
 .text.puts     0x080083b8       0x10 d:/ebs/5.4 2016q3/bin/../lib/gcc/arm-none-eabi/5.4.1/../../../../arm-none-eabi/lib/armv7e-m\libg.a(lib_a-puts.o)
                0x080083b8                puts
 .text.sprintf  0x080083c8       0x4c d:/ebs/5.4 2016q3/bin/../lib/gcc/arm-none-eabi/5.4.1/../../../../arm-none-eabi/lib/armv7e-m\libg.a(lib_a-sprintf.o)
                0x080083c8                sprintf
 .text._svfprintf_r
                0x08008414     0x16b0 d:/ebs/5.4 2016q3/bin/../lib/gcc/arm-none-eabi/5.4.1/../../../../arm-none-eabi/lib/armv7e-m\libg.a(lib_a-svfprintf.o)
                0x08008414                _svfprintf_r
 .text._vfprintf_r
                0x08009ac4     0x1700 d:/ebs/5.4 2016q3/bin/../lib/gcc/arm-none-eabi/5.4.1/../../../../arm-none-eabi/lib/armv7e-m\libg.a(lib_a-vfprintf.o)
                0x08009ac4                _vfprintf_r
 .text.__sbprintf
                0x0800b1c4       0x6c d:/ebs/5.4 2016q3/bin/../lib/gcc/arm-none-eabi/5.4.1/../../../../arm-none-eabi/lib/armv7e-m\libg.a(lib_a-vfprintf.o)
 .text.__swsetup_r
                0x0800b230       0xc8 d:/ebs/5.4 2016q3/bin/../lib/gcc/arm-none-eabi/5.4.1/../../../../arm-none-eabi/lib/armv7e-m\libg.a(lib_a-wsetup.o)
                0x0800b230                __swsetup_r
 .text.quorem   0x0800b2f8      0x128 d:/ebs/5.4 2016q3/bin/../lib/gcc/arm-none-eabi/5.4.1/../../../../arm-none-eabi/lib/armv7e-m\libg.a(lib_a-dtoa.o)
 .text._dtoa_r  0x0800b420      0xe58 d:/ebs/5.4 2016q3/bin/../lib/gcc/arm-none-eabi/5.4.1/../../../../arm-none-eabi/lib/armv7e-m\libg.a(lib_a-dtoa.o)
                0x0800b420                _dtoa_r
 .text.__sflush_r
                0x0800c278      0x148 d:/ebs/5.4 2016q3/bin/../lib/gcc/arm-none-eabi/5.4.1/../../../../arm-none-eabi/lib/armv7e-m\libg.a(lib_a-fflush.o)
                0x0800c278                __sflush_r
 .text._fflush_r
                0x0800c3c0       0x2c d:/ebs/5.4 2016q3/bin/../lib/gcc/arm-none-eabi/5.4.1/../../../../arm-none-eabi/lib/armv7e-m\libg.a(lib_a-fflush.o)
                0x0800c3c0                _fflush_r
 .text._cleanup_r
                0x0800c3ec        0xc d:/ebs/5.4 2016q3/bin/../lib/gcc/arm-none-eabi/5.4.1/../../../../arm-none-eabi/lib/armv7e-m\libg.a(lib_a-findfp.o)
                0x0800c3ec                _cleanup_r
 .text.__sinit.part.1
                0x0800c3f8       0xf0 d:/ebs/5.4 2016q3/bin/../lib/gcc/arm-none-eabi/5.4.1/../../../../arm-none-eabi/lib/armv7e-m\libg.a(lib_a-findfp.o)
 .text.__sinit  0x0800c4e8        0xc d:/ebs/5.4 2016q3/bin/../lib/gcc/arm-none-eabi/5.4.1/../../../../arm-none-eabi/lib/armv7e-m\libg.a(lib_a-findfp.o)
                0x0800c4e8                __sinit
 .text.__sfp_lock_acquire
                0x0800c4f4        0x4 d:/ebs/5.4 2016q3/bin/../lib/gcc/arm-none-eabi/5.4.1/../../../../arm-none-eabi/lib/armv7e-m\libg.a(lib_a-findfp.o)
                0x0800c4f4                __sfp_lock_acquire
 .text.__sfp_lock_release
                0x0800c4f8        0x4 d:/ebs/5.4 2016q3/bin/../lib/gcc/arm-none-eabi/5.4.1/../../../../arm-none-eabi/lib/armv7e-m\libg.a(lib_a-findfp.o)
                0x0800c4f8                __sfp_lock_release
 .text._malloc_trim_r
                0x0800c4fc       0x9c d:/ebs/5.4 2016q3/bin/../lib/gcc/arm-none-eabi/5.4.1/../../../../arm-none-eabi/lib/armv7e-m\libg.a(lib_a-freer.o)
                0x0800c4fc                _malloc_trim_r
 .text._free_r  0x0800c598      0x1d0 d:/ebs/5.4 2016q3/bin/../lib/gcc/arm-none-eabi/5.4.1/../../../../arm-none-eabi/lib/armv7e-m\libg.a(lib_a-freer.o)
                0x0800c598                _free_r
 .text.__sfvwrite_r
                0x0800c768      0x304 d:/ebs/5.4 2016q3/bin/../lib/gcc/arm-none-eabi/5.4.1/../../../../arm-none-eabi/lib/armv7e-m\libg.a(lib_a-fvwrite.o)
                0x0800c768                __sfvwrite_r
 .text._fwalk_reent
                0x0800ca6c       0x54 d:/ebs/5.4 2016q3/bin/../lib/gcc/arm-none-eabi/5.4.1/../../../../arm-none-eabi/lib/armv7e-m\libg.a(lib_a-fwalk.o)
                0x0800ca6c                _fwalk_reent
 .text._localeconv_r
                0x0800cac0       0x1c d:/ebs/5.4 2016q3/bin/../lib/gcc/arm-none-eabi/5.4.1/../../../../arm-none-eabi/lib/armv7e-m\libg.a(lib_a-localeconv.o)
                0x0800cac0                _localeconv_r
 .text.__swhatbuf_r
                0x0800cadc       0x60 d:/ebs/5.4 2016q3/bin/../lib/gcc/arm-none-eabi/5.4.1/../../../../arm-none-eabi/lib/armv7e-m\libg.a(lib_a-makebuf.o)
                0x0800cadc                __swhatbuf_r
 .text.__smakebuf_r
                0x0800cb3c       0x88 d:/ebs/5.4 2016q3/bin/../lib/gcc/arm-none-eabi/5.4.1/../../../../arm-none-eabi/lib/armv7e-m\libg.a(lib_a-makebuf.o)
                0x0800cb3c                __smakebuf_r
 .text._malloc_r
                0x0800cbc4      0x570 d:/ebs/5.4 2016q3/bin/../lib/gcc/arm-none-eabi/5.4.1/../../../../arm-none-eabi/lib/armv7e-m\libg.a(lib_a-mallocr.o)
                0x0800cbc4                _malloc_r
 .text.memmove  0x0800d134       0xc8 d:/ebs/5.4 2016q3/bin/../lib/gcc/arm-none-eabi/5.4.1/../../../../arm-none-eabi/lib/armv7e-m\libg.a(lib_a-memmove.o)
                0x0800d134                memmove
 .text.__malloc_lock
                0x0800d1fc        0x4 d:/ebs/5.4 2016q3/bin/../lib/gcc/arm-none-eabi/5.4.1/../../../../arm-none-eabi/lib/armv7e-m\libg.a(lib_a-mlock.o)
                0x0800d1fc                __malloc_lock
 .text.__malloc_unlock
                0x0800d200        0x4 d:/ebs/5.4 2016q3/bin/../lib/gcc/arm-none-eabi/5.4.1/../../../../arm-none-eabi/lib/armv7e-m\libg.a(lib_a-mlock.o)
                0x0800d200                __malloc_unlock
 .text._Balloc  0x0800d204       0x4c d:/ebs/5.4 2016q3/bin/../lib/gcc/arm-none-eabi/5.4.1/../../../../arm-none-eabi/lib/armv7e-m\libg.a(lib_a-mprec.o)
                0x0800d204                _Balloc
 .text._Bfree   0x0800d250       0x14 d:/ebs/5.4 2016q3/bin/../lib/gcc/arm-none-eabi/5.4.1/../../../../arm-none-eabi/lib/armv7e-m\libg.a(lib_a-mprec.o)
                0x0800d250                _Bfree
 .text.__multadd
                0x0800d264       0x80 d:/ebs/5.4 2016q3/bin/../lib/gcc/arm-none-eabi/5.4.1/../../../../arm-none-eabi/lib/armv7e-m\libg.a(lib_a-mprec.o)
                0x0800d264                __multadd
 .text.__hi0bits
                0x0800d2e4       0x40 d:/ebs/5.4 2016q3/bin/../lib/gcc/arm-none-eabi/5.4.1/../../../../arm-none-eabi/lib/armv7e-m\libg.a(lib_a-mprec.o)
                0x0800d2e4                __hi0bits
 .text.__lo0bits
                0x0800d324       0x5c d:/ebs/5.4 2016q3/bin/../lib/gcc/arm-none-eabi/5.4.1/../../../../arm-none-eabi/lib/armv7e-m\libg.a(lib_a-mprec.o)
                0x0800d324                __lo0bits
 .text.__i2b    0x0800d380       0x14 d:/ebs/5.4 2016q3/bin/../lib/gcc/arm-none-eabi/5.4.1/../../../../arm-none-eabi/lib/armv7e-m\libg.a(lib_a-mprec.o)
                0x0800d380                __i2b
 .text.__multiply
                0x0800d394      0x130 d:/ebs/5.4 2016q3/bin/../lib/gcc/arm-none-eabi/5.4.1/../../../../arm-none-eabi/lib/armv7e-m\libg.a(lib_a-mprec.o)
                0x0800d394                __multiply
 .text.__pow5mult
                0x0800d4c4       0xa0 d:/ebs/5.4 2016q3/bin/../lib/gcc/arm-none-eabi/5.4.1/../../../../arm-none-eabi/lib/armv7e-m\libg.a(lib_a-mprec.o)
                0x0800d4c4                __pow5mult
 .text.__lshift
                0x0800d564       0xb0 d:/ebs/5.4 2016q3/bin/../lib/gcc/arm-none-eabi/5.4.1/../../../../arm-none-eabi/lib/armv7e-m\libg.a(lib_a-mprec.o)
                0x0800d564                __lshift
 .text.__mcmp   0x0800d614       0x40 d:/ebs/5.4 2016q3/bin/../lib/gcc/arm-none-eabi/5.4.1/../../../../arm-none-eabi/lib/armv7e-m\libg.a(lib_a-mprec.o)
                0x0800d614                __mcmp
 .text.__mdiff  0x0800d654      0x114 d:/ebs/5.4 2016q3/bin/../lib/gcc/arm-none-eabi/5.4.1/../../../../arm-none-eabi/lib/armv7e-m\libg.a(lib_a-mprec.o)
                0x0800d654                __mdiff
 .text.__d2b    0x0800d768       0xb8 d:/ebs/5.4 2016q3/bin/../lib/gcc/arm-none-eabi/5.4.1/../../../../arm-none-eabi/lib/armv7e-m\libg.a(lib_a-mprec.o)
                0x0800d768                __d2b
 .text._realloc_r
                0x0800d820      0x3e0 d:/ebs/5.4 2016q3/bin/../lib/gcc/arm-none-eabi/5.4.1/../../../../arm-none-eabi/lib/armv7e-m\libg.a(lib_a-reallocr.o)
                0x0800d820                _realloc_r
 .text._sbrk_r  0x0800dc00       0x24 d:/ebs/5.4 2016q3/bin/../lib/gcc/arm-none-eabi/5.4.1/../../../../arm-none-eabi/lib/armv7e-m\libg.a(lib_a-sbrkr.o)
                0x0800dc00                _sbrk_r
 .text.__sread  0x0800dc24       0x24 d:/ebs/5.4 2016q3/bin/../lib/gcc/arm-none-eabi/5.4.1/../../../../arm-none-eabi/lib/armv7e-m\libg.a(lib_a-stdio.o)
                0x0800dc24                __sread
 .text.__swrite
                0x0800dc48       0x3c d:/ebs/5.4 2016q3/bin/../lib/gcc/arm-none-eabi/5.4.1/../../../../arm-none-eabi/lib/armv7e-m\libg.a(lib_a-stdio.o)
                0x0800dc48                __swrite
 .text.__sseek  0x0800dc84       0x20 d:/ebs/5.4 2016q3/bin/../lib/gcc/arm-none-eabi/5.4.1/../../../../arm-none-eabi/lib/armv7e-m\libg.a(lib_a-stdio.o)
                0x0800dc84                __sseek
 .text.__sclose
                0x0800dca4        0x8 d:/ebs/5.4 2016q3/bin/../lib/gcc/arm-none-eabi/5.4.1/../../../../arm-none-eabi/lib/armv7e-m\libg.a(lib_a-stdio.o)
                0x0800dca4                __sclose
 .text.__ssprint_r
                0x0800dcac      0x100 d:/ebs/5.4 2016q3/bin/../lib/gcc/arm-none-eabi/5.4.1/../../../../arm-none-eabi/lib/armv7e-m\libg.a(lib_a-svfiprintf.o)
                0x0800dcac                __ssprint_r
 .text.__sprint_r.part.0
                0x0800ddac       0x78 d:/ebs/5.4 2016q3/bin/../lib/gcc/arm-none-eabi/5.4.1/../../../../arm-none-eabi/lib/armv7e-m\libg.a(lib_a-vfiprintf.o)
 .text.__sprint_r
                0x0800de24       0x14 d:/ebs/5.4 2016q3/bin/../lib/gcc/arm-none-eabi/5.4.1/../../../../arm-none-eabi/lib/armv7e-m\libg.a(lib_a-vfiprintf.o)
                0x0800de24                __sprint_r
 .text._write_r
                0x0800de38       0x2c d:/ebs/5.4 2016q3/bin/../lib/gcc/arm-none-eabi/5.4.1/../../../../arm-none-eabi/lib/armv7e-m\libg.a(lib_a-writer.o)
                0x0800de38                _write_r
 .text._calloc_r
                0x0800de64       0x60 d:/ebs/5.4 2016q3/bin/../lib/gcc/arm-none-eabi/5.4.1/../../../../arm-none-eabi/lib/armv7e-m\libg.a(lib_a-callocr.o)
                0x0800de64                _calloc_r
 .text._close_r
                0x0800dec4       0x24 d:/ebs/5.4 2016q3/bin/../lib/gcc/arm-none-eabi/5.4.1/../../../../arm-none-eabi/lib/armv7e-m\libg.a(lib_a-closer.o)
                0x0800dec4                _close_r
 .text._fclose_r
                0x0800dee8       0x84 d:/ebs/5.4 2016q3/bin/../lib/gcc/arm-none-eabi/5.4.1/../../../../arm-none-eabi/lib/armv7e-m\libg.a(lib_a-fclose.o)
                0x0800dee8                _fclose_r
 .text.__fputwc
                0x0800df6c       0x98 d:/ebs/5.4 2016q3/bin/../lib/gcc/arm-none-eabi/5.4.1/../../../../arm-none-eabi/lib/armv7e-m\libg.a(lib_a-fputwc.o)
                0x0800df6c                __fputwc
 .text._fputwc_r
                0x0800e004       0x24 d:/ebs/5.4 2016q3/bin/../lib/gcc/arm-none-eabi/5.4.1/../../../../arm-none-eabi/lib/armv7e-m\libg.a(lib_a-fputwc.o)
                0x0800e004                _fputwc_r
 .text._fstat_r
                0x0800e028       0x28 d:/ebs/5.4 2016q3/bin/../lib/gcc/arm-none-eabi/5.4.1/../../../../arm-none-eabi/lib/armv7e-m\libg.a(lib_a-fstatr.o)
                0x0800e028                _fstat_r
 .text._isatty_r
                0x0800e050       0x24 d:/ebs/5.4 2016q3/bin/../lib/gcc/arm-none-eabi/5.4.1/../../../../arm-none-eabi/lib/armv7e-m\libg.a(lib_a-isattyr.o)
                0x0800e050                _isatty_r
 .text.__locale_mb_cur_max
                0x0800e074       0x1c d:/ebs/5.4 2016q3/bin/../lib/gcc/arm-none-eabi/5.4.1/../../../../arm-none-eabi/lib/armv7e-m\libg.a(lib_a-locale.o)
                0x0800e074                __locale_mb_cur_max
 .text._lseek_r
                0x0800e090       0x2c d:/ebs/5.4 2016q3/bin/../lib/gcc/arm-none-eabi/5.4.1/../../../../arm-none-eabi/lib/armv7e-m\libg.a(lib_a-lseekr.o)
                0x0800e090                _lseek_r
 .text.__ascii_mbtowc
                0x0800e0bc       0x2c d:/ebs/5.4 2016q3/bin/../lib/gcc/arm-none-eabi/5.4.1/../../../../arm-none-eabi/lib/armv7e-m\libg.a(lib_a-mbtowc_r.o)
                0x0800e0bc                __ascii_mbtowc
 .text._read_r  0x0800e0e8       0x2c d:/ebs/5.4 2016q3/bin/../lib/gcc/arm-none-eabi/5.4.1/../../../../arm-none-eabi/lib/armv7e-m\libg.a(lib_a-readr.o)
                0x0800e0e8                _read_r
 .text.__swbuf_r
                0x0800e114       0xac d:/ebs/5.4 2016q3/bin/../lib/gcc/arm-none-eabi/5.4.1/../../../../arm-none-eabi/lib/armv7e-m\libg.a(lib_a-wbuf.o)
                0x0800e114                __swbuf_r
 .text._wcrtomb_r
                0x0800e1c0       0x54 d:/ebs/5.4 2016q3/bin/../lib/gcc/arm-none-eabi/5.4.1/../../../../arm-none-eabi/lib/armv7e-m\libg.a(lib_a-wcrtomb.o)
                0x0800e1c0                _wcrtomb_r
 .text.__ascii_wctomb
                0x0800e214       0x1c d:/ebs/5.4 2016q3/bin/../lib/gcc/arm-none-eabi/5.4.1/../../../../arm-none-eabi/lib/armv7e-m\libg.a(lib_a-wctomb_r.o)
                0x0800e214                __ascii_wctomb
 *(.glue_7)
 .glue_7        0x0800e230        0x0 linker stubs
 *(.glue_7t)
 .glue_7t       0x0800e230        0x0 linker stubs
 *(.eh_frame)
 *(.init)
 *(.fini)
                0x0800e230                . = ALIGN (0x4)
                0x0800e230                _etext = .

.vfp11_veneer   0x0800e230        0x0
 .vfp11_veneer  0x0800e230        0x0 linker stubs

.v4_bx          0x0800e230        0x0
 .v4_bx         0x0800e230        0x0 linker stubs

.iplt           0x0800e230        0x0
 .iplt          0x0800e230        0x0 app.o

.rodata         0x0800e230      0x824
                0x0800e230                . = ALIGN (0x4)
 *(.rodata)
 .rodata        0x0800e230      0x261 app.o
 *fill*         0x0800e491        0x3 
 .rodata        0x0800e494       0x3d ../UCOS3/uC-LIB/lib_mem.o
 *fill*         0x0800e4d1        0x3 
 .rodata        0x0800e4d4        0x6 ../UCOS3/uCOS-III/Source/os_q.o
 *fill*         0x0800e4da        0x2 
 .rodata        0x0800e4dc        0xa ../UCOS3/uCOS-III/Source/os_task.o
 *fill*         0x0800e4e6        0x2 
 .rodata        0x0800e4e8       0x2a ../UCOS3/uCOS-III/Source/os_core.o
 *fill*         0x0800e512        0x2 
 .rodata        0x0800e514       0x14 ../UCOS3/uCOS-III/Source/os_tick.o
 .rodata        0x0800e528       0x14 ../UCOS3/uCOS-III/Source/os_stat.o
 .rodata        0x0800e53c        0xa ../UCOS3/uCOS-III/Source/os_mutex.o
 *fill*         0x0800e546        0x2 
 .rodata        0x0800e548       0x2d ../UCOS3/uCOS-III/Source/os_tmr.o
 *fill*         0x0800e575        0x3 
 .rodata        0x0800e578       0x56 ./BSP/bsp_int.o
 *fill*         0x0800e5ce        0x2 
 .rodata        0x0800e5d0        0xf ./BSP/bsp.o
 *(.rodata*)
 *fill*         0x0800e5df        0x1 
 .rodata.OSCfg_IdleTaskStkBasePtr
                0x0800e5e0        0x4 ../UCOS3/uCOS-III/Source/os_cfg_app.o
                0x0800e5e0                OSCfg_IdleTaskStkBasePtr
 .rodata.OSCfg_IdleTaskStkLimit
                0x0800e5e4        0x4 ../UCOS3/uCOS-III/Source/os_cfg_app.o
                0x0800e5e4                OSCfg_IdleTaskStkLimit
 .rodata.OSCfg_IdleTaskStkSize
                0x0800e5e8        0x4 ../UCOS3/uCOS-III/Source/os_cfg_app.o
                0x0800e5e8                OSCfg_IdleTaskStkSize
 .rodata.OSCfg_ISRStkBasePtr
                0x0800e5ec        0x4 ../UCOS3/uCOS-III/Source/os_cfg_app.o
                0x0800e5ec                OSCfg_ISRStkBasePtr
 .rodata.OSCfg_ISRStkSize
                0x0800e5f0        0x4 ../UCOS3/uCOS-III/Source/os_cfg_app.o
                0x0800e5f0                OSCfg_ISRStkSize
 .rodata.OSCfg_MsgPoolSize
                0x0800e5f4        0x2 ../UCOS3/uCOS-III/Source/os_cfg_app.o
                0x0800e5f4                OSCfg_MsgPoolSize
 *fill*         0x0800e5f6        0x2 
 .rodata.OSCfg_MsgPoolBasePtr
                0x0800e5f8        0x4 ../UCOS3/uCOS-III/Source/os_cfg_app.o
                0x0800e5f8                OSCfg_MsgPoolBasePtr
 .rodata.OSCfg_StatTaskPrio
                0x0800e5fc        0x1 ../UCOS3/uCOS-III/Source/os_cfg_app.o
                0x0800e5fc                OSCfg_StatTaskPrio
 *fill*         0x0800e5fd        0x3 
 .rodata.OSCfg_StatTaskRate_Hz
                0x0800e600        0x4 ../UCOS3/uCOS-III/Source/os_cfg_app.o
                0x0800e600                OSCfg_StatTaskRate_Hz
 .rodata.OSCfg_StatTaskStkBasePtr
                0x0800e604        0x4 ../UCOS3/uCOS-III/Source/os_cfg_app.o
                0x0800e604                OSCfg_StatTaskStkBasePtr
 .rodata.OSCfg_StatTaskStkLimit
                0x0800e608        0x4 ../UCOS3/uCOS-III/Source/os_cfg_app.o
                0x0800e608                OSCfg_StatTaskStkLimit
 .rodata.OSCfg_StatTaskStkSize
                0x0800e60c        0x4 ../UCOS3/uCOS-III/Source/os_cfg_app.o
                0x0800e60c                OSCfg_StatTaskStkSize
 .rodata.OSCfg_StkSizeMin
                0x0800e610        0x4 ../UCOS3/uCOS-III/Source/os_cfg_app.o
                0x0800e610                OSCfg_StkSizeMin
 .rodata.OSCfg_TickRate_Hz
                0x0800e614        0x4 ../UCOS3/uCOS-III/Source/os_cfg_app.o
                0x0800e614                OSCfg_TickRate_Hz
 .rodata.OSCfg_TickTaskPrio
                0x0800e618        0x1 ../UCOS3/uCOS-III/Source/os_cfg_app.o
                0x0800e618                OSCfg_TickTaskPrio
 *fill*         0x0800e619        0x3 
 .rodata.OSCfg_TickTaskStkBasePtr
                0x0800e61c        0x4 ../UCOS3/uCOS-III/Source/os_cfg_app.o
                0x0800e61c                OSCfg_TickTaskStkBasePtr
 .rodata.OSCfg_TickTaskStkLimit
                0x0800e620        0x4 ../UCOS3/uCOS-III/Source/os_cfg_app.o
                0x0800e620                OSCfg_TickTaskStkLimit
 .rodata.OSCfg_TickTaskStkSize
                0x0800e624        0x4 ../UCOS3/uCOS-III/Source/os_cfg_app.o
                0x0800e624                OSCfg_TickTaskStkSize
 .rodata.OSCfg_TmrTaskPrio
                0x0800e628        0x1 ../UCOS3/uCOS-III/Source/os_cfg_app.o
                0x0800e628                OSCfg_TmrTaskPrio
 *fill*         0x0800e629        0x3 
 .rodata.OSCfg_TmrTaskRate_Hz
                0x0800e62c        0x4 ../UCOS3/uCOS-III/Source/os_cfg_app.o
                0x0800e62c                OSCfg_TmrTaskRate_Hz
 .rodata.OSCfg_TmrTaskStkBasePtr
                0x0800e630        0x4 ../UCOS3/uCOS-III/Source/os_cfg_app.o
                0x0800e630                OSCfg_TmrTaskStkBasePtr
 .rodata.OSCfg_TmrTaskStkLimit
                0x0800e634        0x4 ../UCOS3/uCOS-III/Source/os_cfg_app.o
                0x0800e634                OSCfg_TmrTaskStkLimit
 .rodata.OSCfg_TmrTaskStkSize
                0x0800e638        0x4 ../UCOS3/uCOS-III/Source/os_cfg_app.o
                0x0800e638                OSCfg_TmrTaskStkSize
 .rodata.OSDbg_DbgEn
                0x0800e63c        0x1 ../UCOS3/uCOS-III/Source/os_dbg.o
                0x0800e63c                OSDbg_DbgEn
 .rodata.OSDbg_ArgChkEn
                0x0800e63d        0x1 ../UCOS3/uCOS-III/Source/os_dbg.o
                0x0800e63d                OSDbg_ArgChkEn
 .rodata.OSDbg_AppHooksEn
                0x0800e63e        0x1 ../UCOS3/uCOS-III/Source/os_dbg.o
                0x0800e63e                OSDbg_AppHooksEn
 *fill*         0x0800e63f        0x1 
 .rodata.OSDbg_EndiannessTest
                0x0800e640        0x4 ../UCOS3/uCOS-III/Source/os_dbg.o
                0x0800e640                OSDbg_EndiannessTest
 .rodata.OSDbg_CalledFromISRChkEn
                0x0800e644        0x1 ../UCOS3/uCOS-III/Source/os_dbg.o
                0x0800e644                OSDbg_CalledFromISRChkEn
 .rodata.OSDbg_FlagEn
                0x0800e645        0x1 ../UCOS3/uCOS-III/Source/os_dbg.o
                0x0800e645                OSDbg_FlagEn
 *fill*         0x0800e646        0x2 
 .rodata.OSDbg_FlagGrp
                0x0800e648       0x28 ../UCOS3/uCOS-III/Source/os_dbg.o
                0x0800e648                OSDbg_FlagGrp
 .rodata.OSDbg_FlagDelEn
                0x0800e670        0x1 ../UCOS3/uCOS-III/Source/os_dbg.o
                0x0800e670                OSDbg_FlagDelEn
 .rodata.OSDbg_FlagModeClrEn
                0x0800e671        0x1 ../UCOS3/uCOS-III/Source/os_dbg.o
                0x0800e671                OSDbg_FlagModeClrEn
 .rodata.OSDbg_FlagPendAbortEn
                0x0800e672        0x1 ../UCOS3/uCOS-III/Source/os_dbg.o
                0x0800e672                OSDbg_FlagPendAbortEn
 *fill*         0x0800e673        0x1 
 .rodata.OSDbg_FlagGrpSize
                0x0800e674        0x2 ../UCOS3/uCOS-III/Source/os_dbg.o
                0x0800e674                OSDbg_FlagGrpSize
 .rodata.OSDbg_FlagWidth
                0x0800e676        0x2 ../UCOS3/uCOS-III/Source/os_dbg.o
                0x0800e676                OSDbg_FlagWidth
 .rodata.OSDbg_ISRPostDeferredEn
                0x0800e678        0x1 ../UCOS3/uCOS-III/Source/os_dbg.o
                0x0800e678                OSDbg_ISRPostDeferredEn
 *fill*         0x0800e679        0x3 
 .rodata.OSDbg_Mem
                0x0800e67c       0x20 ../UCOS3/uCOS-III/Source/os_dbg.o
                0x0800e67c                OSDbg_Mem
 .rodata.OSDbg_MemEn
                0x0800e69c        0x1 ../UCOS3/uCOS-III/Source/os_dbg.o
                0x0800e69c                OSDbg_MemEn
 *fill*         0x0800e69d        0x1 
 .rodata.OSDbg_MemSize
                0x0800e69e        0x2 ../UCOS3/uCOS-III/Source/os_dbg.o
                0x0800e69e                OSDbg_MemSize
 .rodata.OSDbg_MsgEn
                0x0800e6a0        0x1 ../UCOS3/uCOS-III/Source/os_dbg.o
                0x0800e6a0                OSDbg_MsgEn
 *fill*         0x0800e6a1        0x1 
 .rodata.OSDbg_MsgSize
                0x0800e6a2        0x2 ../UCOS3/uCOS-III/Source/os_dbg.o
                0x0800e6a2                OSDbg_MsgSize
 .rodata.OSDbg_MsgPoolSize
                0x0800e6a4        0x2 ../UCOS3/uCOS-III/Source/os_dbg.o
                0x0800e6a4                OSDbg_MsgPoolSize
 .rodata.OSDbg_MsgQSize
                0x0800e6a6        0x2 ../UCOS3/uCOS-III/Source/os_dbg.o
                0x0800e6a6                OSDbg_MsgQSize
 .rodata.OSDbg_Mutex
                0x0800e6a8       0x30 ../UCOS3/uCOS-III/Source/os_dbg.o
                0x0800e6a8                OSDbg_Mutex
 .rodata.OSDbg_MutexEn
                0x0800e6d8        0x1 ../UCOS3/uCOS-III/Source/os_dbg.o
                0x0800e6d8                OSDbg_MutexEn
 .rodata.OSDbg_MutexDelEn
                0x0800e6d9        0x1 ../UCOS3/uCOS-III/Source/os_dbg.o
                0x0800e6d9                OSDbg_MutexDelEn
 .rodata.OSDbg_MutexPendAbortEn
                0x0800e6da        0x1 ../UCOS3/uCOS-III/Source/os_dbg.o
                0x0800e6da                OSDbg_MutexPendAbortEn
 *fill*         0x0800e6db        0x1 
 .rodata.OSDbg_MutexSize
                0x0800e6dc        0x2 ../UCOS3/uCOS-III/Source/os_dbg.o
                0x0800e6dc                OSDbg_MutexSize
 .rodata.OSDbg_ObjTypeChkEn
                0x0800e6de        0x1 ../UCOS3/uCOS-III/Source/os_dbg.o
                0x0800e6de                OSDbg_ObjTypeChkEn
 .rodata.OSDbg_PendMultiEn
                0x0800e6df        0x1 ../UCOS3/uCOS-III/Source/os_dbg.o
                0x0800e6df                OSDbg_PendMultiEn
 .rodata.OSDbg_PendDataSize
                0x0800e6e0        0x2 ../UCOS3/uCOS-III/Source/os_dbg.o
                0x0800e6e0                OSDbg_PendDataSize
 .rodata.OSDbg_PendListSize
                0x0800e6e2        0x2 ../UCOS3/uCOS-III/Source/os_dbg.o
                0x0800e6e2                OSDbg_PendListSize
 .rodata.OSDbg_PendObjSize
                0x0800e6e4        0x2 ../UCOS3/uCOS-III/Source/os_dbg.o
                0x0800e6e4                OSDbg_PendObjSize
 .rodata.OSDbg_PrioMax
                0x0800e6e6        0x2 ../UCOS3/uCOS-III/Source/os_dbg.o
                0x0800e6e6                OSDbg_PrioMax
 .rodata.OSDbg_PrioTblSize
                0x0800e6e8        0x2 ../UCOS3/uCOS-III/Source/os_dbg.o
                0x0800e6e8                OSDbg_PrioTblSize
 .rodata.OSDbg_PtrSize
                0x0800e6ea        0x2 ../UCOS3/uCOS-III/Source/os_dbg.o
                0x0800e6ea                OSDbg_PtrSize
 .rodata.OSDbg_Q
                0x0800e6ec       0x30 ../UCOS3/uCOS-III/Source/os_dbg.o
                0x0800e6ec                OSDbg_Q
 .rodata.OSDbg_QEn
                0x0800e71c        0x1 ../UCOS3/uCOS-III/Source/os_dbg.o
                0x0800e71c                OSDbg_QEn
 .rodata.OSDbg_QDelEn
                0x0800e71d        0x1 ../UCOS3/uCOS-III/Source/os_dbg.o
                0x0800e71d                OSDbg_QDelEn
 .rodata.OSDbg_QFlushEn
                0x0800e71e        0x1 ../UCOS3/uCOS-III/Source/os_dbg.o
                0x0800e71e                OSDbg_QFlushEn
 .rodata.OSDbg_QPendAbortEn
                0x0800e71f        0x1 ../UCOS3/uCOS-III/Source/os_dbg.o
                0x0800e71f                OSDbg_QPendAbortEn
 .rodata.OSDbg_QSize
                0x0800e720        0x2 ../UCOS3/uCOS-III/Source/os_dbg.o
                0x0800e720                OSDbg_QSize
 .rodata.OSDbg_SchedRoundRobinEn
                0x0800e722        0x1 ../UCOS3/uCOS-III/Source/os_dbg.o
                0x0800e722                OSDbg_SchedRoundRobinEn
 *fill*         0x0800e723        0x1 
 .rodata.OSDbg_Sem
                0x0800e724       0x28 ../UCOS3/uCOS-III/Source/os_dbg.o
                0x0800e724                OSDbg_Sem
 .rodata.OSDbg_SemEn
                0x0800e74c        0x1 ../UCOS3/uCOS-III/Source/os_dbg.o
                0x0800e74c                OSDbg_SemEn
 .rodata.OSDbg_SemDelEn
                0x0800e74d        0x1 ../UCOS3/uCOS-III/Source/os_dbg.o
                0x0800e74d                OSDbg_SemDelEn
 .rodata.OSDbg_SemPendAbortEn
                0x0800e74e        0x1 ../UCOS3/uCOS-III/Source/os_dbg.o
                0x0800e74e                OSDbg_SemPendAbortEn
 .rodata.OSDbg_SemSetEn
                0x0800e74f        0x1 ../UCOS3/uCOS-III/Source/os_dbg.o
                0x0800e74f                OSDbg_SemSetEn
 .rodata.OSDbg_SemSize
                0x0800e750        0x2 ../UCOS3/uCOS-III/Source/os_dbg.o
                0x0800e750                OSDbg_SemSize
 .rodata.OSDbg_RdyList
                0x0800e752        0x2 ../UCOS3/uCOS-III/Source/os_dbg.o
                0x0800e752                OSDbg_RdyList
 .rodata.OSDbg_RdyListSize
                0x0800e754        0x4 ../UCOS3/uCOS-III/Source/os_dbg.o
                0x0800e754                OSDbg_RdyListSize
 .rodata.OSDbg_StkWidth
                0x0800e758        0x1 ../UCOS3/uCOS-III/Source/os_dbg.o
                0x0800e758                OSDbg_StkWidth
 .rodata.OSDbg_StatTaskEn
                0x0800e759        0x1 ../UCOS3/uCOS-III/Source/os_dbg.o
                0x0800e759                OSDbg_StatTaskEn
 .rodata.OSDbg_StatTaskStkChkEn
                0x0800e75a        0x1 ../UCOS3/uCOS-III/Source/os_dbg.o
                0x0800e75a                OSDbg_StatTaskStkChkEn
 .rodata.OSDbg_TaskChangePrioEn
                0x0800e75b        0x1 ../UCOS3/uCOS-III/Source/os_dbg.o
                0x0800e75b                OSDbg_TaskChangePrioEn
 .rodata.OSDbg_TaskDelEn
                0x0800e75c        0x1 ../UCOS3/uCOS-III/Source/os_dbg.o
                0x0800e75c                OSDbg_TaskDelEn
 .rodata.OSDbg_TaskQEn
                0x0800e75d        0x1 ../UCOS3/uCOS-III/Source/os_dbg.o
                0x0800e75d                OSDbg_TaskQEn
 .rodata.OSDbg_TaskQPendAbortEn
                0x0800e75e        0x1 ../UCOS3/uCOS-III/Source/os_dbg.o
                0x0800e75e                OSDbg_TaskQPendAbortEn
 .rodata.OSDbg_TaskProfileEn
                0x0800e75f        0x1 ../UCOS3/uCOS-III/Source/os_dbg.o
                0x0800e75f                OSDbg_TaskProfileEn
 .rodata.OSDbg_TaskRegTblSize
                0x0800e760        0x2 ../UCOS3/uCOS-III/Source/os_dbg.o
                0x0800e760                OSDbg_TaskRegTblSize
 .rodata.OSDbg_TaskSemPendAbortEn
                0x0800e762        0x1 ../UCOS3/uCOS-III/Source/os_dbg.o
                0x0800e762                OSDbg_TaskSemPendAbortEn
 .rodata.OSDbg_TaskSuspendEn
                0x0800e763        0x1 ../UCOS3/uCOS-III/Source/os_dbg.o
                0x0800e763                OSDbg_TaskSuspendEn
 .rodata.OSDbg_TCBSize
                0x0800e764        0x2 ../UCOS3/uCOS-III/Source/os_dbg.o
                0x0800e764                OSDbg_TCBSize
 .rodata.OSDbg_TickListSize
                0x0800e766        0x2 ../UCOS3/uCOS-III/Source/os_dbg.o
                0x0800e766                OSDbg_TickListSize
 .rodata.OSDbg_TimeDlyHMSMEn
                0x0800e768        0x1 ../UCOS3/uCOS-III/Source/os_dbg.o
                0x0800e768                OSDbg_TimeDlyHMSMEn
 .rodata.OSDbg_TimeDlyResumeEn
                0x0800e769        0x1 ../UCOS3/uCOS-III/Source/os_dbg.o
                0x0800e769                OSDbg_TimeDlyResumeEn
 *fill*         0x0800e76a        0x2 
 .rodata.OSDbg_Tmr
                0x0800e76c       0x30 ../UCOS3/uCOS-III/Source/os_dbg.o
                0x0800e76c                OSDbg_Tmr
 .rodata.OSDbg_TmrEn
                0x0800e79c        0x1 ../UCOS3/uCOS-III/Source/os_dbg.o
                0x0800e79c                OSDbg_TmrEn
 .rodata.OSDbg_TmrDelEn
                0x0800e79d        0x1 ../UCOS3/uCOS-III/Source/os_dbg.o
                0x0800e79d                OSDbg_TmrDelEn
 .rodata.OSDbg_TmrSize
                0x0800e79e        0x2 ../UCOS3/uCOS-III/Source/os_dbg.o
                0x0800e79e                OSDbg_TmrSize
 .rodata.OSDbg_VersionNbr
                0x0800e7a0        0x2 ../UCOS3/uCOS-III/Source/os_dbg.o
                0x0800e7a0                OSDbg_VersionNbr
 *fill*         0x0800e7a2        0x2 
 .rodata.OSDbg_DataSize
                0x0800e7a4        0x4 ../UCOS3/uCOS-III/Source/os_dbg.o
                0x0800e7a4                OSDbg_DataSize
 .rodata.str1.4
                0x0800e7a8        0x2 d:/ebs/5.4 2016q3/bin/../lib/gcc/arm-none-eabi/5.4.1/../../../../arm-none-eabi/lib/armv7e-m\libg.a(lib_a-puts.o)
 *fill*         0x0800e7aa        0x2 
 .rodata.zeroes.7256
                0x0800e7ac       0x10 d:/ebs/5.4 2016q3/bin/../lib/gcc/arm-none-eabi/5.4.1/../../../../arm-none-eabi/lib/armv7e-m\libg.a(lib_a-svfprintf.o)
 .rodata.str1.4
                0x0800e7bc       0x42 d:/ebs/5.4 2016q3/bin/../lib/gcc/arm-none-eabi/5.4.1/../../../../arm-none-eabi/lib/armv7e-m\libg.a(lib_a-svfprintf.o)
 *fill*         0x0800e7fe        0x2 
 .rodata.blanks.7255
                0x0800e800       0x10 d:/ebs/5.4 2016q3/bin/../lib/gcc/arm-none-eabi/5.4.1/../../../../arm-none-eabi/lib/armv7e-m\libg.a(lib_a-svfprintf.o)
 .rodata.zeroes.7271
                0x0800e810       0x10 d:/ebs/5.4 2016q3/bin/../lib/gcc/arm-none-eabi/5.4.1/../../../../arm-none-eabi/lib/armv7e-m\libg.a(lib_a-vfprintf.o)
 .rodata.str1.4
                0x0800e820       0x42 d:/ebs/5.4 2016q3/bin/../lib/gcc/arm-none-eabi/5.4.1/../../../../arm-none-eabi/lib/armv7e-m\libg.a(lib_a-vfprintf.o)
 .rodata.blanks.7270
                0x0800e820       0x10 d:/ebs/5.4 2016q3/bin/../lib/gcc/arm-none-eabi/5.4.1/../../../../arm-none-eabi/lib/armv7e-m\libg.a(lib_a-vfprintf.o)
 .rodata.str1.4
                0x0800e830       0x10 d:/ebs/5.4 2016q3/bin/../lib/gcc/arm-none-eabi/5.4.1/../../../../arm-none-eabi/lib/armv7e-m\libg.a(lib_a-dtoa.o)
                                 0x12 (size before relaxing)
 .rodata.__mprec_tens
                0x0800e840       0xc8 d:/ebs/5.4 2016q3/bin/../lib/gcc/arm-none-eabi/5.4.1/../../../../arm-none-eabi/lib/armv7e-m\libg.a(lib_a-mprec.o)
                0x0800e840                __mprec_tens
 .rodata.p05.6085
                0x0800e908        0xc d:/ebs/5.4 2016q3/bin/../lib/gcc/arm-none-eabi/5.4.1/../../../../arm-none-eabi/lib/armv7e-m\libg.a(lib_a-mprec.o)
 *fill*         0x0800e914        0x4 
 .rodata.__mprec_bigtens
                0x0800e918       0x28 d:/ebs/5.4 2016q3/bin/../lib/gcc/arm-none-eabi/5.4.1/../../../../arm-none-eabi/lib/armv7e-m\libg.a(lib_a-mprec.o)
                0x0800e918                __mprec_bigtens
 .rodata.str1.4
                0x0800e940       0x10 d:/ebs/5.4 2016q3/bin/../lib/gcc/arm-none-eabi/5.4.1/../../../../arm-none-eabi/lib/armv7e-m\libg.a(lib_a-locale.o)
                                 0x12 (size before relaxing)
 .rodata._ctype_
                0x0800e950      0x101 d:/ebs/5.4 2016q3/bin/../lib/gcc/arm-none-eabi/5.4.1/../../../../arm-none-eabi/lib/armv7e-m\libg.a(lib_a-ctype_.o)
                0x0800e950                _ctype_
                0x0800ea54                . = ALIGN (0x4)
 *fill*         0x0800ea51        0x3 

.ARM.extab
 *(.ARM.extab* .gnu.linkonce.armextab.*)

.ARM            0x0800ea54        0x8
                0x0800ea54                __exidx_start = .
 *(.ARM.exidx*)
 .ARM.exidx     0x0800ea54        0x8 d:/ebs/5.4 2016q3/bin/../lib/gcc/arm-none-eabi/5.4.1/armv7e-m\libgcc.a(_udivmoddi4.o)
                0x0800ea5c                __exidx_end = .

.rel.dyn        0x0800ea5c        0x0
 .rel.iplt      0x0800ea5c        0x0 app.o

.preinit_array  0x0800ea5c        0x0
                0x0800ea5c                PROVIDE (__preinit_array_start, .)
 *(.preinit_array*)
                0x0800ea5c                PROVIDE (__preinit_array_end, .)

.init_array     0x0800ea5c        0x0
                0x0800ea5c                PROVIDE (__init_array_start, .)
 *(SORT(.init_array.*))
 *(.init_array*)
                0x0800ea5c                PROVIDE (__init_array_end, .)

.fini_array     0x0800ea5c        0x0
                [!provide]                PROVIDE (__fini_array_start, .)
 *(SORT(.fini_array.*))
 *(.fini_array*)
                [!provide]                PROVIDE (__fini_array_end, .)
                0x0800ea5c                _sidata = LOADADDR (.data)

.data           0x20000000      0x9e0 load address 0x0800ea5c
                0x20000000                . = ALIGN (0x4)
                0x20000000                _sdata = .
 *(.data)
 *(.data*)
 .data.mcp23s08_addr
                0x20000000        0x1 mcp23s08_drv.o
                0x20000000                mcp23s08_addr
 .data.Start_of_Packet
                0x20000001        0x1 ./BSP/bsp_int.o
 .data.End_of_Packet
                0x20000002        0x1 ./BSP/bsp_int.o
 *fill*         0x20000003        0x1 
 .data.servo_config
                0x20000004        0xc ./BSP/bsp_gpio.o
                0x20000004                servo_config
 .data.gpio_config
                0x20000010        0xc ./BSP/bsp_gpio.o
                0x20000010                gpio_config
 .data.spi_config
                0x2000001c        0x8 ./BSP/bsp_spi.o
                0x2000001c                spi_config
 .data.uart_config
                0x20000024        0xc ./BSP/bsp_uart.o
                0x20000024                uart_config
 .data.SystemCoreClock
                0x20000030        0x4 ../CMSIS/CMSIS/Infineon/XMC4500_series/Source/System_XMC4500.o
                0x20000030                SystemCoreClock
 *fill*         0x20000034        0x4 
 .data.impure_data
                0x20000038      0x428 d:/ebs/5.4 2016q3/bin/../lib/gcc/arm-none-eabi/5.4.1/../../../../arm-none-eabi/lib/armv7e-m\libg.a(lib_a-impure.o)
 .data._impure_ptr
                0x20000460        0x4 d:/ebs/5.4 2016q3/bin/../lib/gcc/arm-none-eabi/5.4.1/../../../../arm-none-eabi/lib/armv7e-m\libg.a(lib_a-impure.o)
                0x20000460                _impure_ptr
 .data.__malloc_av_
                0x20000464      0x408 d:/ebs/5.4 2016q3/bin/../lib/gcc/arm-none-eabi/5.4.1/../../../../arm-none-eabi/lib/armv7e-m\libg.a(lib_a-mallocr.o)
                0x20000464                __malloc_av_
 .data.__malloc_trim_threshold
                0x2000086c        0x4 d:/ebs/5.4 2016q3/bin/../lib/gcc/arm-none-eabi/5.4.1/../../../../arm-none-eabi/lib/armv7e-m\libg.a(lib_a-mallocr.o)
                0x2000086c                __malloc_trim_threshold
 .data.__malloc_sbrk_base
                0x20000870        0x4 d:/ebs/5.4 2016q3/bin/../lib/gcc/arm-none-eabi/5.4.1/../../../../arm-none-eabi/lib/armv7e-m\libg.a(lib_a-mallocr.o)
                0x20000870                __malloc_sbrk_base
 .data.__global_locale
                0x20000874      0x16c d:/ebs/5.4 2016q3/bin/../lib/gcc/arm-none-eabi/5.4.1/../../../../arm-none-eabi/lib/armv7e-m\libg.a(lib_a-locale.o)
                0x20000874                __global_locale
                0x200009e0                . = ALIGN (0x4)
                0x200009e0                _edata = .

.igot.plt       0x200009e0        0x0 load address 0x0800f43c
 .igot.plt      0x200009e0        0x0 app.o
                0x200009e0                . = ALIGN (0x4)

.bss            0x200009e0     0x2e6c load address 0x0800f43c
                0x200009e0                _sbss = .
                0x200009e0                __bss_start__ = _sbss
 *(.bss)
 *(.bss*)
 .bss.AppStartTaskStk
                0x200009e0      0x400 app.o
 .bss.AppStartTaskTCB
                0x20000de0       0xc0 app.o
 .bss.AppTaskComStk
                0x20000ea0      0x400 app.o
 .bss.AppTaskEndstopsStk
                0x200012a0      0x400 app.o
 .bss.AppTaskServoStk
                0x200016a0      0x400 app.o
 .bss.AppTaskComTCB
                0x20001aa0       0xc0 app.o
 .bss.AppTaskEndstopsTCB
                0x20001b60       0xc0 app.o
 .bss.AppTaskServoTCB
                0x20001c20       0xc0 app.o
 .bss.mcp23s08_nop
                0x20001ce0        0x1 mcp23s08_drv.o
                0x20001ce0                mcp23s08_nop
 *fill*         0x20001ce1        0x7 
 .bss.x_steps   0x20001ce8        0x8 mcp23s08_drv.o
                0x20001ce8                x_steps
 .bss.y_steps   0x20001cf0        0x8 mcp23s08_drv.o
                0x20001cf0                y_steps
 .bss.BSP_IntVectTbl
                0x20001cf8      0x1c0 ./BSP/bsp_int.o
 .bss.msg_receiving.10369
                0x20001eb8        0x1 ./BSP/bsp_int.o
 *fill*         0x20001eb9        0x3 
 .bss.RxDataPtr.10367
                0x20001ebc        0x4 ./BSP/bsp_int.o
 .bss.RxDataCtr.10368
                0x20001ec0        0x4 ./BSP/bsp_int.o
 .bss.heap.4607