xmc_scu.h:224:22:XMC_SCU_SetCcuTriggerHigh	16	static
xmc_scu.h:249:22:XMC_SCU_SetCcuTriggerLow	16	static
xmc_ccu4.h:1939:22:XMC_CCU4_SLICE_ClearEvent	16	static
bsp_int.c:55:7:BSP_IntClr	16	static
bsp_int.c:65:7:BSP_IntDis	16	static
bsp_int.c:78:7:BSP_IntDisAll	8	static
bsp_int.c:89:7:BSP_IntEn	16	static
bsp_int.c:103:7:BSP_IntVectSet	24	static
bsp_int.c:121:7:BSP_IntPrioSet	24	static
bsp_int.c:139:7:BSP_IntInit	8	static
bsp_int.c:147:13:CCU40_0_IRQHandler	8	static
bsp_int.c:155:13:CCU40_1_IRQHandler	8	static
bsp_int.c:168:15:BSP_IntHandler_Uart_Recive	24	static
bsp_int.c:229:6:BSP_IntHandlerSCU	8	static
bsp_int.c:233:6:BSP_IntHandlerERU0_00	8	static
bsp_int.c:237:6:BSP_IntHandlerERU0_01	8	static
bsp_int.c:241:6:BSP_IntHandlerERU0_02	8	static
bsp_int.c:245:6:BSP_IntHandlerERU0_03	8	static
bsp_int.c:249:6:BSP_IntHandlerERU1_00	8	static
bsp_int.c:253:6:BSP_IntHandlerERU1_01	8	static
bsp_int.c:257:6:BSP_IntHandlerERU1_02	8	static
bsp_int.c:261:6:BSP_IntHandlerERU1_03	8	static
bsp_int.c:265:6:BSP_IntHandlerPMU0_00	8	static
bsp_int.c:269:6:BSP_IntHandlerVADC0_C0_00	8	static
bsp_int.c:273:6:BSP_IntHandlerVADC0_C0_01	8	static
bsp_int.c:277:6:BSP_IntHandlerVADC0_C0_02	8	static
bsp_int.c:281:6:BSP_IntHandlerVADC0_C0_03	8	static
bsp_int.c:285:6:BSP_IntHandlerVADC0_G0_00	8	static
bsp_int.c:289:6:BSP_IntHandlerVADC0_G0_01	8	static
bsp_int.c:293:6:BSP_IntHandlerVADC0_G0_02	8	static
bsp_int.c:297:6:BSP_IntHandlerVADC0_G0_03	8	static
bsp_int.c:301:6:BSP_IntHandlerVADC0_G1_00	8	static
bsp_int.c:305:6:BSP_IntHandlerVADC0_G1_01	8	static
bsp_int.c:309:6:BSP_IntHandlerVADC0_G1_02	8	static
bsp_int.c:313:6:BSP_IntHandlerVADC0_G1_03	8	static
bsp_int.c:317:6:BSP_IntHandlerVADC0_G2_00	8	static
bsp_int.c:321:6:BSP_IntHandlerVADC0_G2_01	8	static
bsp_int.c:325:6:BSP_IntHandlerVADC0_G2_02	8	static
bsp_int.c:329:6:BSP_IntHandlerVADC0_G2_03	8	static
bsp_int.c:333:6:BSP_IntHandlerVADC0_G3_00	8	static
bsp_int.c:337:6:BSP_IntHandlerVADC0_G3_01	8	static
bsp_int.c:341:6:BSP_IntHandlerVADC0_G3_02	8	static
bsp_int.c:345:6:BSP_IntHandlerVADC0_G3_03	8	static
bsp_int.c:349:6:BSP_IntHandlerDSD0_00	8	static
bsp_int.c:353:6:BSP_IntHandlerDSD0_01	8	static
bsp_int.c:357:6:BSP_IntHandlerDSD0_02	8	static
bsp_int.c:361:6:BSP_IntHandlerDSD0_03	8	static
bsp_int.c:365:6:BSP_IntHandlerDSD0_04	8	static
bsp_int.c:369:6:BSP_IntHandlerDSD0_05	8	static
bsp_int.c:373:6:BSP_IntHandlerDSD0_06	8	static
bsp_int.c:377:6:BSP_IntHandlerDSD0_07	8	static
bsp_int.c:381:6:BSP_IntHandlerDAC0_00	8	static
bsp_int.c:385:6:BSP_IntHandlerDAC0_01	8	static
bsp_int.c:389:6:BSP_IntHandlerCCU40_00	8	static
bsp_int.c:393:6:BSP_IntHandlerCCU40_01	8	static
bsp_int.c:397:6:BSP_IntHandlerCCU40_02	8	static
bsp_int.c:401:6:BSP_IntHandlerCCU40_03	8	static
bsp_int.c:405:6:BSP_IntHandlerCCU41_00	8	static
bsp_int.c:409:6:BSP_IntHandlerCCU41_01	8	static
bsp_int.c:413:6:BSP_IntHandlerCCU41_02	8	static
bsp_int.c:417:6:BSP_IntHandlerCCU41_03	8	static
bsp_int.c:421:6:BSP_IntHandlerCCU42_00	8	static
bsp_int.c:425:6:BSP_IntHandlerCCU42_01	8	static
bsp_int.c:429:6:BSP_IntHandlerCCU42_02	8	static
bsp_int.c:433:6:BSP_IntHandlerCCU42_03	8	static
bsp_int.c:437:6:BSP_IntHandlerCCU43_00	8	static
bsp_int.c:441:6:BSP_IntHandlerCCU43_01	8	static
bsp_int.c:445:6:BSP_IntHandlerCCU43_02	8	static
bsp_int.c:449:6:BSP_IntHandlerCCU43_03	8	static
bsp_int.c:453:6:BSP_IntHandlerCCU80_00	8	static
bsp_int.c:457:6:BSP_IntHandlerCCU80_01	8	static
bsp_int.c:461:6:BSP_IntHandlerCCU80_02	8	static
bsp_int.c:465:6:BSP_IntHandlerCCU80_03	8	static
bsp_int.c:469:6:BSP_IntHandlerCCU81_00	8	static
bsp_int.c:473:6:BSP_IntHandlerCCU81_01	8	static
bsp_int.c:477:6:BSP_IntHandlerCCU81_02	8	static
bsp_int.c:481:6:BSP_IntHandlerCCU81_03	8	static
bsp_int.c:485:6:BSP_IntHandlerPOSIF0_00	8	static
bsp_int.c:489:6:BSP_IntHandlerPOSIF0_01	8	static
bsp_int.c:493:6:BSP_IntHandlerPOSIF1_00	8	static
bsp_int.c:497:6:BSP_IntHandlerPOSIF1_01	8	static
bsp_int.c:501:6:BSP_IntHandlerCAN0_00	8	static
bsp_int.c:505:6:BSP_IntHandlerCAN0_01	8	static
bsp_int.c:509:6:BSP_IntHandlerCAN0_02	8	static
bsp_int.c:513:6:BSP_IntHandlerCAN0_03	8	static
bsp_int.c:517:6:BSP_IntHandlerCAN0_04	8	static
bsp_int.c:521:6:BSP_IntHandlerCAN0_05	8	static
bsp_int.c:525:6:BSP_IntHandlerCAN0_06	8	static
bsp_int.c:529:6:BSP_IntHandlerCAN0_07	8	static
bsp_int.c:533:6:BSP_IntHandlerUSIC0_00	8	static
bsp_int.c:537:6:BSP_IntHandlerUSIC0_01	8	static
bsp_int.c:541:6:BSP_IntHandlerUSIC0_02	8	static
bsp_int.c:545:6:BSP_IntHandlerUSIC0_03	8	static
bsp_int.c:549:6:BSP_IntHandlerUSIC0_04	8	static
bsp_int.c:553:6:BSP_IntHandlerUSIC0_05	8	static
bsp_int.c:557:6:BSP_IntHandlerUSIC1_00	8	static
bsp_int.c:561:6:BSP_IntHandlerUSIC1_01	8	static
bsp_int.c:565:6:BSP_IntHandlerUSIC1_02	8	static
bsp_int.c:569:6:BSP_IntHandlerUSIC1_03	8	static
bsp_int.c:573:6:BSP_IntHandlerUSIC1_04	8	static
bsp_int.c:577:6:BSP_IntHandlerUSIC1_05	8	static
bsp_int.c:581:6:BSP_IntHandlerUSIC2_00	8	static
bsp_int.c:585:6:BSP_IntHandlerUSIC2_01	8	static
bsp_int.c:589:6:BSP_IntHandlerUSIC2_02	8	static
bsp_int.c:593:6:BSP_IntHandlerUSIC2_03	8	static
bsp_int.c:597:6:BSP_IntHandlerUSIC2_04	8	static
bsp_int.c:601:6:BSP_IntHandlerUSIC2_05	8	static
bsp_int.c:605:6:BSP_IntHandlerLEDTS0_00	8	static
bsp_int.c:609:6:BSP_IntHandlerFCE0_00	8	static
bsp_int.c:613:6:BSP_IntHandlerGPDMA0_00	8	static
bsp_int.c:617:6:BSP_IntHandlerSDMMC0_00	8	static
bsp_int.c:621:6:BSP_IntHandlerUSB0_00	8	static
bsp_int.c:625:6:BSP_IntHandlerETH0_00	8	static
bsp_int.c:629:6:BSP_IntHandlerGPDMA1_00	8	static
bsp_int.c:640:15:BSP_IntHandler	24	static
