xmc_scu.h:224:22:XMC_SCU_SetCcuTriggerHigh	16	static
xmc_scu.h:249:22:XMC_SCU_SetCcuTriggerLow	16	static
xmc_ccu4.h:1939:22:XMC_CCU4_SLICE_ClearEvent	16	static
bsp_int.c:55:7:BSP_IntClr	16	static
bsp_int.c:65:7:BSP_IntDis	16	static
bsp_int.c:78:7:BSP_IntDisAll	8	static
bsp_int.c:89:7:BSP_IntEn	16	static
bsp_int.c:103:7:BSP_IntVectSet	24	static
bsp_int.c:121:7:BSP_IntPrioSet	24	static
bsp_int.c:139:7:BSP_IntInit	8	static
bsp_int.c:147:13:CCU40_0_IRQHandler	8	static
bsp_int.c:156:13:CCU40_1_IRQHandler	8	static
bsp_int.c:170:15:BSP_IntHandler_Uart_Recive	24	static
bsp_int.c:231:6:BSP_IntHandlerSCU	8	static
bsp_int.c:235:6:BSP_IntHandlerERU0_00	8	static
bsp_int.c:239:6:BSP_IntHandlerERU0_01	8	static
bsp_int.c:243:6:BSP_IntHandlerERU0_02	8	static
bsp_int.c:247:6:BSP_IntHandlerERU0_03	8	static
bsp_int.c:251:6:BSP_IntHandlerERU1_00	8	static
bsp_int.c:255:6:BSP_IntHandlerERU1_01	8	static
bsp_int.c:259:6:BSP_IntHandlerERU1_02	8	static
bsp_int.c:263:6:BSP_IntHandlerERU1_03	8	static
bsp_int.c:267:6:BSP_IntHandlerPMU0_00	8	static
bsp_int.c:271:6:BSP_IntHandlerVADC0_C0_00	8	static
bsp_int.c:275:6:BSP_IntHandlerVADC0_C0_01	8	static
bsp_int.c:279:6:BSP_IntHandlerVADC0_C0_02	8	static
bsp_int.c:283:6:BSP_IntHandlerVADC0_C0_03	8	static
bsp_int.c:287:6:BSP_IntHandlerVADC0_G0_00	8	static
bsp_int.c:291:6:BSP_IntHandlerVADC0_G0_01	8	static
bsp_int.c:295:6:BSP_IntHandlerVADC0_G0_02	8	static
bsp_int.c:299:6:BSP_IntHandlerVADC0_G0_03	8	static
bsp_int.c:303:6:BSP_IntHandlerVADC0_G1_00	8	static
bsp_int.c:307:6:BSP_IntHandlerVADC0_G1_01	8	static
bsp_int.c:311:6:BSP_IntHandlerVADC0_G1_02	8	static
bsp_int.c:315:6:BSP_IntHandlerVADC0_G1_03	8	static
bsp_int.c:319:6:BSP_IntHandlerVADC0_G2_00	8	static
bsp_int.c:323:6:BSP_IntHandlerVADC0_G2_01	8	static
bsp_int.c:327:6:BSP_IntHandlerVADC0_G2_02	8	static
bsp_int.c:331:6:BSP_IntHandlerVADC0_G2_03	8	static
bsp_int.c:335:6:BSP_IntHandlerVADC0_G3_00	8	static
bsp_int.c:339:6:BSP_IntHandlerVADC0_G3_01	8	static
bsp_int.c:343:6:BSP_IntHandlerVADC0_G3_02	8	static
bsp_int.c:347:6:BSP_IntHandlerVADC0_G3_03	8	static
bsp_int.c:351:6:BSP_IntHandlerDSD0_00	8	static
bsp_int.c:355:6:BSP_IntHandlerDSD0_01	8	static
bsp_int.c:359:6:BSP_IntHandlerDSD0_02	8	static
bsp_int.c:363:6:BSP_IntHandlerDSD0_03	8	static
bsp_int.c:367:6:BSP_IntHandlerDSD0_04	8	static
bsp_int.c:371:6:BSP_IntHandlerDSD0_05	8	static
bsp_int.c:375:6:BSP_IntHandlerDSD0_06	8	static
bsp_int.c:379:6:BSP_IntHandlerDSD0_07	8	static
bsp_int.c:383:6:BSP_IntHandlerDAC0_00	8	static
bsp_int.c:387:6:BSP_IntHandlerDAC0_01	8	static
bsp_int.c:391:6:BSP_IntHandlerCCU40_00	8	static
bsp_int.c:395:6:BSP_IntHandlerCCU40_01	8	static
bsp_int.c:399:6:BSP_IntHandlerCCU40_02	8	static
bsp_int.c:403:6:BSP_IntHandlerCCU40_03	8	static
bsp_int.c:407:6:BSP_IntHandlerCCU41_00	8	static
bsp_int.c:411:6:BSP_IntHandlerCCU41_01	8	static
bsp_int.c:415:6:BSP_IntHandlerCCU41_02	8	static
bsp_int.c:419:6:BSP_IntHandlerCCU41_03	8	static
bsp_int.c:423:6:BSP_IntHandlerCCU42_00	8	static
bsp_int.c:427:6:BSP_IntHandlerCCU42_01	8	static
bsp_int.c:431:6:BSP_IntHandlerCCU42_02	8	static
bsp_int.c:435:6:BSP_IntHandlerCCU42_03	8	static
bsp_int.c:439:6:BSP_IntHandlerCCU43_00	8	static
bsp_int.c:443:6:BSP_IntHandlerCCU43_01	8	static
bsp_int.c:447:6:BSP_IntHandlerCCU43_02	8	static
bsp_int.c:451:6:BSP_IntHandlerCCU43_03	8	static
bsp_int.c:455:6:BSP_IntHandlerCCU80_00	8	static
bsp_int.c:459:6:BSP_IntHandlerCCU80_01	8	static
bsp_int.c:463:6:BSP_IntHandlerCCU80_02	8	static
bsp_int.c:467:6:BSP_IntHandlerCCU80_03	8	static
bsp_int.c:471:6:BSP_IntHandlerCCU81_00	8	static
bsp_int.c:475:6:BSP_IntHandlerCCU81_01	8	static
bsp_int.c:479:6:BSP_IntHandlerCCU81_02	8	static
bsp_int.c:483:6:BSP_IntHandlerCCU81_03	8	static
bsp_int.c:487:6:BSP_IntHandlerPOSIF0_00	8	static
bsp_int.c:491:6:BSP_IntHandlerPOSIF0_01	8	static
bsp_int.c:495:6:BSP_IntHandlerPOSIF1_00	8	static
bsp_int.c:499:6:BSP_IntHandlerPOSIF1_01	8	static
bsp_int.c:503:6:BSP_IntHandlerCAN0_00	8	static
bsp_int.c:507:6:BSP_IntHandlerCAN0_01	8	static
bsp_int.c:511:6:BSP_IntHandlerCAN0_02	8	static
bsp_int.c:515:6:BSP_IntHandlerCAN0_03	8	static
bsp_int.c:519:6:BSP_IntHandlerCAN0_04	8	static
bsp_int.c:523:6:BSP_IntHandlerCAN0_05	8	static
bsp_int.c:527:6:BSP_IntHandlerCAN0_06	8	static
bsp_int.c:531:6:BSP_IntHandlerCAN0_07	8	static
bsp_int.c:535:6:BSP_IntHandlerUSIC0_00	8	static
bsp_int.c:539:6:BSP_IntHandlerUSIC0_01	8	static
bsp_int.c:543:6:BSP_IntHandlerUSIC0_02	8	static
bsp_int.c:547:6:BSP_IntHandlerUSIC0_03	8	static
bsp_int.c:551:6:BSP_IntHandlerUSIC0_04	8	static
bsp_int.c:555:6:BSP_IntHandlerUSIC0_05	8	static
bsp_int.c:559:6:BSP_IntHandlerUSIC1_00	8	static
bsp_int.c:563:6:BSP_IntHandlerUSIC1_01	8	static
bsp_int.c:567:6:BSP_IntHandlerUSIC1_02	8	static
bsp_int.c:571:6:BSP_IntHandlerUSIC1_03	8	static
bsp_int.c:575:6:BSP_IntHandlerUSIC1_04	8	static
bsp_int.c:579:6:BSP_IntHandlerUSIC1_05	8	static
bsp_int.c:583:6:BSP_IntHandlerUSIC2_00	8	static
bsp_int.c:587:6:BSP_IntHandlerUSIC2_01	8	static
bsp_int.c:591:6:BSP_IntHandlerUSIC2_02	8	static
bsp_int.c:595:6:BSP_IntHandlerUSIC2_03	8	static
bsp_int.c:599:6:BSP_IntHandlerUSIC2_04	8	static
bsp_int.c:603:6:BSP_IntHandlerUSIC2_05	8	static
bsp_int.c:607:6:BSP_IntHandlerLEDTS0_00	8	static
bsp_int.c:611:6:BSP_IntHandlerFCE0_00	8	static
bsp_int.c:615:6:BSP_IntHandlerGPDMA0_00	8	static
bsp_int.c:619:6:BSP_IntHandlerSDMMC0_00	8	static
bsp_int.c:623:6:BSP_IntHandlerUSB0_00	8	static
bsp_int.c:627:6:BSP_IntHandlerETH0_00	8	static
bsp_int.c:631:6:BSP_IntHandlerGPDMA1_00	8	static
bsp_int.c:642:15:BSP_IntHandler	24	static
